Archive member included to satisfy reference by file (symbol)

contiki-native.a(contiki-main.o)
                              /usr/lib/gcc/i686-linux-gnu/4.8/../../../i386-linux-gnu/crt1.o (main)
contiki-native.a(button-sensor.o)
                              contiki-native.a(contiki-main.o) (button_sensor)
contiki-native.a(pir-sensor.o)
                              contiki-native.a(contiki-main.o) (pir_sensor)
contiki-native.a(vib-sensor.o)
                              contiki-native.a(contiki-main.o) (vib_sensor)
contiki-native.a(sensors.o)   contiki-native.a(button-sensor.o) (sensors_changed)
contiki-native.a(autostart.o)
                              contiki-native.a(contiki-main.o) (autostart_start)
contiki-native.a(ctimer.o)    contiki-native.a(contiki-main.o) (ctimer_init)
contiki-native.a(etimer.o)    contiki-native.a(contiki-main.o) (etimer_request_poll)
contiki-native.a(process.o)   contiki-native.a(ctimer.o) (process_current)
contiki-native.a(rtimer.o)    contiki-native.a(contiki-main.o) (rtimer_init)
contiki-native.a(timer.o)     contiki-native.a(etimer.o) (timer_set)
contiki-native.a(serial-line.o)
                              contiki-native.a(contiki-main.o) (serial_line_input_byte)
contiki-native.a(list.o)      contiki-native.a(ctimer.o) (list_init)
contiki-native.a(ringbuf.o)   contiki-native.a(serial-line.o) (ringbuf_init)
contiki-native.a(uip6.o)      contiki-native.a(contiki-main.o) (uip_lladdr)
contiki-native.a(uip-ds6.o)   contiki-native.a(uip6.o) (uip_ds6_is_addr_onlink)
contiki-native.a(uip-ds6-nbr.o)
                              contiki-native.a(uip-ds6.o) (uip_ds6_neighbors_init)
contiki-native.a(uip-ds6-route.o)
                              contiki-native.a(uip-ds6.o) (uip_ds6_route_init)
contiki-native.a(uip-icmp6.o)
                              contiki-native.a(uip6.o) (uip_icmp6_input)
contiki-native.a(uip-nd6.o)   contiki-native.a(uip-ds6-nbr.o) (uip_nd6_ns_output)
contiki-native.a(tcpip.o)     contiki-native.a(uip6.o) (tcpip_icmp6_call)
contiki-native.a(uip-debug.o)
                              contiki-native.a(uip-ds6-route.o) (uip_debug_ipaddr_print)
contiki-native.a(uip-packetqueue)
                              contiki-native.a(uip-ds6-nbr.o) (uip_packetqueue_new)
contiki-native.a(rpl.o)       contiki-native.a(uip-ds6-nbr.o) (rpl_link_neighbor_callback)
contiki-native.a(rpl-dag.o)   contiki-native.a(rpl.o) (default_instance)
contiki-native.a(rpl-ext-header.)
                              contiki-native.a(uip6.o) (rpl_verify_header)
contiki-native.a(rpl-icmp6.o)
                              contiki-native.a(rpl.o) (dao_output_target)
contiki-native.a(rpl-mrhof.o)
                              contiki-native.a(rpl.o) (rpl_mrhof)
contiki-native.a(rpl-timers.o)
                              contiki-native.a(rpl.o) (rpl_reset_periodic_timer)
contiki-native.a(linkaddr.o)  contiki-native.a(uip-ds6-nbr.o) (linkaddr_cmp)
contiki-native.a(nbr-table.o)
                              contiki-native.a(uip-ds6-nbr.o) (nbr_table_register)
contiki-native.a(netstack.o)  contiki-native.a(contiki-main.o) (netstack_init)
contiki-native.a(packetbuf.o)
                              contiki-native.a(uip-ds6-nbr.o) (packetbuf_addr)
contiki-native.a(queuebuf.o)  contiki-native.a(contiki-main.o) (queuebuf_init)
contiki-native.a(nullmac.o)   contiki-native.a(contiki-main.o) (nullmac_driver)
contiki-native.a(nullrdc.o)   contiki-native.a(contiki-main.o) (nullrdc_driver)
contiki-native.a(nullsec.o)   contiki-native.a(nullmac.o) (nullsec_driver)
contiki-native.a(sicslowpan.o)
                              contiki-native.a(contiki-main.o) (sicslowpan_driver)
contiki-native.a(clock.o)     contiki-native.a(etimer.o) (clock_time)
contiki-native.a(rtimer-arch.o)
                              contiki-native.a(rtimer.o) (rtimer_arch_init)
contiki-native.a(watchdog.o)  contiki-native.a(sicslowpan.o) (watchdog_periodic)
contiki-native.a(stimer.o)    contiki-native.a(uip-ds6.o) (stimer_set)
contiki-native.a(nullradio.o)
                              contiki-native.a(netstack.o) (nullradio_driver)
contiki-native.a(memb.o)      contiki-native.a(uip-ds6-route.o) (memb_init)
contiki-native.a(random.o)    contiki-native.a(uip-ds6.o) (random_rand)
contiki-native.a(framer-802154.o)
                              contiki-native.a(nullrdc.o) (framer_802154)
contiki-native.a(framer.o)    contiki-native.a(framer-802154.o) (framer_canonical_create_and_secure)
contiki-native.a(mac.o)       contiki-native.a(nullrdc.o) (mac_call_sent_callback)
contiki-native.a(frame802154.o)
                              contiki-native.a(framer-802154.o) (frame802154_hdrlen)
/usr/lib/i386-linux-gnu/libc_nonshared.a(elf-init.oS)
                              /usr/lib/gcc/i686-linux-gnu/4.8/../../../i386-linux-gnu/crt1.o (__libc_csu_init)

Allocating common symbols
Common symbol       size              file

default_instance    0x4               contiki-native.a(rpl-dag.o)
uip_ds6_prefix_list
[...]
Memory Configuration

Name             Origin             Length             Attributes
*default*        0x0000000000000000 0xffffffffffffffff

Linker script and memory map

LOAD /usr/lib/gcc/i686-linux-gnu/4.8/../../../i386-linux-gnu/crt1.o
LOAD /usr/lib/gcc/i686-linux-gnu/4.8/../../../i386-linux-gnu/crti.o
LOAD /usr/lib/gcc/i686-linux-gnu/4.8/crtbegin.o
LOAD hello-world.co
LOAD contiki-native.a
LOAD /usr/lib/gcc/i686-linux-gnu/4.8/../../../i386-linux-gnu/libncurses.so
LOAD /lib/i386-linux-gnu/libncurses.so.5
LOAD /usr/lib/gcc/i686-linux-gnu/4.8/../../../i386-linux-gnu/libtinfo.so
LOAD /usr/lib/gcc/i686-linux-gnu/4.8/libgcc.a
LOAD /usr/lib/gcc/i686-linux-gnu/4.8/libgcc_s.so
LOAD /usr/lib/gcc/i686-linux-gnu/4.8/../../../i386-linux-gnu/libc.so
START GROUP
LOAD /lib/i386-linux-gnu/libc.so.6
LOAD /usr/lib/i386-linux-gnu/libc_nonshared.a
LOAD /lib/i386-linux-gnu/ld-linux.so.2
END GROUP
LOAD /usr/lib/gcc/i686-linux-gnu/4.8/libgcc.a
LOAD /usr/lib/gcc/i686-linux-gnu/4.8/libgcc_s.so
LOAD /usr/lib/gcc/i686-linux-gnu/4.8/crtend.o
LOAD /usr/lib/gcc/i686-linux-gnu/4.8/../../../i386-linux-gnu/crtn.o
                0x0000000008048000                PROVIDE (__executable_start, 0x8048000)
                0x0000000008048154                . = (0x8048000 + SIZEOF_HEADERS)

.interp         0x0000000008048154       0x13
 *(.interp)
 .interp        0x0000000008048154       0x13 /usr/lib/gcc/i686-linux-gnu/4.8/../../../i386-linux-gnu/crt1.o

.note.ABI-tag   0x0000000008048168       0x20
 .note.ABI-tag  0x0000000008048168       0x20 /usr/lib/gcc/i686-linux-gnu/4.8/../../../i386-linux-gnu/crt1.o

.note.gnu.build-id
                0x0000000008048188       0x24
 *(.note.gnu.build-id)
 .note.gnu.build-id
                0x0000000008048188       0x24 /usr/lib/gcc/i686-linux-gnu/4.8/../../../i386-linux-gnu/crt1.o

.hash
 *(.hash)

.gnu.hash       0x00000000080481ac      0xc34
 *(.gnu.hash)
 .gnu.hash      0x00000000080481ac      0xc34 /usr/lib/gcc/i686-linux-gnu/4.8/../../../i386-linux-gnu/crt1.o

.dynsym         0x0000000008048de0     0x19f0
 *(.dynsym)
 .dynsym        0x0000000008048de0     0x19f0 /usr/lib/gcc/i686-linux-gnu/4.8/../../../i386-linux-gnu/crt1.o

.dynstr         0x000000000804a7d0     0x19ea
 *(.dynstr)
 .dynstr        0x000000000804a7d0     0x19ea /usr/lib/gcc/i686-linux-gnu/4.8/../../../i386-linux-gnu/crt1.o

.gnu.version    0x000000000804c1ba      0x33e
 *(.gnu.version)
 .gnu.version   0x000000000804c1ba      0x33e /usr/lib/gcc/i686-linux-gnu/4.8/../../../i386-linux-gnu/crt1.o

.gnu.version_d  0x000000000804c4f8        0x0
 *(.gnu.version_d)
 .gnu.version_d
                0x0000000000000000        0x0 /usr/lib/gcc/i686-linux-gnu/4.8/../../../i386-linux-gnu/crt1.o

.gnu.version_r  0x000000000804c4f8       0x40
 *(.gnu.version_r)
 .gnu.version_r
                0x000000000804c4f8       0x40 /usr/lib/gcc/i686-linux-gnu/4.8/../../../i386-linux-gnu/crt1.o

.rel.dyn        0x000000000804c538       0x18
 *(.rel.init)
 *(.rel.text .rel.text.* .rel.gnu.linkonce.t.*)
 .rel.text      0x0000000000000000        0x0 /usr/lib/gcc/i686-linux-gnu/4.8/../../../i386-linux-gnu/crt1.o
 *(.rel.fini)
 *(.rel.rodata .rel.rodata.* .rel.gnu.linkonce.r.*)
 .rel.rodata    0x0000000000000000        0x0 /usr/lib/gcc/i686-linux-gnu/4.8/../../../i386-linux-gnu/crt1.o
 *(.rel.data.rel.ro .rel.data.rel.ro.* .rel.gnu.linkonce.d.rel.ro.*)
 *(.rel.data .rel.data.* .rel.gnu.linkonce.d.*)
 .rel.data      0x0000000000000000        0x0 /usr/lib/gcc/i686-linux-gnu/4.8/../../../i386-linux-gnu/crt1.o
 *(.rel.tdata .rel.tdata.* .rel.gnu.linkonce.td.*)
 *(.rel.tbss .rel.tbss.* .rel.gnu.linkonce.tb.*)
 *(.rel.ctors)
 *(.rel.dtors)
 *(.rel.got)
 .rel.got       0x000000000804c538        0x8 /usr/lib/gcc/i686-linux-gnu/4.8/../../../i386-linux-gnu/crt1.o
 *(.rel.bss .rel.bss.* .rel.gnu.linkonce.b.*)
 .rel.bss       0x000000000804c540       0x10 /usr/lib/gcc/i686-linux-gnu/4.8/../../../i386-linux-gnu/crt1.o
 *(.rel.ifunc)

.rel.plt        0x000000000804c550       0xc8
 *(.rel.plt)
 .rel.plt       0x000000000804c550       0xc8 /usr/lib/gcc/i686-linux-gnu/4.8/../../../i386-linux-gnu/crt1.o
                0x000000000804c618                PROVIDE (__rel_iplt_start, .)
 *(.rel.iplt)
 .rel.iplt      0x0000000000000000        0x0 /usr/lib/gcc/i686-linux-gnu/4.8/../../../i386-linux-gnu/crt1.o
                0x000000000804c618                PROVIDE (__rel_iplt_end, .)

.init           0x000000000804c618       0x23
 *(SORT(.init))
 .init          0x000000000804c618       0x1e /usr/lib/gcc/i686-linux-gnu/4.8/../../../i386-linux-gnu/crti.o
                0x000000000804c618                _init
 .init          0x000000000804c636        0x5 /usr/lib/gcc/i686-linux-gnu/4.8/../../../i386-linux-gnu/crtn.o

.plt            0x000000000804c640      0x1a0
 *(.plt)
 .plt           0x000000000804c640      0x1a0 /usr/lib/gcc/i686-linux-gnu/4.8/../../../i386-linux-gnu/crt1.o
                0x000000000804c650                setitimer@@GLIBC_2.0
                0x000000000804c660                read@@GLIBC_2.0
                0x000000000804c670                memmove@@GLIBC_2.0
                0x000000000804c680                memcpy@@GLIBC_2.0
                0x000000000804c690                signal@@GLIBC_2.0
                0x000000000804c6a0                memcmp@@GLIBC_2.0
                0x000000000804c6b0                gettimeofday@@GLIBC_2.0
                0x000000000804c6c0                select@@GLIBC_2.0
                0x000000000804c6d0                __stack_chk_fail@@GLIBC_2.4
                0x000000000804c6e0                perror@@GLIBC_2.0
                0x000000000804c6f0                puts@@GLIBC_2.0
                0x000000000804c700                __memmove_chk@@GLIBC_2.3.4
                0x000000000804c710                __memcpy_chk@@GLIBC_2.3.4
                0x000000000804c730                exit@@GLIBC_2.0
                0x000000000804c740                srand@@GLIBC_2.0
                0x000000000804c750                __libc_start_main@@GLIBC_2.0
                0x000000000804c760                setvbuf@@GLIBC_2.0
                0x000000000804c770                memset@@GLIBC_2.0
                0x000000000804c780                putchar@@GLIBC_2.0
                0x000000000804c790                __errno_location@@GLIBC_2.0
                0x000000000804c7a0                rand@@GLIBC_2.0
                0x000000000804c7b0                __printf_chk@@GLIBC_2.3.4
                0x000000000804c7c0                __fprintf_chk@@GLIBC_2.3.4
                0x000000000804c7d0                strncmp@@GLIBC_2.0
 *(.iplt)
 .iplt          0x0000000000000000        0x0 /usr/lib/gcc/i686-linux-gnu/4.8/../../../i386-linux-gnu/crt1.o

.text           0x000000000804c7e0     0xcb92
 *(.text.unlikely .text.*_unlikely .text.unlikely.*)
 *(.text.exit .text.exit.*)
 *(.text.startup .text.startup.*)
 *(.text.hot .text.hot.*)
 *(.text .stub .text.* .gnu.linkonce.t.*)
 .text          0x000000000804c7e0       0x22 /usr/lib/gcc/i686-linux-gnu/4.8/../../../i386-linux-gnu/crt1.o
                0x000000000804c7e0                _start
 .text          0x000000000804c802        0x0 /usr/lib/gcc/i686-linux-gnu/4.8/../../../i386-linux-gnu/crti.o
 *fill*         0x000000000804c802        0xe 
 .gnu.linkonce.t.__x86.get_pc_thunk.bx
                0x000000000804c810        0x4 /usr/lib/gcc/i686-linux-gnu/4.8/../../../i386-linux-gnu/crti.o
                0x000000000804c810                __x86.get_pc_thunk.bx
 *fill*         0x000000000804c814        0xc 
 .text          0x000000000804c820       0xbd /usr/lib/gcc/i686-linux-gnu/4.8/crtbegin.o
 .text          0x000000000804c8dd       0x29 hello-world.co
 *fill*         0x000000000804c906        0xa 
 .text          0x000000000804c910      0x465 contiki-native.a(contiki-main.o)
                0x000000000804c95a                select_set_callback
                0x000000000804c9f9                main
                0x000000000804cd15                log_message
                0x000000000804cd49                uip_log
 .text          0x000000000804cd75       0x25 contiki-native.a(button-sensor.o)
                0x000000000804cd87                button_press
 .text          0x000000000804cd9a       0x2f contiki-native.a(pir-sensor.o)
                0x000000000804cdac                pir_sensor_changed
 .text          0x000000000804cdc9       0x2c contiki-native.a(vib-sensor.o)
                0x000000000804cddb                vib_sensor_changed
 *fill*         0x000000000804cdf5        0xb 
 .text          0x000000000804ce00      0x258 contiki-native.a(sensors.o)
                0x000000000804cf44                sensors_first
                0x000000000804cf4a                sensors_next
                0x000000000804cf8e                sensors_changed
                0x000000000804cfe4                sensors_find
 .text          0x000000000804d058       0x58 contiki-native.a(autostart.o)
                0x000000000804d058                autostart_start
                0x000000000804d088                autostart_exit
 .text          0x000000000804d0b0      0x2aa contiki-native.a(ctimer.o)
                0x000000000804d18c                ctimer_init
                0x000000000804d1ba                ctimer_set
                0x000000000804d225                ctimer_reset
                0x000000000804d26e                ctimer_restart
                0x000000000804d2b7                ctimer_stop
                0x000000000804d2f8                ctimer_expired
 *fill*         0x000000000804d35a        0x6 
 .text          0x000000000804d360      0x2e3 contiki-native.a(etimer.o)
                0x000000000804d3b1                etimer_request_poll
                0x000000000804d52d                etimer_set
                0x000000000804d551                etimer_reset
                0x000000000804d56d                etimer_restart
                0x000000000804d589                etimer_adjust
                0x000000000804d59f                etimer_expired
                0x000000000804d5ae                etimer_expiration_time
                0x000000000804d5b8                etimer_start_time
                0x000000000804d5bf                etimer_pending
                0x000000000804d5cd                etimer_next_expiration_time
                0x000000000804d5e1                etimer_stop
 *fill*         0x000000000804d643        0xd 
 .text          0x000000000804d650      0x3c0 contiki-native.a(process.o)
                0x000000000804d7b8                process_alloc_event
                0x000000000804d7c9                process_exit
                0x000000000804d7df                process_init
                0x000000000804d809                process_run
                0x000000000804d8e8                process_nevents
                0x000000000804d8fc                process_post
                0x000000000804d962                process_post_synch
                0x000000000804d989                process_start
                0x000000000804d9e0                process_poll
                0x000000000804da01                process_is_running
 .text          0x000000000804da10       0x89 contiki-native.a(rtimer.o)
                0x000000000804da10                rtimer_init
                0x000000000804da1c                rtimer_set
                0x000000000804da5d                rtimer_run_next
 .text          0x000000000804da99       0x72 contiki-native.a(timer.o)
                0x000000000804da99                timer_set
                0x000000000804dab4                timer_reset
                0x000000000804dabe                timer_restart
                0x000000000804dad0                timer_expired
                0x000000000804daf0                timer_remaining
 .text          0x000000000804db0b      0x1b0 contiki-native.a(serial-line.o)
                0x000000000804dc11                serial_line_input_byte
                0x000000000804dc84                serial_line_init
 *fill*         0x000000000804dcbb        0x5 
 .text          0x000000000804dcc0      0x171 contiki-native.a(list.o)
                0x000000000804dcc0                list_init
                0x000000000804dccb                list_head
                0x000000000804dcd2                list_copy
                0x000000000804dcdf                list_tail
                0x000000000804dcfa                list_chop
                0x000000000804dd2a                list_pop
                0x000000000804dd3a                list_remove
                0x000000000804dd79                list_add
                0x000000000804ddb0                list_push
                0x000000000804ddd5                list_length
                0x000000000804ddf5                list_insert
                0x000000000804de20                list_item_next
 .text          0x000000000804de31       0xc4 contiki-native.a(ringbuf.o)
                0x000000000804de31                ringbuf_init
                0x000000000804de4f                ringbuf_put
                0x000000000804de98                ringbuf_get
                0x000000000804ded4                ringbuf_size
                0x000000000804dee0                ringbuf_elements
 *fill*         0x000000000804def5        0xb 
 .text          0x000000000804df00     0x1c58 contiki-native.a(uip6.o)
                0x000000000804e101                uip_add32
                0x000000000804e1e3                uip_chksum
                0x000000000804e1fb                uip_icmp6chksum
                0x000000000804e207                uip_tcpchksum
                0x000000000804e213                uip_udpchksum
                0x000000000804e21f                uip_init
                0x000000000804e285                uip_connect
                0x000000000804e3e8                remove_ext_hdr
                0x000000000804e476                uip_udp_new
                0x000000000804e59b                uip_unlisten
                0x000000000804e5fa                uip_listen
                0x000000000804e655                uip_process
                0x000000000804fab7                uip_htons
                0x000000000804fac1                uip_htonl
                0x000000000804fadb                uip_send
 *fill*         0x000000000804fb58        0x8 
 .text          0x000000000804fb60      0x996 contiki-native.a(uip-ds6.o)
                0x000000000804fb60                uip_ds6_list_loop
                0x000000000804fbeb                uip_ds6_prefix_add
                0x000000000804fc8b                uip_ds6_prefix_rm
                0x000000000804fc98                uip_ds6_prefix_lookup
                0x000000000804fce2                uip_ds6_is_addr_onlink
                0x000000000804fd45                uip_ds6_addr_lookup
                0x000000000804fd8e                uip_ds6_get_link_local
                0x000000000804fdd6                uip_ds6_get_global
                0x000000000804fe1e                uip_ds6_maddr_add
                0x000000000804fe90                uip_ds6_addr_add
                0x000000000804ffa8                uip_ds6_maddr_rm
                0x000000000804ffb5                uip_ds6_maddr_lookup
                0x000000000804fffe                uip_ds6_addr_rm
                0x0000000008050089                uip_ds6_periodic
                0x00000000080500f0                uip_ds6_aaddr_add
                0x0000000008050162                uip_ds6_aaddr_rm
                0x000000000805016f                uip_ds6_aaddr_lookup
                0x00000000080501b8                uip_ds6_set_addr_iid
                0x00000000080501d0                get_match_length
                0x0000000008050232                uip_ds6_select_src
                0x000000000805030b                uip_ds6_compute_reachable_time
                0x000000000805033d                uip_ds6_init
 *fill*         0x00000000080504f6        0xa 
 .text          0x0000000008050500      0x46b contiki-native.a(uip-ds6-nbr.o)
                0x0000000008050500                uip_ds6_nbr_rm
                0x0000000008050535                uip_ds6_neighbors_init
                0x0000000008050551                uip_ds6_nbr_add
                0x00000000080505e6                uip_ds6_nbr_get_ipaddr
                0x00000000080505eb                uip_ds6_nbr_get_ll
                0x0000000008050607                uip_ds6_nbr_num
                0x0000000008050647                uip_ds6_nbr_lookup
                0x00000000080506b5                uip_ds6_nbr_ll_lookup
                0x00000000080506d1                uip_ds6_nbr_ipaddr_from_lladdr
                0x00000000080506e4                uip_ds6_nbr_lladdr_from_ipaddr
                0x000000000805070b                uip_ds6_link_neighbor_callback
                0x000000000805074e                uip_ds6_neighbor_periodic
                0x000000000805090a                uip_ds6_get_least_lifetime_neighbor
 *fill*         0x000000000805096b        0x5 
 .text          0x0000000008050970      0x713 contiki-native.a(uip-ds6-route.o)
                0x00000000080509cd                uip_ds6_notification_add
                0x00000000080509fa                uip_ds6_notification_rm
                0x0000000008050a15                uip_ds6_route_init
                0x0000000008050a6c                uip_ds6_route_nexthop
                0x0000000008050a9d                uip_ds6_route_head
                0x0000000008050ab0                uip_ds6_route_next
                0x0000000008050ace                uip_ds6_route_num_routes
                0x0000000008050ad4                uip_ds6_route_lookup
                0x0000000008050b8e                uip_ds6_route_rm
                0x0000000008050cd7                uip_ds6_route_add
                0x0000000008050e69                uip_ds6_route_rm_by_nexthop
                0x0000000008050e91                uip_ds6_defrt_rm
                0x0000000008050ef8                uip_ds6_defrt_lookup
                0x0000000008050f54                uip_ds6_defrt_add
                0x0000000008050fe4                uip_ds6_defrt_choose
                0x000000000805102d                uip_ds6_defrt_periodic
 *fill*         0x0000000008051083        0xd 
 .text          0x0000000008051090      0x7b5 contiki-native.a(uip-icmp6.o)
                0x0000000008051453                uip_icmp6_input
                0x00000000080514bf                uip_icmp6_register_input_handler
                0x00000000080514da                uip_icmp6_error_output
                0x0000000008051717                uip_icmp6_send
                0x00000000080517de                uip_icmp6_echo_reply_callback_add
                0x000000000805180b                uip_icmp6_echo_reply_callback_rm
                0x0000000008051826                uip_icmp6_init
 *fill*         0x0000000008051845        0xb 
 .text          0x0000000008051850      0x988 contiki-native.a(uip-nd6.o)
                0x0000000008051f6b                uip_nd6_ns_output
                0x00000000080521b9                uip_nd6_init
 *fill*         0x00000000080521d8        0x8 
 .text          0x00000000080521e0      0x98b contiki-native.a(tcpip.o)
                0x0000000008052203                tcpip_output
                0x0000000008052223                tcpip_set_outputfunc
                0x000000000805222d                tcp_unlisten
                0x0000000008052294                tcp_listen
                0x000000000805230a                tcp_attach
                0x000000000805231f                udp_attach
                0x0000000008052334                udp_new
                0x0000000008052364                udp_broadcast_new
                0x00000000080523ea                icmp6_new
                0x0000000008052412                tcpip_icmp6_call
                0x0000000008052445                tcpip_input
                0x0000000008052478                tcpip_ipv6_output
                0x0000000008052a4c                tcpip_poll_udp
                0x0000000008052a6f                tcpip_poll_tcp
                0x0000000008052a92                tcp_connect
                0x0000000008052acf                tcpip_uipcall
 *fill*         0x0000000008052b6b        0x5 
 .text          0x0000000008052b70      0x13c contiki-native.a(uip-debug.o)
                0x0000000008052b70                uip_debug_ipaddr_print
                0x0000000008052c27                uip_debug_lladdr_print
 .text          0x0000000008052cac       0xf7 contiki-native.a(uip-packetqueue)
                0x0000000008052cd1                uip_packetqueue_new
                0x0000000008052cdc                uip_packetqueue_alloc
                0x0000000008052d28                uip_packetqueue_free
                0x0000000008052d60                uip_packetqueue_buf
                0x0000000008052d74                uip_packetqueue_buflen
                0x0000000008052d8c                uip_packetqueue_set_buflen
 *fill*         0x0000000008052da3        0xd 
 .text          0x0000000008052db0      0x394 contiki-native.a(rpl.o)
                0x0000000008052db0                rpl_get_mode
                0x0000000008052db6                rpl_set_mode
                0x0000000008052e14                rpl_purge_routes
                0x0000000008052ed9                rpl_remove_routes
                0x0000000008052f0f                rpl_remove_routes_by_nexthop
                0x0000000008052f73                rpl_add_route
                0x0000000008052fbf                rpl_link_neighbor_callback
                0x0000000008053082                rpl_ipv6_neighbor_callback
                0x00000000080530b5                rpl_init
 *fill*         0x0000000008053144        0xc 
 .text          0x0000000008053150     0x1805 contiki-native.a(rpl-dag.o)
                0x0000000008053328                rpl_get_nbr
                0x0000000008053360                rpl_print_neighbor_list
                0x00000000080534c2                rpl_dag_init
                0x00000000080534de                rpl_get_parent
                0x00000000080534fa                rpl_get_parent_rank
                0x0000000008053525                rpl_get_parent_link_metric
                0x0000000008053550                rpl_get_parent_ipaddr
                0x0000000008053574                rpl_set_prefix
                0x000000000805368e                rpl_set_default_route
                0x000000000805370a                rpl_alloc_instance
                0x000000000805374c                rpl_set_default_instance
                0x0000000008053756                rpl_get_default_instance
                0x000000000805375c                rpl_add_parent
                0x00000000080537ca                rpl_find_parent
                0x00000000080537f6                rpl_find_parent_any_dag
                0x0000000008053830                rpl_select_parent
                0x00000000080538cb                rpl_select_dag
                0x0000000008053b02                rpl_nullify_parent
                0x0000000008053b70                rpl_remove_parent
                0x0000000008053bf8                rpl_free_dag
                0x0000000008053c3a                rpl_free_instance
                0x0000000008053cce                rpl_move_parent
                0x0000000008053d43                rpl_get_any_dag
                0x0000000008053d64                rpl_get_instance
                0x0000000008053d86                rpl_repair_root
                0x0000000008053e06                rpl_alloc_dag
                0x0000000008053eda                rpl_set_root
                0x0000000008054051                rpl_find_of
                0x000000000805406a                rpl_join_instance
                0x0000000008054224                rpl_local_repair
                0x00000000080542a2                rpl_process_parent_event
                0x000000000805434b                rpl_add_dag
                0x00000000080544c6                rpl_recalculate_ranks
                0x0000000008054524                rpl_process_dio
                0x0000000008054939                rpl_lock_parent
 *fill*         0x0000000008054955        0xb 
 .text          0x0000000008054960      0x564 contiki-native.a(rpl-ext-header.)
                0x0000000008054960                rpl_verify_header
                0x0000000008054a67                rpl_update_header_empty
                0x0000000008054ca3                rpl_update_header_final
                0x0000000008054d7c                rpl_remove_header
                0x0000000008054e02                rpl_invert_header
                0x0000000008054ea5                rpl_insert_header
 *fill*         0x0000000008054ec4        0xc 
 .text          0x0000000008054ed0      0xefc contiki-native.a(rpl-icmp6.o)
                0x0000000008055330                dis_output
                0x00000000080553d1                dio_output
                0x000000000805570a                dao_output_target
                0x0000000008055847                dao_output
                0x00000000080558ef                dao_ack_output
                0x0000000008055d95                rpl_icmp6_register_handlers
 .text          0x0000000008055dcc      0x1a0 contiki-native.a(rpl-mrhof.o)
 *fill*         0x0000000008055f6c        0x4 
 .text          0x0000000008055f70      0x56a contiki-native.a(rpl-timers.o)
                0x0000000008056283                rpl_reset_periodic_timer
                0x00000000080562cf                rpl_reset_dio_timer
                0x00000000080562fb                rpl_schedule_dao
                0x0000000008056310                rpl_schedule_dao_immediately
                0x0000000008056325                rpl_cancel_dao
                0x000000000805634e                rpl_schedule_probing
 .text          0x00000000080564da       0x59 contiki-native.a(linkaddr.o)
                0x00000000080564da                linkaddr_copy
                0x00000000080564ed                linkaddr_cmp
                0x0000000008056518                linkaddr_set_node_addr
 *fill*         0x0000000008056533        0xd 
 .text          0x0000000008056540      0x4db contiki-native.a(nbr-table.o)
                0x000000000805666d                nbr_table_register
                0x00000000080566a0                nbr_table_next
                0x0000000008056703                nbr_table_head
                0x0000000008056750                nbr_table_add_lladdr
                0x000000000805692c                nbr_table_get_from_lladdr
                0x0000000008056967                nbr_table_remove
                0x00000000080569aa                nbr_table_lock
                0x00000000080569ca                nbr_table_unlock
                0x00000000080569ea                nbr_table_get_lladdr
 *fill*         0x0000000008056a1b        0x5 
 .text          0x0000000008056a20       0x21 contiki-native.a(netstack.o)
                0x0000000008056a20                netstack_init
 .text          0x0000000008056a41      0x3df contiki-native.a(packetbuf.o)
                0x0000000008056a41                packetbuf_clear_hdr
                0x0000000008056a49                packetbuf_compact
                0x0000000008056a8e                packetbuf_copyto_hdr
                0x0000000008056ac0                packetbuf_copyto
                0x0000000008056b40                packetbuf_hdr_remove
                0x0000000008056b4b                packetbuf_hdrreduce
                0x0000000008056b77                packetbuf_set_datalen
                0x0000000008056b82                packetbuf_dataptr
                0x0000000008056b8f                packetbuf_hdrptr
                0x0000000008056b9c                packetbuf_datalen
                0x0000000008056ba4                packetbuf_hdrlen
                0x0000000008056bbc                packetbuf_totlen
                0x0000000008056bcc                packetbuf_hdralloc
                0x0000000008056c0f                packetbuf_attr_clear
                0x0000000008056c55                packetbuf_clear
                0x0000000008056c84                packetbuf_copyfrom
                0x0000000008056cca                packetbuf_attr_copyto
                0x0000000008056d3b                packetbuf_attr_copyfrom
                0x0000000008056dab                packetbuf_set_attr
                0x0000000008056dc2                packetbuf_attr
                0x0000000008056dd0                packetbuf_set_addr
                0x0000000008056df8                packetbuf_addr
                0x0000000008056e05                packetbuf_holds_broadcast
 .text          0x0000000008056e20      0x1ec contiki-native.a(queuebuf.o)
                0x0000000008056e20                queuebuf_init
                0x0000000008056e3f                queuebuf_numfree
                0x0000000008056e52                queuebuf_new_from_packetbuf
                0x0000000008056ec3                queuebuf_update_attr_from_packetbuf
                0x0000000008056ee7                queuebuf_update_from_packetbuf
                0x0000000008056f1d                queuebuf_free
                0x0000000008056f60                queuebuf_to_packetbuf
                0x0000000008056fae                queuebuf_dataptr
                0x0000000008056fd8                queuebuf_datalen
                0x0000000008056fe6                queuebuf_addr
                0x0000000008056ff6                queuebuf_attr
                0x000000000805700a                queuebuf_debug_print
 .text          0x000000000805700c       0x52 contiki-native.a(nullmac.o)
 *fill*         0x000000000805705e        0x2 
 .text          0x0000000008057060      0x15d contiki-native.a(nullrdc.o)
 .text          0x00000000080571bd       0x54 contiki-native.a(nullsec.o)
 *fill*         0x0000000008057211        0xf 
 .text          0x0000000008057220     0x1628 contiki-native.a(sicslowpan.o)
                0x0000000008057220                sicslowpan_init
                0x000000000805882d                rime_sniffer_add
                0x0000000008058837                rime_sniffer_remove
                0x0000000008058842                sicslowpan_get_last_rssi
 .text          0x0000000008058848       0x5e contiki-native.a(clock.o)
                0x0000000008058848                clock_time
                0x0000000008058885                clock_seconds
                0x00000000080588a4                clock_delay
 .text          0x00000000080588a6       0xac contiki-native.a(rtimer-arch.o)
                0x00000000080588c6                rtimer_arch_init
                0x00000000080588e1                rtimer_arch_schedule
 .text          0x0000000008058952       0x17 contiki-native.a(watchdog.o)
                0x0000000008058952                watchdog_init
                0x0000000008058954                watchdog_start
                0x0000000008058956                watchdog_periodic
                0x0000000008058958                watchdog_stop
                0x000000000805895a                watchdog_reboot
 .text          0x0000000008058969       0x86 contiki-native.a(stimer.o)
                0x0000000008058969                stimer_set
                0x0000000008058984                stimer_reset
                0x000000000805898e                stimer_restart
                0x00000000080589a0                stimer_expired
                0x00000000080589c2                stimer_remaining
                0x00000000080589dd                stimer_elapsed
 .text          0x00000000080589ef       0x54 contiki-native.a(nullradio.o)
 *fill*         0x0000000008058a43        0xd 
 .text          0x0000000008058a50      0x172 contiki-native.a(memb.o)
                0x0000000008058a50                memb_init
                0x0000000008058a99                memb_alloc
                0x0000000008058af7                memb_free
                0x0000000008058b64                memb_inmemb
                0x0000000008058b91                memb_numfree
 .text          0x0000000008058bc2       0x20 contiki-native.a(random.o)
                0x0000000008058bc2                random_init
                0x0000000008058bd6                random_rand
 *fill*         0x0000000008058be2        0xe 
 .text          0x0000000008058bf0      0x2fb contiki-native.a(framer-802154.o)
 .text          0x0000000008058eeb       0x2a contiki-native.a(framer.o)
                0x0000000008058eeb                framer_canonical_create_and_secure
 .text          0x0000000008058f15       0x28 contiki-native.a(mac.o)
                0x0000000008058f15                mac_call_sent_callback
 .text          0x0000000008058f3d      0x3bb contiki-native.a(frame802154.o)
                0x0000000008058fbb                frame802154_hdrlen
                0x0000000008058ff2                frame802154_create
                0x000000000805911a                frame802154_parse
 *fill*         0x00000000080592f8        0x8 
 .text          0x0000000008059300       0x72 /usr/lib/i386-linux-gnu/libc_nonshared.a(elf-init.oS)
                0x0000000008059300                __libc_csu_init
                0x0000000008059370                __libc_csu_fini
 .text          0x0000000008059372        0x0 /usr/lib/gcc/i686-linux-gnu/4.8/crtend.o
 .text          0x0000000008059372        0x0 /usr/lib/gcc/i686-linux-gnu/4.8/../../../i386-linux-gnu/crtn.o
 *(.gnu.warning)

.fini           0x0000000008059374       0x14
 *(SORT(.fini))
 .fini          0x0000000008059374        0xf /usr/lib/gcc/i686-linux-gnu/4.8/../../../i386-linux-gnu/crti.o
                0x0000000008059374                _fini
 .fini          0x0000000008059383        0x5 /usr/lib/gcc/i686-linux-gnu/4.8/../../../i386-linux-gnu/crtn.o
                0x0000000008059388                PROVIDE (__etext, .)
                0x0000000008059388                PROVIDE (_etext, .)
                0x0000000008059388                PROVIDE (etext, .)

.rodata         0x00000000080593a0      0x448
 *(.rodata .rodata.* .gnu.linkonce.r.*)
 .rodata        0x00000000080593a0        0x4 /usr/lib/gcc/i686-linux-gnu/4.8/../../../i386-linux-gnu/crt1.o
                0x00000000080593a0                _fp_hw
 .rodata.cst4   0x00000000080593a4        0x4 /usr/lib/gcc/i686-linux-gnu/4.8/../../../i386-linux-gnu/crt1.o
                0x00000000080593a4                _IO_stdin_used
 .rodata.str1.1
                0x00000000080593a8       0x21 hello-world.co
 *fill*         0x00000000080593c9        0x3 
 .rodata        0x00000000080593cc        0x8 hello-world.co
                0x00000000080593cc                autostart_processes
 .rodata.str1.4
                0x00000000080593d4       0x47 contiki-native.a(contiki-main.o)
 .rodata.str1.1
                0x000000000805941b       0x5e contiki-native.a(contiki-main.o)
                                         0x62 (size before relaxing)
 *fill*         0x0000000008059479        0x3 
 .rodata        0x000000000805947c       0x10 contiki-native.a(contiki-main.o)
 .rodata.str1.1
                0x000000000805948c        0x7 contiki-native.a(button-sensor.o)
 *fill*         0x0000000008059493        0x1 
 .rodata        0x0000000008059494       0x10 contiki-native.a(button-sensor.o)
                0x0000000008059494                button_sensor
 .rodata.str1.1
                0x00000000080594a4        0x4 contiki-native.a(pir-sensor.o)
 .rodata        0x00000000080594a8       0x10 contiki-native.a(pir-sensor.o)
                0x00000000080594a8                pir_sensor
 .rodata.str1.1
                0x00000000080594b8        0xa contiki-native.a(vib-sensor.o)
 *fill*         0x00000000080594c2        0x2 
 .rodata        0x00000000080594c4       0x10 contiki-native.a(vib-sensor.o)
                0x00000000080594c4                vib_sensor
 .rodata.str1.1
                0x00000000080594d4        0x8 contiki-native.a(sensors.o)
 .rodata.str1.1
                0x00000000080594dc        0xf contiki-native.a(ctimer.o)
 .rodata.str1.1
                0x00000000080594eb        0xc contiki-native.a(etimer.o)
 .rodata.str1.1
                0x00000000080594f7        0xe contiki-native.a(serial-line.o)
 *fill*         0x0000000008059505        0x3 
 .rodata        0x0000000008059508      0x138 contiki-native.a(uip6.o)
 .rodata.str1.1
                0x0000000008059640        0xd contiki-native.a(tcpip.o)
 .rodata.str1.1
                0x000000000805964d       0x29 contiki-native.a(uip-debug.o)
 *fill*         0x0000000008059676        0x2 
 .rodata.str1.4
                0x0000000008059678       0x5c contiki-native.a(rpl-dag.o)
                                         0x5a (size before relaxing)
 .rodata.str1.1
                0x00000000080596d4       0x11 contiki-native.a(rpl-dag.o)
 .rodata        0x00000000080596e5        0x8 contiki-native.a(linkaddr.o)
                0x00000000080596e5                linkaddr_null
 .rodata.str1.1
                0x00000000080596ed        0x8 contiki-native.a(nullmac.o)
 *fill*         0x00000000080596f5        0x3 
 .rodata        0x00000000080596f8       0x1c contiki-native.a(nullmac.o)
                0x00000000080596f8                nullmac_driver
 .rodata.str1.1
                0x0000000008059714        0x8 contiki-native.a(nullrdc.o)
 *fill*         0x000000000805971c        0x4 
 .rodata        0x0000000008059720       0x20 contiki-native.a(nullrdc.o)
                0x0000000008059720                nullrdc_driver
 .rodata.str1.1
                0x0000000008059740        0x8 contiki-native.a(nullsec.o)
 .rodata        0x0000000008059748       0x18 contiki-native.a(nullsec.o)
                0x0000000008059748                nullsec_driver
 .rodata.str1.1
                0x0000000008059760        0xb contiki-native.a(sicslowpan.o)
 *fill*         0x000000000805976b        0x1 
 .rodata        0x000000000805976c       0x1e contiki-native.a(sicslowpan.o)
                0x000000000805976c                sicslowpan_driver
                0x000000000805977c                llprefix
                0x000000000805977e                unc_mxconf
                0x0000000008059782                unc_ctxconf
                0x0000000008059786                unc_llconf
 *fill*         0x000000000805978a       0x16 
 .rodata        0x00000000080597a0       0x38 contiki-native.a(nullradio.o)
                0x00000000080597a0                nullradio_driver
 .rodata        0x00000000080597d8       0x10 contiki-native.a(framer-802154.o)
                0x00000000080597d8                framer_802154

.rodata1
 *(.rodata1)

.eh_frame_hdr   0x00000000080597e8      0xd74
 *(.eh_frame_hdr)
 .eh_frame_hdr  0x00000000080597e8      0xd74 hello-world.co

.eh_frame       0x000000000805a55c     0x35fc
 *(.eh_frame)
 .eh_frame      0x000000000805a55c       0x3c /usr/lib/gcc/i686-linux-gnu/4.8/../../../i386-linux-gnu/crt1.o
                                         0x40 (size before relaxing)
 .eh_frame      0x000000000805a598       0x20 hello-world.co
                                         0x38 (size before relaxing)
 .eh_frame      0x000000000805a5b8       0x90 contiki-native.a(contiki-main.o)
                                         0xa8 (size before relaxing)
 .eh_frame      0x000000000805a648       0x54 contiki-native.a(button-sensor.o)
                                         0x6c (size before relaxing)
 .eh_frame      0x000000000805a69c       0x54 contiki-native.a(pir-sensor.o)
                                         0x6c (size before relaxing)
 .eh_frame      0x000000000805a6f0       0x54 contiki-native.a(vib-sensor.o)
                                         0x6c (size before relaxing)
 .eh_frame      0x000000000805a744       0xa0 contiki-native.a(sensors.o)
                                         0xb8 (size before relaxing)
 .eh_frame      0x000000000805a7e4       0x40 contiki-native.a(autostart.o)
                                         0x58 (size before relaxing)
 .eh_frame      0x000000000805a824      0x114 contiki-native.a(ctimer.o)
                                        0x12c (size before relaxing)
 .eh_frame      0x000000000805a938      0x190 contiki-native.a(etimer.o)
                                        0x1a8 (size before relaxing)
 .eh_frame      0x000000000805aac8      0x19c contiki-native.a(process.o)
                                        0x1b4 (size before relaxing)
 .eh_frame      0x000000000805ac64       0x50 contiki-native.a(rtimer.o)
                                         0x68 (size before relaxing)
 .eh_frame      0x000000000805acb4       0x8c contiki-native.a(timer.o)
                                         0xa4 (size before relaxing)
 .eh_frame      0x000000000805ad40       0x54 contiki-native.a(serial-line.o)
                                         0x6c (size before relaxing)
 .eh_frame      0x000000000805ad94      0x12c contiki-native.a(list.o)
                                        0x144 (size before relaxing)
 .eh_frame      0x000000000805aec0       0x90 contiki-native.a(ringbuf.o)
                                         0xa8 (size before relaxing)
 .eh_frame      0x000000000805af50      0x2c0 contiki-native.a(uip6.o)
                                        0x2d8 (size before relaxing)
 .eh_frame      0x000000000805b210      0x2f4 contiki-native.a(uip-ds6.o)
                                        0x30c (size before relaxing)
 .eh_frame      0x000000000805b504      0x1c4 contiki-native.a(uip-ds6-nbr.o)
                                        0x1dc (size before relaxing)
 .eh_frame      0x000000000805b6c8      0x2b0 contiki-native.a(uip-ds6-route.o)
                                        0x2c8 (size before relaxing)
 .eh_frame      0x000000000805b978      0x158 contiki-native.a(uip-icmp6.o)
                                        0x170 (size before relaxing)
 .eh_frame      0x000000000805bad0       0xc4 contiki-native.a(uip-nd6.o)
                                         0xdc (size before relaxing)
 .eh_frame      0x000000000805bb94      0x238 contiki-native.a(tcpip.o)
                                        0x250 (size before relaxing)
 .eh_frame      0x000000000805bdcc       0x68 contiki-native.a(uip-debug.o)
                                         0x80 (size before relaxing)
 .eh_frame      0x000000000805be34       0xb4 contiki-native.a(uip-packetqueue)
                                         0xcc (size before relaxing)
 .eh_frame      0x000000000805bee8      0x11c contiki-native.a(rpl.o)
                                        0x134 (size before relaxing)
 .eh_frame      0x000000000805c004      0x684 contiki-native.a(rpl-dag.o)
                                        0x69c (size before relaxing)
 .eh_frame      0x000000000805c688       0xf0 contiki-native.a(rpl-ext-header.)
                                        0x108 (size before relaxing)
 .eh_frame      0x000000000805c778      0x210 contiki-native.a(rpl-icmp6.o)
                                        0x228 (size before relaxing)
 .eh_frame      0x000000000805c988      0x110 contiki-native.a(rpl-mrhof.o)
                                        0x128 (size before relaxing)
 .eh_frame      0x000000000805ca98      0x1cc contiki-native.a(rpl-timers.o)
                                        0x1e4 (size before relaxing)
 .eh_frame      0x000000000805cc64       0x44 contiki-native.a(linkaddr.o)
                                         0x5c (size before relaxing)
 .eh_frame      0x000000000805cca8      0x200 contiki-native.a(nbr-table.o)
                                        0x218 (size before relaxing)
 .eh_frame      0x000000000805cea8       0x18 contiki-native.a(netstack.o)
                                         0x30 (size before relaxing)
 .eh_frame      0x000000000805cec0      0x240 contiki-native.a(packetbuf.o)
                                        0x258 (size before relaxing)
 .eh_frame      0x000000000805d100      0x148 contiki-native.a(queuebuf.o)
                                        0x160 (size before relaxing)
 .eh_frame      0x000000000805d248       0x88 contiki-native.a(nullmac.o)
                                         0xa0 (size before relaxing)
 .eh_frame      0x000000000805d2d0       0xf4 contiki-native.a(nullrdc.o)
                                        0x10c (size before relaxing)
 .eh_frame      0x000000000805d3c4       0x70 contiki-native.a(nullsec.o)
                                         0x88 (size before relaxing)
 .eh_frame      0x000000000805d434      0x1a0 contiki-native.a(sicslowpan.o)
                                        0x1b8 (size before relaxing)
 .eh_frame      0x000000000805d5d4       0x4c contiki-native.a(clock.o)
                                         0x64 (size before relaxing)
 .eh_frame      0x000000000805d620       0x54 contiki-native.a(rtimer-arch.o)
                                         0x6c (size before relaxing)
 .eh_frame      0x000000000805d674       0x64 contiki-native.a(watchdog.o)
                                         0x7c (size before relaxing)
 .eh_frame      0x000000000805d6d8       0xa4 contiki-native.a(stimer.o)
                                         0xbc (size before relaxing)
 .eh_frame      0x000000000805d77c      0x118 contiki-native.a(nullradio.o)
                                        0x130 (size before relaxing)
 .eh_frame      0x000000000805d894       0xcc contiki-native.a(memb.o)
                                         0xe4 (size before relaxing)
 .eh_frame      0x000000000805d960       0x30 contiki-native.a(random.o)
                                         0x48 (size before relaxing)
 .eh_frame      0x000000000805d990       0x88 contiki-native.a(framer-802154.o)
                                         0xa0 (size before relaxing)
 .eh_frame      0x000000000805da18       0x20 contiki-native.a(framer.o)
                                         0x38 (size before relaxing)
 .eh_frame      0x000000000805da38       0x18 contiki-native.a(mac.o)
                                         0x30 (size before relaxing)
 .eh_frame      0x000000000805da50       0xb4 contiki-native.a(frame802154.o)
                                         0xcc (size before relaxing)
 .eh_frame      0x000000000805db04       0x50 /usr/lib/i386-linux-gnu/libc_nonshared.a(elf-init.oS)
                                         0x7c (size before relaxing)
 .eh_frame      0x000000000805db54        0x4 /usr/lib/gcc/i686-linux-gnu/4.8/crtend.o

.gcc_except_table
 *(.gcc_except_table .gcc_except_table.*)

.exception_ranges
 *(.exception_ranges .exception_ranges*)
                0x000000000805db58                . = (ALIGN (0x1000) - ((0x1000 - .) & 0xfff))
                0x000000000805ef08                . = DATA_SEGMENT_ALIGN (0x1000, 0x1000)

.eh_frame
 *(.eh_frame)

.gcc_except_table
 *(.gcc_except_table .gcc_except_table.*)

.exception_ranges
 *(.exception_ranges .exception_ranges*)

.tdata
 *(.tdata .tdata.* .gnu.linkonce.td.*)

.tbss
 *(.tbss .tbss.* .gnu.linkonce.tb.*)
 *(.tcommon)

.preinit_array  0x000000000805ef08        0x0
                0x000000000805ef08                PROVIDE (__preinit_array_start, .)
 *(.preinit_array)
                0x000000000805ef08                PROVIDE (__preinit_array_end, .)

.init_array     0x000000000805ef08        0x4
                0x000000000805ef08                PROVIDE (__init_array_start, .)
 *(SORT(.init_array.*) SORT(.ctors.*))
 *(.init_array EXCLUDE_FILE(*crtend?.o *crtend.o *crtbegin?.o *crtbegin.o) .ctors)
 .init_array    0x000000000805ef08        0x4 /usr/lib/gcc/i686-linux-gnu/4.8/crtbegin.o
                0x000000000805ef0c                PROVIDE (__init_array_end, .)

.fini_array     0x000000000805ef0c        0x4
                0x000000000805ef0c                PROVIDE (__fini_array_start, .)
 *(SORT(.fini_array.*) SORT(.dtors.*))
 *(.fini_array EXCLUDE_FILE(*crtend?.o *crtend.o *crtbegin?.o *crtbegin.o) .dtors)
 .fini_array    0x000000000805ef0c        0x4 /usr/lib/gcc/i686-linux-gnu/4.8/crtbegin.o
                0x000000000805ef10                PROVIDE (__fini_array_end, .)

.ctors
 *crtbegin.o(.ctors)
 *crtbegin?.o(.ctors)
 *(EXCLUDE_FILE(*crtend?.o *crtend.o) .ctors)
 *(SORT(.ctors.*))
 *(.ctors)

.dtors
 *crtbegin.o(.dtors)
 *crtbegin?.o(.dtors)
 *(EXCLUDE_FILE(*crtend?.o *crtend.o) .dtors)
 *(SORT(.dtors.*))
 *(.dtors)

.jcr            0x000000000805ef10        0x4
 *(.jcr)
 .jcr           0x000000000805ef10        0x0 /usr/lib/gcc/i686-linux-gnu/4.8/crtbegin.o
 .jcr           0x000000000805ef10        0x4 /usr/lib/gcc/i686-linux-gnu/4.8/crtend.o

.data.rel.ro
 *(.data.rel.ro.local* .gnu.linkonce.d.rel.ro.local.*)
 *(.data.rel.ro .data.rel.ro.* .gnu.linkonce.d.rel.ro.*)

.dynamic        0x000000000805ef14       0xe8
 *(.dynamic)
 .dynamic       0x000000000805ef14       0xe8 /usr/lib/gcc/i686-linux-gnu/4.8/../../../i386-linux-gnu/crt1.o
                0x000000000805ef14                _DYNAMIC

.got            0x000000000805effc        0x4
 *(.got)
 .got           0x000000000805effc        0x4 /usr/lib/gcc/i686-linux-gnu/4.8/../../../i386-linux-gnu/crt1.o
 *(.igot)
                0x000000000805fff4                . = DATA_SEGMENT_RELRO_END (., (SIZEOF (.got.plt) >= 0xc)?0xc:0x0)

.got.plt        0x000000000805f000       0x70
 *(.got.plt)
 .got.plt       0x000000000805f000       0x70 /usr/lib/gcc/i686-linux-gnu/4.8/../../../i386-linux-gnu/crt1.o
                0x000000000805f000                _GLOBAL_OFFSET_TABLE_
 *(.igot.plt)
 .igot.plt      0x0000000000000000        0x0 /usr/lib/gcc/i686-linux-gnu/4.8/../../../i386-linux-gnu/crt1.o

.data           0x000000000805f070      0x184
 *(.data .data.* .gnu.linkonce.d.*)
 .data          0x000000000805f070        0x4 /usr/lib/gcc/i686-linux-gnu/4.8/../../../i386-linux-gnu/crt1.o
                0x000000000805f070                data_start
                0x000000000805f070                __data_start
 .data          0x000000000805f074        0x0 /usr/lib/gcc/i686-linux-gnu/4.8/../../../i386-linux-gnu/crti.o
 .data          0x000000000805f074        0x4 /usr/lib/gcc/i686-linux-gnu/4.8/crtbegin.o
                0x000000000805f074                __dso_handle
 .data          0x000000000805f078       0x10 hello-world.co
                0x000000000805f078                hello_world_process
 .data          0x000000000805f088       0x10 contiki-native.a(contiki-main.o)
                0x000000000805f088                sensors
 .data          0x000000000805f098        0x0 contiki-native.a(button-sensor.o)
 .data          0x000000000805f098        0x0 contiki-native.a(pir-sensor.o)
 .data          0x000000000805f098        0x0 contiki-native.a(vib-sensor.o)
 .data          0x000000000805f098       0x10 contiki-native.a(sensors.o)
                0x000000000805f098                sensors_process
 .data          0x000000000805f0a8        0x0 contiki-native.a(autostart.o)
 .data          0x000000000805f0a8       0x10 contiki-native.a(ctimer.o)
                0x000000000805f0a8                ctimer_process
 .data          0x000000000805f0b8       0x10 contiki-native.a(etimer.o)
                0x000000000805f0b8                etimer_process
 .data          0x000000000805f0c8        0x0 contiki-native.a(process.o)
 .data          0x000000000805f0c8        0x0 contiki-native.a(rtimer.o)
 .data          0x000000000805f0c8        0x0 contiki-native.a(timer.o)
 .data          0x000000000805f0c8       0x10 contiki-native.a(serial-line.o)
                0x000000000805f0c8                serial_line_process
 .data          0x000000000805f0d8        0x0 contiki-native.a(list.o)
 .data          0x000000000805f0d8        0x0 contiki-native.a(ringbuf.o)
 .data          0x000000000805f0d8        0x0 contiki-native.a(uip6.o)
 .data          0x000000000805f0d8        0x0 contiki-native.a(uip-ds6.o)
 .data          0x000000000805f0d8       0x14 contiki-native.a(uip-ds6-nbr.o)
                0x000000000805f0d8                ds6_neighbors
 .data          0x000000000805f0ec       0x34 contiki-native.a(uip-ds6-route.o)
 .data          0x000000000805f120       0x18 contiki-native.a(uip-icmp6.o)
 .data          0x000000000805f138       0x18 contiki-native.a(uip-nd6.o)
 .data          0x000000000805f150       0x10 contiki-native.a(tcpip.o)
                0x000000000805f150                tcpip_process
 .data          0x000000000805f160        0x0 contiki-native.a(uip-debug.o)
 .data          0x000000000805f160        0xc contiki-native.a(uip-packetqueue)
 .data          0x000000000805f16c        0x0 contiki-native.a(rpl.o)
 .data          0x000000000805f16c       0x14 contiki-native.a(rpl-dag.o)
                0x000000000805f16c                rpl_parents
 .data          0x000000000805f180        0x0 contiki-native.a(rpl-ext-header.)
 .data          0x000000000805f180       0x31 contiki-native.a(rpl-icmp6.o)
 *fill*         0x000000000805f1b1        0x3 
 .data          0x000000000805f1b4       0x1c contiki-native.a(rpl-mrhof.o)
                0x000000000805f1b4                rpl_mrhof
 .data          0x000000000805f1d0        0x0 contiki-native.a(rpl-timers.o)
 .data          0x000000000805f1d0        0x0 contiki-native.a(linkaddr.o)
 .data          0x000000000805f1d0        0xc contiki-native.a(nbr-table.o)
 .data          0x000000000805f1dc        0x0 contiki-native.a(netstack.o)
 .data          0x000000000805f1dc        0x0 contiki-native.a(packetbuf.o)
 .data          0x000000000805f1dc       0x18 contiki-native.a(queuebuf.o)
 .data          0x000000000805f1f4        0x0 contiki-native.a(nullmac.o)
 .data          0x000000000805f1f4        0x0 contiki-native.a(nullrdc.o)
 .data          0x000000000805f1f4        0x0 contiki-native.a(nullsec.o)
 .data          0x000000000805f1f4        0x0 contiki-native.a(sicslowpan.o)
 .data          0x000000000805f1f4        0x0 contiki-native.a(clock.o)
 .data          0x000000000805f1f4        0x0 contiki-native.a(rtimer-arch.o)
 .data          0x000000000805f1f4        0x0 contiki-native.a(watchdog.o)
 .data          0x000000000805f1f4        0x0 contiki-native.a(stimer.o)
 .data          0x000000000805f1f4        0x0 contiki-native.a(nullradio.o)
 .data          0x000000000805f1f4        0x0 contiki-native.a(memb.o)
 .data          0x000000000805f1f4        0x0 contiki-native.a(random.o)
 .data          0x000000000805f1f4        0x0 contiki-native.a(framer-802154.o)
 .data          0x000000000805f1f4        0x0 contiki-native.a(framer.o)
 .data          0x000000000805f1f4        0x0 contiki-native.a(mac.o)
 .data          0x000000000805f1f4        0x0 contiki-native.a(frame802154.o)
 .data          0x000000000805f1f4        0x0 /usr/lib/i386-linux-gnu/libc_nonshared.a(elf-init.oS)
 .data          0x000000000805f1f4        0x0 /usr/lib/gcc/i686-linux-gnu/4.8/crtend.o
 .data          0x000000000805f1f4        0x0 /usr/lib/gcc/i686-linux-gnu/4.8/../../../i386-linux-gnu/crtn.o

.tm_clone_table
                0x000000000805f1f4        0x0
 .tm_clone_table
                0x000000000805f1f4        0x0 /usr/lib/gcc/i686-linux-gnu/4.8/crtbegin.o
 .tm_clone_table
                0x000000000805f1f4        0x0 /usr/lib/gcc/i686-linux-gnu/4.8/crtend.o

.data1
 *(.data1)
                0x000000000805f1f4                _edata = .
                0x000000000805f1f4                PROVIDE (edata, .)
                0x000000000805f1f4                . = .
                0x000000000805f1f4                __bss_start = .

.bss            0x000000000805f200     0x3264
 *(.dynbss)
 .dynbss        0x000000000805f200       0x24 /usr/lib/gcc/i686-linux-gnu/4.8/../../../i386-linux-gnu/crt1.o
                0x000000000805f200                stderr@@GLIBC_2.0
                0x000000000805f220                stdout@@GLIBC_2.0
 *(.bss .bss.* .gnu.linkonce.b.*)
 .bss           0x000000000805f224        0x0 /usr/lib/gcc/i686-linux-gnu/4.8/../../../i386-linux-gnu/crt1.o
 .bss           0x000000000805f224        0x0 /usr/lib/gcc/i686-linux-gnu/4.8/../../../i386-linux-gnu/crti.o
 .bss           0x000000000805f224        0x1 /usr/lib/gcc/i686-linux-gnu/4.8/crtbegin.o
 .bss           0x000000000805f225        0x0 hello-world.co
 *fill*         0x000000000805f225       0x1b 
 .bss           0x000000000805f240       0x40 contiki-native.a(contiki-main.o)
                0x000000000805f240                contiki_argc
 .bss           0x000000000805f280        0x0 contiki-native.a(button-sensor.o)
 .bss           0x000000000805f280        0x4 contiki-native.a(pir-sensor.o)
 .bss           0x000000000805f284        0x4 contiki-native.a(vib-sensor.o)
 .bss           0x000000000805f288        0x9 contiki-native.a(sensors.o)
 .bss           0x000000000805f291        0x0 contiki-native.a(autostart.o)
 *fill*         0x000000000805f291        0x3 
 .bss           0x000000000805f294        0x8 contiki-native.a(ctimer.o)
 .bss           0x000000000805f29c        0x8 contiki-native.a(etimer.o)
 *fill*         0x000000000805f2a4       0x1c 
 .bss           0x000000000805f2c0      0x1a3 contiki-native.a(process.o)
                0x000000000805f2c0                process_current
                0x000000000805f2c4                process_list
 *fill*         0x000000000805f463        0x1 
 .bss           0x000000000805f464        0x4 contiki-native.a(rtimer.o)
 .bss           0x000000000805f468        0x0 contiki-native.a(timer.o)
 *fill*         0x000000000805f468       0x18 
 .bss           0x000000000805f480      0x148 contiki-native.a(serial-line.o)
 .bss           0x000000000805f5c8        0x0 contiki-native.a(list.o)
 .bss           0x000000000805f5c8        0x0 contiki-native.a(ringbuf.o)
 .bss           0x000000000805f5c8        0xf contiki-native.a(uip6.o)
                0x000000000805f5c8                uip_ext_opt_offset
                0x000000000805f5c9                uip_ext_len
                0x000000000805f5ca                uip_ext_bitmap
 *fill*         0x000000000805f5d7        0x1 
 .bss           0x000000000805f5d8       0x20 contiki-native.a(uip-ds6.o)
 *fill*         0x000000000805f5f8        0x8 
 .bss           0x000000000805f600      0x528 contiki-native.a(uip-ds6-nbr.o)
 *fill*         0x000000000805fb28       0x18 
 .bss           0x000000000805fb40      0x770 contiki-native.a(uip-ds6-route.o)
 .bss           0x00000000080602b0       0x18 contiki-native.a(uip-icmp6.o)
 .bss           0x00000000080602c8       0x11 contiki-native.a(uip-nd6.o)
 *fill*         0x00000000080602d9        0x7 
 .bss           0x00000000080602e0      0x174 contiki-native.a(tcpip.o)
 .bss           0x0000000008060454        0x0 contiki-native.a(uip-debug.o)
 *fill*         0x0000000008060454        0xc 
 .bss           0x0000000008060460      0x3a2 contiki-native.a(uip-packetqueue)
 *fill*         0x0000000008060802        0x2 
 .bss           0x0000000008060804        0x4 contiki-native.a(rpl.o)
 *fill*         0x0000000008060808       0x18 
 .bss           0x0000000008060820      0x258 contiki-native.a(rpl-dag.o)
 .bss           0x0000000008060a78        0x0 contiki-native.a(rpl-ext-header.)
 .bss           0x0000000008060a78        0x0 contiki-native.a(rpl-icmp6.o)
 .bss           0x0000000008060a78        0x0 contiki-native.a(rpl-mrhof.o)
 *fill*         0x0000000008060a78        0x8 
 .bss           0x0000000008060a80       0x40 contiki-native.a(rpl-timers.o)
 .bss           0x0000000008060ac0        0x0 contiki-native.a(linkaddr.o)
 .bss           0x0000000008060ac0      0x21c contiki-native.a(nbr-table.o)
 .bss           0x0000000008060cdc        0x0 contiki-native.a(netstack.o)
 *fill*         0x0000000008060cdc        0x4 
 .bss           0x0000000008060ce0       0xd6 contiki-native.a(packetbuf.o)
 *fill*         0x0000000008060db6        0xa 
 .bss           0x0000000008060dc0      0x5c8 contiki-native.a(queuebuf.o)
 .bss           0x0000000008061388        0x0 contiki-native.a(nullmac.o)
 .bss           0x0000000008061388        0x0 contiki-native.a(nullrdc.o)
 .bss           0x0000000008061388        0x0 contiki-native.a(nullsec.o)
 *fill*         0x0000000008061388       0x18 
 .bss           0x00000000080613a0      0x1fc contiki-native.a(sicslowpan.o)
 .bss           0x000000000806159c        0x0 contiki-native.a(clock.o)
 .bss           0x000000000806159c        0x0 contiki-native.a(rtimer-arch.o)
 .bss           0x000000000806159c        0x0 contiki-native.a(watchdog.o)
 .bss           0x000000000806159c        0x0 contiki-native.a(stimer.o)
 .bss           0x000000000806159c        0x0 contiki-native.a(nullradio.o)
 .bss           0x000000000806159c        0x0 contiki-native.a(memb.o)
 .bss           0x000000000806159c        0x0 contiki-native.a(random.o)
 .bss           0x000000000806159c        0x2 contiki-native.a(framer-802154.o)
 .bss           0x000000000806159e        0x0 contiki-native.a(framer.o)
 .bss           0x000000000806159e        0x0 contiki-native.a(mac.o)
 .bss           0x000000000806159e        0x0 contiki-native.a(frame802154.o)
 .bss           0x000000000806159e        0x0 /usr/lib/i386-linux-gnu/libc_nonshared.a(elf-init.oS)
 .bss           0x000000000806159e        0x0 /usr/lib/gcc/i686-linux-gnu/4.8/crtend.o
 .bss           0x000000000806159e        0x0 /usr/lib/gcc/i686-linux-gnu/4.8/../../../i386-linux-gnu/crtn.o
 *(COMMON)
 *fill*         0x000000000806159e        0x2 
 COMMON         0x00000000080615a0        0x8 contiki-native.a(contiki-main.o)
                0x00000000080615a0                contiki_argv
                0x00000000080615a4                sensors_flags
 COMMON         0x00000000080615a8        0x1 contiki-native.a(sensors.o)
                0x00000000080615a8                sensors_event
 COMMON         0x00000000080615a9        0x1 contiki-native.a(serial-line.o)
                0x00000000080615a9                serial_line_event_message
 *fill*         0x00000000080615aa       0x16 
 COMMON         0x00000000080615c0      0xb6c contiki-native.a(uip6.o)
                0x00000000080615c0                uip_slen
                0x00000000080615c2                uip_acc32
                0x00000000080615e0                uip_conns
                0x0000000008061d60                uip_icmp6_conns
                0x0000000008061d68                uip_lladdr
                0x0000000008061d70                uip_appdata
                0x0000000008061d74                uip_flags
                0x0000000008061d80                uip_aligned_buf
                0x0000000008061f40                uip_listenports
                0x0000000008061f90                uip_len
                0x0000000008061f94                uip_sappdata
                0x0000000008061fa0                uip_udp_conns
                0x0000000008062120                uip_udp_conn
                0x0000000008062124                uip_next_hdr
                0x0000000008062128                uip_conn
 *fill*         0x000000000806212c       0x14 
 COMMON         0x0000000008062140      0x181 contiki-native.a(uip-ds6.o)
                0x0000000008062140                uip_ds6_prefix_list
                0x00000000080621a0                uip_ds6_timer_periodic
                0x00000000080621b0                uip_ds6_netif_addr_list_offset
                0x00000000080621c0                uip_ds6_if
                0x00000000080622b8                uip_ds6_timer_ra
                0x00000000080622c0                uip_ds6_addr_size
 COMMON         0x00000000080622c1        0x2 contiki-native.a(tcpip.o)
                0x00000000080622c1                tcpip_icmp6_event
                0x00000000080622c2                tcpip_event
 *fill*         0x00000000080622c3       0x1d 
 COMMON         0x00000000080622e0      0x144 contiki-native.a(rpl-dag.o)
                0x00000000080622e0                default_instance
                0x0000000008062300                instance_table
 COMMON         0x0000000008062424        0x8 contiki-native.a(linkaddr.o)
                0x0000000008062424                linkaddr_node_addr
 COMMON         0x000000000806242c       0x2e contiki-native.a(packetbuf.o)
                0x000000000806242c                packetbuf_attrs
                0x000000000806244a                packetbuf_addrs
 COMMON         0x000000000806245a        0x8 contiki-native.a(sicslowpan.o)
                0x000000000806245a                frag_sender
                0x0000000008062464                . = ALIGN ((. != 0x0)?0x4:0x1)
 *fill*         0x0000000008062462        0x2 
                0x0000000008062464                . = ALIGN (0x4)
                0x0000000008062464                . = SEGMENT_START ("ldata-segment", .)
                0x0000000008062464                . = ALIGN (0x4)
                0x0000000008062464                _end = .
                0x0000000008062464                PROVIDE (end, .)
                0x0000000008062464                . = DATA_SEGMENT_END (.)

.stab
 *(.stab)

.stabstr
 *(.stabstr)

.stab.excl
 *(.stab.excl)

.stab.exclstr
 *(.stab.exclstr)

.stab.index
 *(.stab.index)

.stab.indexstr
 *(.stab.indexstr)

.comment        0x0000000000000000       0x4d
 *(.comment)
 .comment       0x0000000000000000       0x29 /usr/lib/gcc/i686-linux-gnu/4.8/crtbegin.o
                                         0x2a (size before relaxing)
 .comment       0x0000000000000000       0x2a hello-world.co
 .comment       0x0000000000000000       0x2a contiki-native.a(contiki-main.o)
 .comment       0x0000000000000000       0x2a contiki-native.a(button-sensor.o)
 .comment       0x0000000000000000       0x2a contiki-native.a(pir-sensor.o)
 .comment       0x0000000000000000       0x2a contiki-native.a(vib-sensor.o)
 .comment       0x0000000000000000       0x2a contiki-native.a(sensors.o)
 .comment       0x0000000000000000       0x2a contiki-native.a(autostart.o)
 .comment       0x0000000000000000       0x2a contiki-native.a(ctimer.o)
 .comment       0x0000000000000000       0x2a contiki-native.a(etimer.o)
 .comment       0x0000000000000000       0x2a contiki-native.a(process.o)
 .comment       0x0000000000000000       0x2a contiki-native.a(rtimer.o)
 .comment       0x0000000000000000       0x2a contiki-native.a(timer.o)
 .comment       0x0000000000000000       0x2a contiki-native.a(serial-line.o)
 .comment       0x0000000000000000       0x2a contiki-native.a(list.o)
 .comment       0x0000000000000000       0x2a contiki-native.a(ringbuf.o)
 .comment       0x0000000000000000       0x2a contiki-native.a(uip6.o)
 .comment       0x0000000000000000       0x2a contiki-native.a(uip-ds6.o)
 .comment       0x0000000000000000       0x2a contiki-native.a(uip-ds6-nbr.o)
 .comment       0x0000000000000000       0x2a contiki-native.a(uip-ds6-route.o)
 .comment       0x0000000000000000       0x2a contiki-native.a(uip-icmp6.o)
 .comment       0x0000000000000000       0x2a contiki-native.a(uip-nd6.o)
 .comment       0x0000000000000000       0x2a contiki-native.a(tcpip.o)
 .comment       0x0000000000000000       0x2a contiki-native.a(uip-debug.o)
 .comment       0x0000000000000000       0x2a contiki-native.a(uip-packetqueue)
 .comment       0x0000000000000000       0x2a contiki-native.a(rpl.o)
 .comment       0x0000000000000000       0x2a contiki-native.a(rpl-dag.o)
 .comment       0x0000000000000000       0x2a contiki-native.a(rpl-ext-header.)
 .comment       0x0000000000000000       0x2a contiki-native.a(rpl-icmp6.o)
 .comment       0x0000000000000000       0x2a contiki-native.a(rpl-mrhof.o)
 .comment       0x0000000000000000       0x2a contiki-native.a(rpl-timers.o)
 .comment       0x0000000000000000       0x2a contiki-native.a(linkaddr.o)
 .comment       0x0000000000000000       0x2a contiki-native.a(nbr-table.o)
 .comment       0x0000000000000000       0x2a contiki-native.a(netstack.o)
 .comment       0x0000000000000000       0x2a contiki-native.a(packetbuf.o)
 .comment       0x0000000000000000       0x2a contiki-native.a(queuebuf.o)
 .comment       0x0000000000000000       0x2a contiki-native.a(nullmac.o)
 .comment       0x0000000000000000       0x2a contiki-native.a(nullrdc.o)
 .comment       0x0000000000000000       0x2a contiki-native.a(nullsec.o)
 .comment       0x0000000000000000       0x2a contiki-native.a(sicslowpan.o)
 .comment       0x0000000000000000       0x2a contiki-native.a(clock.o)
 .comment       0x0000000000000000       0x2a contiki-native.a(rtimer-arch.o)
 .comment       0x0000000000000000       0x2a contiki-native.a(watchdog.o)
 .comment       0x0000000000000000       0x2a contiki-native.a(stimer.o)
 .comment       0x0000000000000000       0x2a contiki-native.a(nullradio.o)
 .comment       0x0000000000000000       0x2a contiki-native.a(memb.o)
 .comment       0x0000000000000000       0x2a contiki-native.a(random.o)
 .comment       0x0000000000000000       0x2a contiki-native.a(framer-802154.o)
 .comment       0x0000000000000000       0x2a contiki-native.a(framer.o)
 .comment       0x0000000000000000       0x2a contiki-native.a(mac.o)
 .comment       0x0000000000000000       0x2a contiki-native.a(frame802154.o)
 .comment       0x0000000000000029       0x24 /usr/lib/i386-linux-gnu/libc_nonshared.a(elf-init.oS)
                                         0x25 (size before relaxing)
 .comment       0x0000000000000000       0x2a /usr/lib/gcc/i686-linux-gnu/4.8/crtend.o

.debug
 *(.debug)

.line
 *(.line)

.debug_srcinfo
 *(.debug_srcinfo)

.debug_sfnames
 *(.debug_sfnames)

.debug_aranges  0x0000000000000000      0x640
 *(.debug_aranges)
 .debug_aranges
                0x0000000000000000       0x20 hello-world.co
 .debug_aranges
                0x0000000000000020       0x20 contiki-native.a(contiki-main.o)
 .debug_aranges
                0x0000000000000040       0x20 contiki-native.a(button-sensor.o)
 .debug_aranges
                0x0000000000000060       0x20 contiki-native.a(pir-sensor.o)
 .debug_aranges
                0x0000000000000080       0x20 contiki-native.a(vib-sensor.o)
 .debug_aranges
                0x00000000000000a0       0x20 contiki-native.a(sensors.o)
 .debug_aranges
                0x00000000000000c0       0x20 contiki-native.a(autostart.o)
 .debug_aranges
                0x00000000000000e0       0x20 contiki-native.a(ctimer.o)
 .debug_aranges
                0x0000000000000100       0x20 contiki-native.a(etimer.o)
 .debug_aranges
                0x0000000000000120       0x20 contiki-native.a(process.o)
 .debug_aranges
                0x0000000000000140       0x20 contiki-native.a(rtimer.o)
 .debug_aranges
                0x0000000000000160       0x20 contiki-native.a(timer.o)
 .debug_aranges
                0x0000000000000180       0x20 contiki-native.a(serial-line.o)
 .debug_aranges
                0x00000000000001a0       0x20 contiki-native.a(list.o)
 .debug_aranges
                0x00000000000001c0       0x20 contiki-native.a(ringbuf.o)
 .debug_aranges
                0x00000000000001e0       0x20 contiki-native.a(uip6.o)
 .debug_aranges
                0x0000000000000200       0x20 contiki-native.a(uip-ds6.o)
 .debug_aranges
                0x0000000000000220       0x20 contiki-native.a(uip-ds6-nbr.o)
 .debug_aranges
                0x0000000000000240       0x20 contiki-native.a(uip-ds6-route.o)
 .debug_aranges
                0x0000000000000260       0x20 contiki-native.a(uip-icmp6.o)
 .debug_aranges
                0x0000000000000280       0x20 contiki-native.a(uip-nd6.o)
 .debug_aranges
                0x00000000000002a0       0x20 contiki-native.a(tcpip.o)
 .debug_aranges
                0x00000000000002c0       0x20 contiki-native.a(uip-debug.o)
 .debug_aranges
                0x00000000000002e0       0x20 contiki-native.a(uip-packetqueue)
 .debug_aranges
                0x0000000000000300       0x20 contiki-native.a(rpl.o)
 .debug_aranges
                0x0000000000000320       0x20 contiki-native.a(rpl-dag.o)
 .debug_aranges
                0x0000000000000340       0x20 contiki-native.a(rpl-ext-header.)
 .debug_aranges
                0x0000000000000360       0x20 contiki-native.a(rpl-icmp6.o)
 .debug_aranges
                0x0000000000000380       0x20 contiki-native.a(rpl-mrhof.o)
 .debug_aranges
                0x00000000000003a0       0x20 contiki-native.a(rpl-timers.o)
 .debug_aranges
                0x00000000000003c0       0x20 contiki-native.a(linkaddr.o)
 .debug_aranges
                0x00000000000003e0       0x20 contiki-native.a(nbr-table.o)
 .debug_aranges
                0x0000000000000400       0x20 contiki-native.a(netstack.o)
 .debug_aranges
                0x0000000000000420       0x20 contiki-native.a(packetbuf.o)
 .debug_aranges
                0x0000000000000440       0x20 contiki-native.a(queuebuf.o)
 .debug_aranges
                0x0000000000000460       0x20 contiki-native.a(nullmac.o)
 .debug_aranges
                0x0000000000000480       0x20 contiki-native.a(nullrdc.o)
 .debug_aranges
                0x00000000000004a0       0x20 contiki-native.a(nullsec.o)
 .debug_aranges
                0x00000000000004c0       0x20 contiki-native.a(sicslowpan.o)
 .debug_aranges
                0x00000000000004e0       0x20 contiki-native.a(clock.o)
 .debug_aranges
                0x0000000000000500       0x20 contiki-native.a(rtimer-arch.o)
 .debug_aranges
                0x0000000000000520       0x20 contiki-native.a(watchdog.o)
 .debug_aranges
                0x0000000000000540       0x20 contiki-native.a(stimer.o)
 .debug_aranges
                0x0000000000000560       0x20 contiki-native.a(nullradio.o)
 .debug_aranges
                0x0000000000000580       0x20 contiki-native.a(memb.o)
 .debug_aranges
                0x00000000000005a0       0x20 contiki-native.a(random.o)
 .debug_aranges
                0x00000000000005c0       0x20 contiki-native.a(framer-802154.o)
 .debug_aranges
                0x00000000000005e0       0x20 contiki-native.a(framer.o)
 .debug_aranges
                0x0000000000000600       0x20 contiki-native.a(mac.o)
 .debug_aranges
                0x0000000000000620       0x20 contiki-native.a(frame802154.o)

.debug_pubnames
 *(.debug_pubnames)

.debug_info     0x0000000000000000    0x1ec2f
 *(.debug_info .gnu.linkonce.wi.*)
 .debug_info    0x0000000000000000      0x465 hello-world.co
 .debug_info    0x0000000000000465     0x12ef contiki-native.a(contiki-main.o)
 .debug_info    0x0000000000001754      0x1c9 contiki-native.a(button-sensor.o)
 .debug_info    0x000000000000191d      0x1e6 contiki-native.a(pir-sensor.o)
 .debug_info    0x0000000000001b03      0x1d8 contiki-native.a(vib-sensor.o)
 .debug_info    0x0000000000001cdb      0x47f contiki-native.a(sensors.o)
 .debug_info    0x000000000000215a      0x1f0 contiki-native.a(autostart.o)
 .debug_info    0x000000000000234a      0x67b contiki-native.a(ctimer.o)
 .debug_info    0x00000000000029c5      0x5fe contiki-native.a(etimer.o)
 .debug_info    0x0000000000002fc3      0x846 contiki-native.a(process.o)
 .debug_info    0x0000000000003809      0x1e8 contiki-native.a(rtimer.o)
 .debug_info    0x00000000000039f1      0x1ae contiki-native.a(timer.o)
 .debug_info    0x0000000000003b9f      0x479 contiki-native.a(serial-line.o)
 .debug_info    0x0000000000004018      0x354 contiki-native.a(list.o)
 .debug_info    0x000000000000436c      0x1ba contiki-native.a(ringbuf.o)
 .debug_info    0x0000000000004526     0x1888 contiki-native.a(uip6.o)
 .debug_info    0x0000000000005dae     0x11bf contiki-native.a(uip-ds6.o)
 .debug_info    0x0000000000006f6d     0x11a4 contiki-native.a(uip-ds6-nbr.o)
 .debug_info    0x0000000000008111     0x18c0 contiki-native.a(uip-ds6-route.o)
 .debug_info    0x00000000000099d1      0xbfb contiki-native.a(uip-icmp6.o)
 .debug_info    0x000000000000a5cc     0x10e0 contiki-native.a(uip-nd6.o)
 .debug_info    0x000000000000b6ac     0x209f contiki-native.a(tcpip.o)
 .debug_info    0x000000000000d74b      0x5ca contiki-native.a(uip-debug.o)
 .debug_info    0x000000000000dd15      0x76b contiki-native.a(uip-packetqueue)
 .debug_info    0x000000000000e480     0x1200 contiki-native.a(rpl.o)
 .debug_info    0x000000000000f680     0x2dbe contiki-native.a(rpl-dag.o)
 .debug_info    0x000000000001243e     0x1105 contiki-native.a(rpl-ext-header.)
 .debug_info    0x0000000000013543     0x20ef contiki-native.a(rpl-icmp6.o)
 .debug_info    0x0000000000015632      0xd4c contiki-native.a(rpl-mrhof.o)
 .debug_info    0x000000000001637e     0x12e2 contiki-native.a(rpl-timers.o)
 .debug_info    0x0000000000017660      0x228 contiki-native.a(linkaddr.o)
 .debug_info    0x0000000000017888      0xe44 contiki-native.a(nbr-table.o)
 .debug_info    0x00000000000186cc      0x468 contiki-native.a(netstack.o)
 .debug_info    0x0000000000018b34      0x8e5 contiki-native.a(packetbuf.o)
 .debug_info    0x0000000000019419      0x82a contiki-native.a(queuebuf.o)
 .debug_info    0x0000000000019c43      0x39f contiki-native.a(nullmac.o)
 .debug_info    0x0000000000019fe2      0x872 contiki-native.a(nullrdc.o)
 .debug_info    0x000000000001a854      0x3ac contiki-native.a(nullsec.o)
 .debug_info    0x000000000001ac00     0x1eb2 contiki-native.a(sicslowpan.o)
 .debug_info    0x000000000001cab2      0x1a9 contiki-native.a(clock.o)
 .debug_info    0x000000000001cc5b      0x272 contiki-native.a(rtimer-arch.o)
 .debug_info    0x000000000001cecd       0xf3 contiki-native.a(watchdog.o)
 .debug_info    0x000000000001cfc0      0x1c3 contiki-native.a(stimer.o)
 .debug_info    0x000000000001d183      0x49e contiki-native.a(nullradio.o)
 .debug_info    0x000000000001d621      0x2ae contiki-native.a(memb.o)
 .debug_info    0x000000000001d8cf       0xf6 contiki-native.a(random.o)
 .debug_info    0x000000000001d9c5      0x905 contiki-native.a(framer-802154.o)
 .debug_info    0x000000000001e2ca      0x1ed contiki-native.a(framer.o)
 .debug_info    0x000000000001e4b7      0x13b contiki-native.a(mac.o)
 .debug_info    0x000000000001e5f2      0x63d contiki-native.a(frame802154.o)

.debug_abbrev   0x0000000000000000     0x75ff
 *(.debug_abbrev)
 .debug_abbrev  0x0000000000000000      0x1c3 hello-world.co
 .debug_abbrev  0x00000000000001c3      0x456 contiki-native.a(contiki-main.o)
 .debug_abbrev  0x0000000000000619       0xe8 contiki-native.a(button-sensor.o)
 .debug_abbrev  0x0000000000000701      0x106 contiki-native.a(pir-sensor.o)
 .debug_abbrev  0x0000000000000807      0x106 contiki-native.a(vib-sensor.o)
 .debug_abbrev  0x000000000000090d      0x2be contiki-native.a(sensors.o)
 .debug_abbrev  0x0000000000000bcb      0x129 contiki-native.a(autostart.o)
 .debug_abbrev  0x0000000000000cf4      0x215 contiki-native.a(ctimer.o)
 .debug_abbrev  0x0000000000000f09      0x2da contiki-native.a(etimer.o)
 .debug_abbrev  0x00000000000011e3      0x336 contiki-native.a(process.o)
 .debug_abbrev  0x0000000000001519      0x162 contiki-native.a(rtimer.o)
 .debug_abbrev  0x000000000000167b       0xdf contiki-native.a(timer.o)
 .debug_abbrev  0x000000000000175a      0x25e contiki-native.a(serial-line.o)
 .debug_abbrev  0x00000000000019b8      0x18b contiki-native.a(list.o)
 .debug_abbrev  0x0000000000001b43       0xea contiki-native.a(ringbuf.o)
 .debug_abbrev  0x0000000000001c2d      0x3fc contiki-native.a(uip6.o)
 .debug_abbrev  0x0000000000002029      0x30f contiki-native.a(uip-ds6.o)
 .debug_abbrev  0x0000000000002338      0x306 contiki-native.a(uip-ds6-nbr.o)
 .debug_abbrev  0x000000000000263e      0x3c3 contiki-native.a(uip-ds6-route.o)
 .debug_abbrev  0x0000000000002a01      0x3fb contiki-native.a(uip-icmp6.o)
 .debug_abbrev  0x0000000000002dfc      0x3b3 contiki-native.a(uip-nd6.o)
 .debug_abbrev  0x00000000000031af      0x525 contiki-native.a(tcpip.o)
 .debug_abbrev  0x00000000000036d4      0x1ba contiki-native.a(uip-debug.o)
 .debug_abbrev  0x000000000000388e      0x222 contiki-native.a(uip-packetqueue)
 .debug_abbrev  0x0000000000003ab0      0x37b contiki-native.a(rpl.o)
 .debug_abbrev  0x0000000000003e2b      0x59f contiki-native.a(rpl-dag.o)
 .debug_abbrev  0x00000000000043ca      0x3d9 contiki-native.a(rpl-ext-header.)
 .debug_abbrev  0x00000000000047a3      0x4a1 contiki-native.a(rpl-icmp6.o)
 .debug_abbrev  0x0000000000004c44      0x25f contiki-native.a(rpl-mrhof.o)
 .debug_abbrev  0x0000000000004ea3      0x3a1 contiki-native.a(rpl-timers.o)
 .debug_abbrev  0x0000000000005244      0x15a contiki-native.a(linkaddr.o)
 .debug_abbrev  0x000000000000539e      0x33d contiki-native.a(nbr-table.o)
 .debug_abbrev  0x00000000000056db      0x102 contiki-native.a(netstack.o)
 .debug_abbrev  0x00000000000057dd      0x316 contiki-native.a(packetbuf.o)
 .debug_abbrev  0x0000000000005af3      0x26b contiki-native.a(queuebuf.o)
 .debug_abbrev  0x0000000000005d5e      0x192 contiki-native.a(nullmac.o)
 .debug_abbrev  0x0000000000005ef0      0x318 contiki-native.a(nullrdc.o)
 .debug_abbrev  0x0000000000006208      0x19e contiki-native.a(nullsec.o)
 .debug_abbrev  0x00000000000063a6      0x4c6 contiki-native.a(sicslowpan.o)
 .debug_abbrev  0x000000000000686c       0xe5 contiki-native.a(clock.o)
 .debug_abbrev  0x0000000000006951      0x154 contiki-native.a(rtimer-arch.o)
 .debug_abbrev  0x0000000000006aa5       0x8b contiki-native.a(watchdog.o)
 .debug_abbrev  0x0000000000006b30       0xc3 contiki-native.a(stimer.o)
 .debug_abbrev  0x0000000000006bf3      0x174 contiki-native.a(nullradio.o)
 .debug_abbrev  0x0000000000006d67      0x16b contiki-native.a(memb.o)
 .debug_abbrev  0x0000000000006ed2       0xbe contiki-native.a(random.o)
 .debug_abbrev  0x0000000000006f90      0x28c contiki-native.a(framer-802154.o)
 .debug_abbrev  0x000000000000721c       0xe4 contiki-native.a(framer.o)
 .debug_abbrev  0x0000000000007300       0xbb contiki-native.a(mac.o)
 .debug_abbrev  0x00000000000073bb      0x244 contiki-native.a(frame802154.o)

.debug_line     0x0000000000000000     0x640c
 *(.debug_line .debug_line.* .debug_line_end)
 .debug_line    0x0000000000000000      0x11b hello-world.co
 .debug_line    0x000000000000011b      0x44f contiki-native.a(contiki-main.o)
 .debug_line    0x000000000000056a       0x81 contiki-native.a(button-sensor.o)
 .debug_line    0x00000000000005eb       0x7f contiki-native.a(pir-sensor.o)
 .debug_line    0x000000000000066a       0x7f contiki-native.a(vib-sensor.o)
 .debug_line    0x00000000000006e9      0x14e contiki-native.a(sensors.o)
 .debug_line    0x0000000000000837       0x99 contiki-native.a(autostart.o)
 .debug_line    0x00000000000008d0      0x13d contiki-native.a(ctimer.o)
 .debug_line    0x0000000000000a0d      0x157 contiki-native.a(etimer.o)
 .debug_line    0x0000000000000b64      0x1c1 contiki-native.a(process.o)
 .debug_line    0x0000000000000d25       0x77 contiki-native.a(rtimer.o)
 .debug_line    0x0000000000000d9c       0xaf contiki-native.a(timer.o)
 .debug_line    0x0000000000000e4b       0xf9 contiki-native.a(serial-line.o)
 .debug_line    0x0000000000000f44       0xe8 contiki-native.a(list.o)
 .debug_line    0x000000000000102c       0x9d contiki-native.a(ringbuf.o)
 .debug_line    0x00000000000010c9      0x6d2 contiki-native.a(uip6.o)
 .debug_line    0x000000000000179b      0x3a3 contiki-native.a(uip-ds6.o)
 .debug_line    0x0000000000001b3e      0x2f2 contiki-native.a(uip-ds6-nbr.o)
 .debug_line    0x0000000000001e30      0x3b3 contiki-native.a(uip-ds6-route.o)
 .debug_line    0x00000000000021e3      0x304 contiki-native.a(uip-icmp6.o)
 .debug_line    0x00000000000024e7      0x3bf contiki-native.a(uip-nd6.o)
 .debug_line    0x00000000000028a6      0x3f6 contiki-native.a(tcpip.o)
 .debug_line    0x0000000000002c9c      0x176 contiki-native.a(uip-debug.o)
 .debug_line    0x0000000000002e12      0x1d7 contiki-native.a(uip-packetqueue)
 .debug_line    0x0000000000002fe9      0x2f0 contiki-native.a(rpl.o)
 .debug_line    0x00000000000032d9      0x770 contiki-native.a(rpl-dag.o)
 .debug_line    0x0000000000003a49      0x352 contiki-native.a(rpl-ext-header.)
 .debug_line    0x0000000000003d9b      0x581 contiki-native.a(rpl-icmp6.o)
 .debug_line    0x000000000000431c      0x27b contiki-native.a(rpl-mrhof.o)
 .debug_line    0x0000000000004597      0x324 contiki-native.a(rpl-timers.o)
 .debug_line    0x00000000000048bb       0xf5 contiki-native.a(linkaddr.o)
 .debug_line    0x00000000000049b0      0x236 contiki-native.a(nbr-table.o)
 .debug_line    0x0000000000004be6       0xe4 contiki-native.a(netstack.o)
 .debug_line    0x0000000000004cca      0x1df contiki-native.a(packetbuf.o)
 .debug_line    0x0000000000004ea9      0x104 contiki-native.a(queuebuf.o)
 .debug_line    0x0000000000004fad       0xdc contiki-native.a(nullmac.o)
 .debug_line    0x0000000000005089      0x184 contiki-native.a(nullrdc.o)
 .debug_line    0x000000000000520d       0xe8 contiki-native.a(nullsec.o)
 .debug_line    0x00000000000052f5      0x6f8 contiki-native.a(sicslowpan.o)
 .debug_line    0x00000000000059ed       0xcb contiki-native.a(clock.o)
 .debug_line    0x0000000000005ab8      0x12d contiki-native.a(rtimer-arch.o)
 .debug_line    0x0000000000005be5       0x6c contiki-native.a(watchdog.o)
 .debug_line    0x0000000000005c51       0x8c contiki-native.a(stimer.o)
 .debug_line    0x0000000000005cdd       0xb7 contiki-native.a(nullradio.o)
 .debug_line    0x0000000000005d94      0x116 contiki-native.a(memb.o)
 .debug_line    0x0000000000005eaa       0x65 contiki-native.a(random.o)
 .debug_line    0x0000000000005f0f      0x1c4 contiki-native.a(framer-802154.o)
 .debug_line    0x00000000000060d3       0xe4 contiki-native.a(framer.o)
 .debug_line    0x00000000000061b7       0x6c contiki-native.a(mac.o)
 .debug_line    0x0000000000006223      0x1e9 contiki-native.a(frame802154.o)

.debug_frame
 *(.debug_frame)

.debug_str      0x0000000000000000     0x44a5
 *(.debug_str)
 .debug_str     0x0000000000000000      0x2d8 hello-world.co
                                        0x371 (size before relaxing)
 .debug_str     0x00000000000002d8      0x42c contiki-native.a(contiki-main.o)
                                        0x7f6 (size before relaxing)
 .debug_str     0x0000000000000704       0x47 contiki-native.a(button-sensor.o)
                                        0x17e (size before relaxing)
 .debug_str     0x000000000000074b       0x4d contiki-native.a(pir-sensor.o)
                                        0x191 (size before relaxing)
 .debug_str     0x0000000000000798       0x3a contiki-native.a(vib-sensor.o)
                                        0x17e (size before relaxing)
 .debug_str     0x00000000000007d2       0xc1 contiki-native.a(sensors.o)
                                        0x2a0 (size before relaxing)
 .debug_str     0x0000000000000893       0x37 contiki-native.a(autostart.o)
                                        0x1aa (size before relaxing)
 .debug_str     0x00000000000008ca      0x143 contiki-native.a(ctimer.o)
                                        0x2f1 (size before relaxing)
 .debug_str     0x0000000000000a0d       0xdd contiki-native.a(etimer.o)
                                        0x330 (size before relaxing)
 .debug_str     0x0000000000000aea       0xf4 contiki-native.a(process.o)
                                        0x453 (size before relaxing)
 .debug_str     0x0000000000000bde       0xd6 contiki-native.a(rtimer.o)
                                        0x1f7 (size before relaxing)
 .debug_str     0x0000000000000cb4       0x22 contiki-native.a(timer.o)
                                        0x189 (size before relaxing)
 .debug_str     0x0000000000000cd6       0xb1 contiki-native.a(serial-line.o)
                                        0x2af (size before relaxing)
 .debug_str     0x0000000000000d87       0x7f contiki-native.a(list.o)
                                        0x12f (size before relaxing)
 .debug_str     0x0000000000000e06       0x37 contiki-native.a(ringbuf.o)
                                        0x191 (size before relaxing)
 .debug_str     0x0000000000000e3d      0x694 contiki-native.a(uip6.o)
                                        0xb09 (size before relaxing)
 .debug_str     0x00000000000014d1      0x313 contiki-native.a(uip-ds6.o)
                                        0x898 (size before relaxing)
 .debug_str     0x00000000000017e4      0x5ab contiki-native.a(uip-ds6-nbr.o)
                                        0xae9 (size before relaxing)
 .debug_str     0x0000000000001d8f      0x3f2 contiki-native.a(uip-ds6-route.o)
                                        0xb11 (size before relaxing)
 .debug_str     0x0000000000002181      0x23f contiki-native.a(uip-icmp6.o)
                                        0x64c (size before relaxing)
 .debug_str     0x00000000000023c0      0x124 contiki-native.a(uip-nd6.o)
                                        0x8c6 (size before relaxing)
 .debug_str     0x00000000000024e4      0x41f contiki-native.a(tcpip.o)
                                        0xf3d (size before relaxing)
 .debug_str     0x0000000000002903       0x47 contiki-native.a(uip-debug.o)
                                        0x35e (size before relaxing)
 .debug_str     0x000000000000294a       0x6f contiki-native.a(uip-packetqueue)
                                        0x4c7 (size before relaxing)
 .debug_str     0x00000000000029b9      0x18d contiki-native.a(rpl.o)
                                        0xac8 (size before relaxing)
 .debug_str     0x0000000000002b46      0x4d7 contiki-native.a(rpl-dag.o)
                                        0xf20 (size before relaxing)
 .debug_str     0x000000000000301d       0xa7 contiki-native.a(rpl-ext-header.)
                                        0xb6d (size before relaxing)
 .debug_str     0x00000000000030c4      0x124 contiki-native.a(rpl-icmp6.o)
                                        0xf26 (size before relaxing)
 .debug_str     0x00000000000031e8       0xf9 contiki-native.a(rpl-mrhof.o)
                                        0x83a (size before relaxing)
 .debug_str     0x00000000000032e1       0xf2 contiki-native.a(rpl-timers.o)
                                        0x9e5 (size before relaxing)
 .debug_str     0x00000000000033d3       0x47 contiki-native.a(linkaddr.o)
                                        0x1af (size before relaxing)
 .debug_str     0x000000000000341a      0x1a6 contiki-native.a(nbr-table.o)
                                        0x482 (size before relaxing)
 .debug_str     0x00000000000035c0      0x118 contiki-native.a(netstack.o)
                                        0x2f2 (size before relaxing)
 .debug_str     0x00000000000036d8      0x215 contiki-native.a(packetbuf.o)
                                        0x5a7 (size before relaxing)
 .debug_str     0x00000000000038ed      0x1aa contiki-native.a(queuebuf.o)
                                        0x576 (size before relaxing)
 .debug_str     0x0000000000003a97       0x86 contiki-native.a(nullmac.o)
                                        0x23f (size before relaxing)
 .debug_str     0x0000000000003b1d       0xab contiki-native.a(nullrdc.o)
                                        0x683 (size before relaxing)
 .debug_str     0x0000000000003bc8       0x2f contiki-native.a(nullsec.o)
                                        0x409 (size before relaxing)
 .debug_str     0x0000000000003bf7      0x370 contiki-native.a(sicslowpan.o)
                                        0xcf7 (size before relaxing)
 .debug_str     0x0000000000003f67       0x6a contiki-native.a(clock.o)
                                        0x1ae (size before relaxing)
 .debug_str     0x0000000000003fd1       0xb1 contiki-native.a(rtimer-arch.o)
                                        0x23a (size before relaxing)
 .debug_str     0x0000000000004082       0x59 contiki-native.a(watchdog.o)
                                        0x16e (size before relaxing)
 .debug_str     0x00000000000040db       0x43 contiki-native.a(stimer.o)
                                        0x190 (size before relaxing)
 .debug_str     0x000000000000411e       0x33 contiki-native.a(nullradio.o)
                                        0x256 (size before relaxing)
 .debug_str     0x0000000000004151       0x24 contiki-native.a(memb.o)
                                        0x18a (size before relaxing)
 .debug_str     0x0000000000004175       0x2f contiki-native.a(random.o)
                                        0x13e (size before relaxing)
 .debug_str     0x00000000000041a4      0x228 contiki-native.a(framer-802154.o)
                                        0x6c5 (size before relaxing)
 .debug_str     0x00000000000043cc       0x3f contiki-native.a(framer.o)
                                        0x215 (size before relaxing)
 .debug_str     0x000000000000440b       0x20 contiki-native.a(mac.o)
                                        0x1a4 (size before relaxing)
 .debug_str     0x000000000000442b       0x7a contiki-native.a(frame802154.o)
                                        0x3bf (size before relaxing)

.debug_loc      0x0000000000000000     0x756b
 *(.debug_loc)
 .debug_loc     0x0000000000000000       0x20 hello-world.co
 .debug_loc     0x0000000000000020      0x28e contiki-native.a(contiki-main.o)
 .debug_loc     0x00000000000002ae      0x181 contiki-native.a(sensors.o)
 .debug_loc     0x000000000000042f       0x28 contiki-native.a(autostart.o)
 .debug_loc     0x0000000000000457       0xec contiki-native.a(ctimer.o)
 .debug_loc     0x0000000000000543      0x11f contiki-native.a(etimer.o)
 .debug_loc     0x0000000000000662      0x20f contiki-native.a(process.o)
 .debug_loc     0x0000000000000871       0x39 contiki-native.a(rtimer.o)
 .debug_loc     0x00000000000008aa       0x26 contiki-native.a(timer.o)
 .debug_loc     0x00000000000008d0       0x6e contiki-native.a(serial-line.o)
 .debug_loc     0x000000000000093e      0x1e7 contiki-native.a(list.o)
 .debug_loc     0x0000000000000b25       0x3e contiki-native.a(ringbuf.o)
 .debug_loc     0x0000000000000b63      0x510 contiki-native.a(uip6.o)
 .debug_loc     0x0000000000001073      0x221 contiki-native.a(uip-ds6.o)
 .debug_loc     0x0000000000001294      0x1dd contiki-native.a(uip-ds6-nbr.o)
 .debug_loc     0x0000000000001471      0x54d contiki-native.a(uip-ds6-route.o)
 .debug_loc     0x00000000000019be      0x216 contiki-native.a(uip-icmp6.o)
 .debug_loc     0x0000000000001bd4      0x2f3 contiki-native.a(uip-nd6.o)
 .debug_loc     0x0000000000001ec7      0x3eb contiki-native.a(tcpip.o)
 .debug_loc     0x00000000000022b2      0x177 contiki-native.a(uip-debug.o)
 .debug_loc     0x0000000000002429       0x1f contiki-native.a(uip-packetqueue)
 .debug_loc     0x0000000000002448      0x114 contiki-native.a(rpl.o)
 .debug_loc     0x000000000000255c     0x105b contiki-native.a(rpl-dag.o)
 .debug_loc     0x00000000000035b7      0x13b contiki-native.a(rpl-ext-header.)
 .debug_loc     0x00000000000036f2      0xef3 contiki-native.a(rpl-icmp6.o)