Archive member included because of file (symbol)

contiki-cc2538dk.a(contiki-main.o)
                              obj_cc2538dk/startup-gcc.o (main)
contiki-cc2538dk.a(sensors.o)
                              contiki-cc2538dk.a(contiki-main.o) (sensors_process)
contiki-cc2538dk.a(smartrf-sensors)
                              contiki-cc2538dk.a(sensors.o) (sensors_flags)
contiki-cc2538dk.a(button-sensor.o)
                              contiki-cc2538dk.a(contiki-main.o) (button_sensor_init)
contiki-cc2538dk.a(als-sensor.o)
                              contiki-cc2538dk.a(smartrf-sensors) (als_sensor)
contiki-cc2538dk.a(clock.o)   contiki-cc2538dk.a(contiki-main.o) (clock_init)
contiki-cc2538dk.a(rtimer-arch.o)
                              contiki-cc2538dk.a(clock.o) (rtimer_arch_now)
contiki-cc2538dk.a(uart.o)    contiki-cc2538dk.a(contiki-main.o) (uart_init)
contiki-cc2538dk.a(watchdog.o)
                              contiki-cc2538dk.a(contiki-main.o) (watchdog_init)
contiki-cc2538dk.a(nvic.o)    contiki-cc2538dk.a(contiki-main.o) (nvic_init)
contiki-cc2538dk.a(cpu.o)     contiki-cc2538dk.a(contiki-main.o) (cpu_cpsie)
contiki-cc2538dk.a(sys-ctrl.o)
                              contiki-cc2538dk.a(contiki-main.o) (sys_ctrl_init)
contiki-cc2538dk.a(gpio.o)    contiki-cc2538dk.a(button-sensor.o) (gpio_register_callback)
contiki-cc2538dk.a(ioc.o)     contiki-cc2538dk.a(contiki-main.o) (ioc_init)
contiki-cc2538dk.a(adc.o)     contiki-cc2538dk.a(contiki-main.o) (adc_init)
contiki-cc2538dk.a(crypto.o)  obj_cc2538dk/startup-gcc.o (crypto_isr)
contiki-cc2538dk.a(cc2538-rf.o)
                              obj_cc2538dk/startup-gcc.o (cc2538_rf_rx_tx_isr)
contiki-cc2538dk.a(udma.o)    contiki-cc2538dk.a(contiki-main.o) (udma_init)
contiki-cc2538dk.a(lpm.o)     contiki-cc2538dk.a(rtimer-arch.o) (lpm_exit)
contiki-cc2538dk.a(dbg.o)     hello-world.co (puts)
contiki-cc2538dk.a(ieee-addr.o)
                              contiki-cc2538dk.a(contiki-main.o) (ieee_addr_cpy_to)
contiki-cc2538dk.a(cc2538-temp-sen)
                              contiki-cc2538dk.a(smartrf-sensors) (cc2538_temp_sensor)
contiki-cc2538dk.a(vdd3-sensor.o)
                              contiki-cc2538dk.a(smartrf-sensors) (vdd3_sensor)
contiki-cc2538dk.a(dbg-printf.o)
                              contiki-cc2538dk.a(contiki-main.o) (printf)
contiki-cc2538dk.a(strformat.o)
                              contiki-cc2538dk.a(dbg-printf.o) (format_str_v)
contiki-cc2538dk.a(autostart.o)
                              contiki-cc2538dk.a(contiki-main.o) (autostart_start)
contiki-cc2538dk.a(ctimer.o)  contiki-cc2538dk.a(contiki-main.o) (ctimer_init)
contiki-cc2538dk.a(energest.o)
                              contiki-cc2538dk.a(contiki-main.o) (energest_init)
contiki-cc2538dk.a(etimer.o)  contiki-cc2538dk.a(clock.o) (etimer_request_poll)
contiki-cc2538dk.a(process.o)
                              contiki-cc2538dk.a(sensors.o) (process_alloc_event)
contiki-cc2538dk.a(rtimer.o)  contiki-cc2538dk.a(contiki-main.o) (rtimer_init)
contiki-cc2538dk.a(timer.o)   contiki-cc2538dk.a(button-sensor.o) (timer_set)
contiki-cc2538dk.a(serial-line.o)
                              contiki-cc2538dk.a(contiki-main.o) (serial_line_input_byte)
contiki-cc2538dk.a(list.o)    contiki-cc2538dk.a(ctimer.o) (list_init)
contiki-cc2538dk.a(random.o)  contiki-cc2538dk.a(contiki-main.o) (random_init)
contiki-cc2538dk.a(ringbuf.o)
                              contiki-cc2538dk.a(serial-line.o) (ringbuf_init)
contiki-cc2538dk.a(sicslowpan.o)
                              contiki-cc2538dk.a(contiki-main.o) (sicslowpan_driver)
contiki-cc2538dk.a(uip6.o)    contiki-cc2538dk.a(sicslowpan.o) (uip_aligned_buf)
contiki-cc2538dk.a(uip-ds6.o)
                              contiki-cc2538dk.a(uip6.o) (uip_ds6_is_addr_onlink)
contiki-cc2538dk.a(uip-ds6-nbr.o)
                              contiki-cc2538dk.a(uip-ds6.o) (uip_ds6_neighbors_init)
contiki-cc2538dk.a(uip-ds6-route.o)
                              contiki-cc2538dk.a(uip-ds6.o) (uip_ds6_route_init)
contiki-cc2538dk.a(uip-icmp6.o)
                              contiki-cc2538dk.a(uip6.o) (uip_icmp6_input)
contiki-cc2538dk.a(uip-nd6.o)
                              contiki-cc2538dk.a(uip-ds6-nbr.o) (uip_nd6_ns_output)
contiki-cc2538dk.a(tcpip.o)   contiki-cc2538dk.a(sicslowpan.o) (tcpip_set_outputfunc)
contiki-cc2538dk.a(uip-debug.o)
                              contiki-cc2538dk.a(uip-ds6-route.o) (uip_debug_ipaddr_print)
contiki-cc2538dk.a(rpl.o)     contiki-cc2538dk.a(uip-ds6-nbr.o) (rpl_link_neighbor_callback)
contiki-cc2538dk.a(rpl-dag.o)
                              contiki-cc2538dk.a(rpl.o) (default_instance)
contiki-cc2538dk.a(rpl-ext-header.)
                              contiki-cc2538dk.a(uip6.o) (rpl_verify_header)
contiki-cc2538dk.a(rpl-icmp6.o)
                              contiki-cc2538dk.a(rpl.o) (dao_output_target)
contiki-cc2538dk.a(rpl-mrhof.o)
                              contiki-cc2538dk.a(rpl.o) (rpl_mrhof)
[...]
Memory Configuration

Name             Origin             Length             Attributes
FLASH            0x00200000         0x0007ffd4         xr
FLASH_CCA        0x0027ffd4         0x0000002c         xr
SRAM             0x20000000         0x00008000         xrw
*default*        0x00000000         0xffffffff

Linker script and memory map

LOAD obj_cc2538dk/startup-gcc.o
LOAD hello-world.co
LOAD contiki-cc2538dk.a
START GROUP
LOAD /usr/bin/../lib/gcc/arm-none-eabi/4.9.3/armv7-m/libgcc.a
LOAD /usr/bin/../lib/gcc/arm-none-eabi/4.9.3/../../../../arm-none-eabi/lib/armv7-m/libc.a
END GROUP

.text           0x00200000     0xa3ec
                0x00200000                _text = .
 *(SORT(.vectors))
 .vectors       0x00200000      0x28c obj_cc2538dk/startup-gcc.o
                0x00200000                vectors
 *(SORT(.text*))
 .text.reset_handler
                0x0020028c       0x40 obj_cc2538dk/startup-gcc.o
                0x0020028c                reset_handler
 .text.process_thread_hello_world_process
                0x002002cc       0x1c hello-world.co
 .text.startup.main
                0x002002e8      0x19c contiki-cc2538dk.a(contiki-main.o)
                0x002002e8                main
 .text.process_thread_sensors_process
                0x00200484       0xd4 contiki-cc2538dk.a(sensors.o)
 .text.sensors_changed
                0x00200558       0x38 contiki-cc2538dk.a(sensors.o)
                0x00200558                sensors_changed
 .text.config_select
                0x00200590       0x30 contiki-cc2538dk.a(button-sensor.o)
 .text.config_left
                0x002005c0       0x30 contiki-cc2538dk.a(button-sensor.o)
 .text.config_right
                0x002005f0       0x30 contiki-cc2538dk.a(button-sensor.o)
 .text.config_up
                0x00200620       0x30 contiki-cc2538dk.a(button-sensor.o)
 .text.config_down
                0x00200650       0x30 contiki-cc2538dk.a(button-sensor.o)
 .text.btn_callback
                0x00200680       0x64 contiki-cc2538dk.a(button-sensor.o)
 .text.button_sensor_init
                0x002006e4        0xc contiki-cc2538dk.a(button-sensor.o)
                0x002006e4                button_sensor_init
 .text.value    0x002006f0       0x24 contiki-cc2538dk.a(als-sensor.o)
 .text.configure
                0x00200714       0x54 contiki-cc2538dk.a(als-sensor.o)
 .text.update_ticks
                0x00200768       0x4c contiki-cc2538dk.a(clock.o)
 .text.clock_init
                0x002007b4       0x50 contiki-cc2538dk.a(clock.o)
                0x002007b4                clock_init
 .text.clock_time
                0x00200804       0x14 contiki-cc2538dk.a(clock.o)
                0x00200804                clock_time
 .text.clock_seconds
                0x00200818       0x14 contiki-cc2538dk.a(clock.o)
                0x00200818                clock_seconds
 .text.clock_delay_usec
                0x0020082c       0x1c contiki-cc2538dk.a(clock.o)
                0x0020082c                clock_delay_usec
 .text.clock_adjust
                0x00200848       0x20 contiki-cc2538dk.a(clock.o)
                0x00200848                clock_adjust
 .text.rtimer_arch_next_trigger
                0x00200868        0xc contiki-cc2538dk.a(rtimer-arch.o)
                0x00200868                rtimer_arch_next_trigger
 .text.rtimer_arch_now
                0x00200874       0x2c contiki-cc2538dk.a(rtimer-arch.o)
                0x00200874                rtimer_arch_now
 .text.rtimer_arch_schedule
                0x002008a0       0x58 contiki-cc2538dk.a(rtimer-arch.o)
                0x002008a0                rtimer_arch_schedule
 .text.rtimer_isr
                0x002008f8       0x24 contiki-cc2538dk.a(rtimer-arch.o)
                0x002008f8                rtimer_isr
 .text.permit_pm1
                0x0020091c       0x2c contiki-cc2538dk.a(uart.o)
 .text.uart_isr
                0x00200948       0x64 contiki-cc2538dk.a(uart.o)
 .text.uart_init
                0x002009ac      0x1ac contiki-cc2538dk.a(uart.o)
                0x002009ac                uart_init
 .text.uart_set_input
                0x00200b58       0x10 contiki-cc2538dk.a(uart.o)
                0x00200b58                uart_set_input
 .text.uart_write_byte
                0x00200b68       0x1c contiki-cc2538dk.a(uart.o)
                0x00200b68                uart_write_byte
 .text.watchdog_init
                0x00200b84        0xc contiki-cc2538dk.a(watchdog.o)
                0x00200b84                watchdog_init
 .text.watchdog_start
                0x00200b90        0xc contiki-cc2538dk.a(watchdog.o)
                0x00200b90                watchdog_start
 .text.watchdog_periodic
                0x00200b9c       0x10 contiki-cc2538dk.a(watchdog.o)
                0x00200b9c                watchdog_periodic
 .text.nvic_init
                0x00200bac       0x3c contiki-cc2538dk.a(nvic.o)
                0x00200bac                nvic_init
 .text.nvic_interrupt_enable
                0x00200be8       0x18 contiki-cc2538dk.a(nvic.o)
                0x00200be8                nvic_interrupt_enable
 .text.nvic_interrupt_disable
                0x00200c00       0x18 contiki-cc2538dk.a(nvic.o)
                0x00200c00                nvic_interrupt_disable
 .text.nvic_interrupt_unpend
                0x00200c18       0x18 contiki-cc2538dk.a(nvic.o)
                0x00200c18                nvic_interrupt_unpend
 .text.sys_ctrl_init
                0x00200c30       0x28 contiki-cc2538dk.a(sys-ctrl.o)
                0x00200c30                sys_ctrl_init
 .text.gpio_register_callback
                0x00200c58       0x10 contiki-cc2538dk.a(gpio.o)
                0x00200c58                gpio_register_callback
 .text.notify   0x00200c68       0x30 contiki-cc2538dk.a(gpio.o)
                0x00200c68                notify
 .text.gpio_port_isr
                0x00200c98       0x50 contiki-cc2538dk.a(gpio.o)
 .text.gpio_init
                0x00200ce8       0x10 contiki-cc2538dk.a(gpio.o)
                0x00200ce8                gpio_init
 .text.ioc_init
                0x00200cf8       0x1c contiki-cc2538dk.a(ioc.o)
                0x00200cf8                ioc_init
 .text.ioc_set_over
                0x00200d14       0x14 contiki-cc2538dk.a(ioc.o)
                0x00200d14                ioc_set_over
 .text.ioc_set_sel
                0x00200d28       0x14 contiki-cc2538dk.a(ioc.o)
                0x00200d28                ioc_set_sel
 .text.adc_init
                0x00200d3c       0x10 contiki-cc2538dk.a(adc.o)
                0x00200d3c                adc_init
 .text.adc_get  0x00200d4c       0x78 contiki-cc2538dk.a(adc.o)
                0x00200d4c                adc_get
 .text.crypto_isr
                0x00200dc4       0x24 contiki-cc2538dk.a(crypto.o)
                0x00200dc4                crypto_isr
 .text.on       0x00200de8       0x2c contiki-cc2538dk.a(cc2538-rf.o)
 .text.off      0x00200e14       0x38 contiki-cc2538dk.a(cc2538-rf.o)
 .text.set_channel
                0x00200e4c       0x48 contiki-cc2538dk.a(cc2538-rf.o)
 .text.channel_clear
                0x00200e94       0x3c contiki-cc2538dk.a(cc2538-rf.o)
 .text.receiving_packet
                0x00200ed0       0x18 contiki-cc2538dk.a(cc2538-rf.o)
 .text.pending_packet
                0x00200ee8       0x10 contiki-cc2538dk.a(cc2538-rf.o)
 .text.get_value
                0x00200ef8      0x118 contiki-cc2538dk.a(cc2538-rf.o)
 .text.prepare  0x00201010       0x64 contiki-cc2538dk.a(cc2538-rf.o)
 .text.transmit
                0x00201074       0x8c contiki-cc2538dk.a(cc2538-rf.o)
 .text.set_frame_filtering
                0x00201100       0x18 contiki-cc2538dk.a(cc2538-rf.o)
 .text.set_value
                0x00201118       0xd4 contiki-cc2538dk.a(cc2538-rf.o)
 .text.get_object
                0x002011ec       0x30 contiki-cc2538dk.a(cc2538-rf.o)
 .text.set_object
                0x0020121c       0x30 contiki-cc2538dk.a(cc2538-rf.o)
 .text.read     0x0020124c       0xc4 contiki-cc2538dk.a(cc2538-rf.o)
 .text.init     0x00201310       0xcc contiki-cc2538dk.a(cc2538-rf.o)
 .text.process_thread_cc2538_rf_process
                0x002013dc       0x74 contiki-cc2538dk.a(cc2538-rf.o)
 .text.cc2538_rf_rx_tx_isr
                0x00201450       0x18 contiki-cc2538dk.a(cc2538-rf.o)
                0x00201450                cc2538_rf_rx_tx_isr
 .text.cc2538_rf_err_isr
                0x00201468       0x28 contiki-cc2538dk.a(cc2538-rf.o)
                0x00201468                cc2538_rf_err_isr
 .text.udma_init
                0x00201490       0x30 contiki-cc2538dk.a(udma.o)
                0x00201490                udma_init
 .text.udma_set_channel_src
                0x002014c0       0x10 contiki-cc2538dk.a(udma.o)
                0x002014c0                udma_set_channel_src
 .text.udma_set_channel_dst
                0x002014d0       0x14 contiki-cc2538dk.a(udma.o)
                0x002014d0                udma_set_channel_dst
 .text.udma_set_channel_control_word
                0x002014e4       0x14 contiki-cc2538dk.a(udma.o)
                0x002014e4                udma_set_channel_control_word
 .text.udma_channel_enable
                0x002014f8       0x18 contiki-cc2538dk.a(udma.o)
                0x002014f8                udma_channel_enable
 .text.udma_channel_mask_set
                0x00201510       0x18 contiki-cc2538dk.a(udma.o)
                0x00201510                udma_channel_mask_set
 .text.udma_channel_sw_request
                0x00201528       0x18 contiki-cc2538dk.a(udma.o)
                0x00201528                udma_channel_sw_request
 .text.udma_channel_get_mode
                0x00201540       0x1c contiki-cc2538dk.a(udma.o)
                0x00201540                udma_channel_get_mode
 .text.udma_isr
                0x0020155c       0x10 contiki-cc2538dk.a(udma.o)
                0x0020155c                udma_isr
 .text.udma_err_isr
                0x0020156c        0xc contiki-cc2538dk.a(udma.o)
                0x0020156c                udma_err_isr
 .text.select_32_mhz_xosc
                0x00201578       0x2c contiki-cc2538dk.a(lpm.o)
 .text.lpm_exit
                0x002015a4       0x34 contiki-cc2538dk.a(lpm.o)
                0x002015a4                lpm_exit
 .text.lpm_enter
                0x002015d8       0xb0 contiki-cc2538dk.a(lpm.o)
                0x002015d8                lpm_enter
 .text.lpm_register_peripheral
                0x00201688       0x20 contiki-cc2538dk.a(lpm.o)
                0x00201688                lpm_register_peripheral
 .text.lpm_init
                0x002016a8       0x24 contiki-cc2538dk.a(lpm.o)
                0x002016a8                lpm_init
 .text.ieee_addr_cpy_to
                0x002016cc       0x74 contiki-cc2538dk.a(ieee-addr.o)
                0x002016cc                ieee_addr_cpy_to
 .text.printf   0x00201740       0x20 contiki-cc2538dk.a(dbg-printf.o)
                0x00201740                printf
 .text.fill_space
                0x00201760       0x34 contiki-cc2538dk.a(strformat.o)
 .text.format_str_v
                0x00201794      0x6e8 contiki-cc2538dk.a(strformat.o)
                0x00201794                format_str_v
 .text.process_thread_ctimer_process
                0x00201e7c       0x80 contiki-cc2538dk.a(ctimer.o)
 .text.ctimer_init
                0x00201efc       0x28 contiki-cc2538dk.a(ctimer.o)
                0x00201efc                ctimer_init
 .text.ctimer_set
                0x00201f24       0x40 contiki-cc2538dk.a(ctimer.o)
                0x00201f24                ctimer_set
 .text.ctimer_reset
                0x00201f64       0x38 contiki-cc2538dk.a(ctimer.o)
                0x00201f64                ctimer_reset
 .text.ctimer_stop
                0x00201f9c       0x2c contiki-cc2538dk.a(ctimer.o)
                0x00201f9c                ctimer_stop
 .text.update_time
                0x00201fc8       0x44 contiki-cc2538dk.a(etimer.o)
 .text.etimer_request_poll
                0x0020200c        0xc contiki-cc2538dk.a(etimer.o)
                0x0020200c                etimer_request_poll
 .text.process_thread_etimer_process
                0x00202018       0x94 contiki-cc2538dk.a(etimer.o)
 .text.add_timer
                0x002020ac       0x40 contiki-cc2538dk.a(etimer.o)
 .text.etimer_pending
                0x002020ec       0x10 contiki-cc2538dk.a(etimer.o)
                0x002020ec                etimer_pending
 .text.etimer_stop
                0x002020fc       0x34 contiki-cc2538dk.a(etimer.o)
                0x002020fc                etimer_stop
 .text.call_process.part.0
                0x00202130       0x38 contiki-cc2538dk.a(process.o)
 .text.exit_process
                0x00202168       0x80 contiki-cc2538dk.a(process.o)
 .text.do_poll  0x002021e8       0x30 contiki-cc2538dk.a(process.o)
 .text.process_alloc_event
                0x00202218       0x10 contiki-cc2538dk.a(process.o)
                0x00202218                process_alloc_event
 .text.process_init
                0x00202228       0x30 contiki-cc2538dk.a(process.o)
                0x00202228                process_init
 .text.process_run
                0x00202258       0xb0 contiki-cc2538dk.a(process.o)
                0x00202258                process_run
 .text.process_nevents
                0x00202308       0x14 contiki-cc2538dk.a(process.o)
                0x00202308                process_nevents
 .text.process_post
                0x0020231c       0x44 contiki-cc2538dk.a(process.o)
                0x0020231c                process_post
 .text.process_post_synch
                0x00202360       0x14 contiki-cc2538dk.a(process.o)
                0x00202360                process_post_synch
 .text.process_start
                0x00202374       0x30 contiki-cc2538dk.a(process.o)
                0x00202374                process_start
 .text.process_poll
                0x002023a4       0x18 contiki-cc2538dk.a(process.o)
                0x002023a4                process_poll
 .text.rtimer_set
                0x002023bc       0x24 contiki-cc2538dk.a(rtimer.o)
                0x002023bc                rtimer_set
 .text.rtimer_run_next
                0x002023e0       0x28 contiki-cc2538dk.a(rtimer.o)
                0x002023e0                rtimer_run_next
 .text.process_thread_serial_line_process
                0x00202408       0x98 contiki-cc2538dk.a(serial-line.o)
 .text.serial_line_input_byte
                0x002024a0       0x44 contiki-cc2538dk.a(serial-line.o)
                0x002024a0                serial_line_input_byte
 .text.serial_line_init
                0x002024e4       0x24 contiki-cc2538dk.a(serial-line.o)
                0x002024e4                serial_line_init
 .text.random_rand
                0x00202508       0x20 contiki-cc2538dk.a(random.o)
                0x00202508                random_rand
 .text.random_init
                0x00202528       0x78 contiki-cc2538dk.a(random.o)
                0x00202528                random_init
 .text.sicslowpan_init
                0x002025a0       0x24 contiki-cc2538dk.a(sicslowpan.o)
                0x002025a0                sicslowpan_init
 .text.set_packet_attrs
                0x002025c4       0x44 contiki-cc2538dk.a(sicslowpan.o)
 .text.compress_addr_64
                0x00202608       0x90 contiki-cc2538dk.a(sicslowpan.o)
 .text.addr_context_lookup_by_prefix
                0x00202698       0x28 contiki-cc2538dk.a(sicslowpan.o)
 .text.send_packet
                0x002026c0       0x24 contiki-cc2538dk.a(sicslowpan.o)
 .text.packet_sent
                0x002026e4       0x28 contiki-cc2538dk.a(sicslowpan.o)
 .text.uncompress_addr
                0x0020270c       0xa4 contiki-cc2538dk.a(sicslowpan.o)
 .text.output   0x002027b0      0x6c0 contiki-cc2538dk.a(sicslowpan.o)
 .text.input    0x00202e70      0x5f8 contiki-cc2538dk.a(sicslowpan.o)
 .text.upper_layer_chksum
                0x00203468       0x54 contiki-cc2538dk.a(uip6.o)
 .text.ext_hdr_options_process
                0x002034bc       0xb0 contiki-cc2538dk.a(uip6.o)
 .text.uip_add32
                0x0020356c       0x54 contiki-cc2538dk.a(uip6.o)
                0x0020356c                uip_add32
 .text.unlikely.uip_add_rcv_nxt
                0x002035c0       0x2c contiki-cc2538dk.a(uip6.o)
 .text.uip_init
                0x002035ec       0x6c contiki-cc2538dk.a(uip6.o)
                0x002035ec                uip_init
 .text.remove_ext_hdr
                0x00203658       0x60 contiki-cc2538dk.a(uip6.o)
                0x00203658                remove_ext_hdr
 .text.uip_unlisten
                0x002036b8       0x34 contiki-cc2538dk.a(uip6.o)
                0x002036b8                uip_unlisten
 .text.uip_process
                0x002036ec      0xdbc contiki-cc2538dk.a(uip6.o)
                0x002036ec                uip_process
 .text.uip_ds6_prefix_add
                0x002044a8       0x64 contiki-cc2538dk.a(uip-ds6.o)
                0x002044a8                uip_ds6_prefix_add
 .text.uip_ds6_is_addr_onlink
                0x0020450c       0x40 contiki-cc2538dk.a(uip-ds6.o)
                0x0020450c                uip_ds6_is_addr_onlink
 .text.uip_ds6_addr_lookup
                0x0020454c       0x2c contiki-cc2538dk.a(uip-ds6.o)
                0x0020454c                uip_ds6_addr_lookup
 .text.uip_ds6_get_link_local
                0x00204578       0x40 contiki-cc2538dk.a(uip-ds6.o)
                0x00204578                uip_ds6_get_link_local
 .text.uip_ds6_maddr_add
                0x002045b8       0x4c contiki-cc2538dk.a(uip-ds6.o)
                0x002045b8                uip_ds6_maddr_add
 .text.uip_ds6_addr_add
                0x00204604       0x94 contiki-cc2538dk.a(uip-ds6.o)
                0x00204604                uip_ds6_addr_add
 .text.uip_ds6_maddr_lookup
                0x00204698       0x2c contiki-cc2538dk.a(uip-ds6.o)
                0x00204698                uip_ds6_maddr_lookup
 .text.uip_ds6_addr_rm
                0x002046c4       0x44 contiki-cc2538dk.a(uip-ds6.o)
                0x002046c4                uip_ds6_addr_rm
 .text.uip_ds6_periodic
                0x00204708       0x50 contiki-cc2538dk.a(uip-ds6.o)
                0x00204708                uip_ds6_periodic
 .text.uip_ds6_select_src
                0x00204758       0x94 contiki-cc2538dk.a(uip-ds6.o)
                0x00204758                uip_ds6_select_src
 .text.uip_ds6_compute_reachable_time
                0x002047ec       0x28 contiki-cc2538dk.a(uip-ds6.o)
                0x002047ec                uip_ds6_compute_reachable_time
 .text.uip_ds6_init
                0x00204814       0xe0 contiki-cc2538dk.a(uip-ds6.o)
                0x00204814                uip_ds6_init
 .text.uip_ds6_nbr_rm
                0x002048f4       0x20 contiki-cc2538dk.a(uip-ds6-nbr.o)
                0x002048f4                uip_ds6_nbr_rm
 .text.uip_ds6_neighbors_init
                0x00204914       0x14 contiki-cc2538dk.a(uip-ds6-nbr.o)
                0x00204914                uip_ds6_neighbors_init
 .text.uip_ds6_nbr_add
                0x00204928       0x60 contiki-cc2538dk.a(uip-ds6-nbr.o)
                0x00204928                uip_ds6_nbr_add
 .text.uip_ds6_nbr_get_ll
                0x00204988       0x10 contiki-cc2538dk.a(uip-ds6-nbr.o)
                0x00204988                uip_ds6_nbr_get_ll
 .text.uip_ds6_nbr_lookup
                0x00204998       0x38 contiki-cc2538dk.a(uip-ds6-nbr.o)
                0x00204998                uip_ds6_nbr_lookup
 .text.uip_ds6_nbr_ll_lookup
                0x002049d0       0x10 contiki-cc2538dk.a(uip-ds6-nbr.o)
                0x002049d0                uip_ds6_nbr_ll_lookup
 .text.uip_ds6_link_neighbor_callback
                0x002049e0       0x2c contiki-cc2538dk.a(uip-ds6-nbr.o)
                0x002049e0                uip_ds6_link_neighbor_callback
 .text.uip_ds6_neighbor_periodic
                0x00204a0c      0x10c contiki-cc2538dk.a(uip-ds6-nbr.o)
                0x00204a0c                uip_ds6_neighbor_periodic
 .text.call_route_callback
                0x00204b18       0x48 contiki-cc2538dk.a(uip-ds6-route.o)
 .text.uip_ds6_route_init
                0x00204b60       0x48 contiki-cc2538dk.a(uip-ds6-route.o)
                0x00204b60                uip_ds6_route_init
 .text.uip_ds6_route_nexthop
                0x00204ba8       0x1c contiki-cc2538dk.a(uip-ds6-route.o)
                0x00204ba8                uip_ds6_route_nexthop
 .text.uip_ds6_route_head
                0x00204bc4        0xc contiki-cc2538dk.a(uip-ds6-route.o)
                0x00204bc4                uip_ds6_route_head
 .text.uip_ds6_route_lookup
                0x00204bd0       0x64 contiki-cc2538dk.a(uip-ds6-route.o)
                0x00204bd0                uip_ds6_route_lookup
 .text.uip_ds6_route_rm
                0x00204c34       0x9c contiki-cc2538dk.a(uip-ds6-route.o)
                0x00204c34                uip_ds6_route_rm
 .text.rm_routelist
                0x00204cd0       0x2c contiki-cc2538dk.a(uip-ds6-route.o)
 .text.uip_ds6_route_add
                0x00204cfc       0xfc contiki-cc2538dk.a(uip-ds6-route.o)
                0x00204cfc                uip_ds6_route_add
 .text.uip_ds6_defrt_rm
                0x00204df8       0x44 contiki-cc2538dk.a(uip-ds6-route.o)
                0x00204df8                uip_ds6_defrt_rm
 .text.uip_ds6_defrt_lookup
                0x00204e3c       0x2c contiki-cc2538dk.a(uip-ds6-route.o)
                0x00204e3c                uip_ds6_defrt_lookup
 .text.uip_ds6_defrt_add
                0x00204e68       0x64 contiki-cc2538dk.a(uip-ds6-route.o)
                0x00204e68                uip_ds6_defrt_add
 .text.uip_ds6_defrt_choose
                0x00204ecc       0x30 contiki-cc2538dk.a(uip-ds6-route.o)
                0x00204ecc                uip_ds6_defrt_choose
 .text.uip_ds6_defrt_periodic
                0x00204efc       0x30 contiki-cc2538dk.a(uip-ds6-route.o)
                0x00204efc                uip_ds6_defrt_periodic
 .text.echo_reply_input
                0x00204f2c       0xe4 contiki-cc2538dk.a(uip-icmp6.o)
 .text.echo_request_input
                0x00205010      0x100 contiki-cc2538dk.a(uip-icmp6.o)
 .text.uip_icmp6_input
                0x00205110       0x38 contiki-cc2538dk.a(uip-icmp6.o)
                0x00205110                uip_icmp6_input
 .text.uip_icmp6_register_input_handler
                0x00205148        0xc contiki-cc2538dk.a(uip-icmp6.o)
                0x00205148                uip_icmp6_register_input_handler
 .text.uip_icmp6_error_output
                0x00205154      0x144 contiki-cc2538dk.a(uip-icmp6.o)
                0x00205154                uip_icmp6_error_output
 .text.uip_icmp6_send
                0x00205298       0x8c contiki-cc2538dk.a(uip-icmp6.o)
                0x00205298                uip_icmp6_send
 .text.uip_icmp6_init
                0x00205324       0x1c contiki-cc2538dk.a(uip-icmp6.o)
                0x00205324                uip_icmp6_init
 .text.na_input
                0x00205340      0x1c8 contiki-cc2538dk.a(uip-nd6.o)
 .text.ns_input
                0x00205508      0x254 contiki-cc2538dk.a(uip-nd6.o)
 .text.uip_nd6_ns_output
                0x0020575c      0x164 contiki-cc2538dk.a(uip-nd6.o)
                0x0020575c                uip_nd6_ns_output
 .text.uip_nd6_init
                0x002058c0       0x1c contiki-cc2538dk.a(uip-nd6.o)
                0x002058c0                uip_nd6_init
 .text.start_periodic_tcp_timer
                0x002058dc       0x1c contiki-cc2538dk.a(tcpip.o)
 .text.tcpip_output
                0x002058f8       0x10 contiki-cc2538dk.a(tcpip.o)
                0x002058f8                tcpip_output
 .text.tcpip_set_outputfunc
                0x00205908        0xc contiki-cc2538dk.a(tcpip.o)
                0x00205908                tcpip_set_outputfunc
 .text.tcpip_icmp6_call
                0x00205914       0x28 contiki-cc2538dk.a(tcpip.o)
                0x00205914                tcpip_icmp6_call
 .text.tcpip_input
                0x0020593c       0x24 contiki-cc2538dk.a(tcpip.o)
                0x0020593c                tcpip_input
 .text.tcpip_ipv6_output
                0x00205960      0x120 contiki-cc2538dk.a(tcpip.o)
                0x00205960                tcpip_ipv6_output
 .text.process_thread_tcpip_process
                0x00205a80      0x1e0 contiki-cc2538dk.a(tcpip.o)
 .text.tcpip_uipcall
                0x00205c60       0x7c contiki-cc2538dk.a(tcpip.o)
                0x00205c60                tcpip_uipcall
 .text.uip_debug_ipaddr_print
                0x00205cdc       0x64 contiki-cc2538dk.a(uip-debug.o)
                0x00205cdc                uip_debug_ipaddr_print
 .text.rpl_get_mode
                0x00205d40        0xc contiki-cc2538dk.a(rpl.o)
                0x00205d40                rpl_get_mode
 .text.rpl_purge_routes
                0x00205d4c       0x64 contiki-cc2538dk.a(rpl.o)
                0x00205d4c                rpl_purge_routes
 .text.rpl_link_neighbor_callback
                0x00205db0       0x70 contiki-cc2538dk.a(rpl.o)
                0x00205db0                rpl_link_neighbor_callback
 .text.rpl_ipv6_neighbor_callback
                0x00205e20       0x28 contiki-cc2538dk.a(rpl.o)
                0x00205e20                rpl_ipv6_neighbor_callback
 .text.rpl_init
                0x00205e48       0x58 contiki-cc2538dk.a(rpl.o)
                0x00205e48                rpl_init
 .text.rpl_set_preferred_parent
                0x00205ea0       0x28 contiki-cc2538dk.a(rpl-dag.o)
 .text.set_ip_from_prefix
                0x00205ec8       0x2c contiki-cc2538dk.a(rpl-dag.o)
 .text.find_parent_any_dag_any_instance
                0x00205ef4       0x1c contiki-cc2538dk.a(rpl-dag.o)
 .text.rpl_get_nbr
                0x00205f10       0x28 contiki-cc2538dk.a(rpl-dag.o)
                0x00205f10                rpl_get_nbr
 .text.rpl_dag_init
                0x00205f38       0x14 contiki-cc2538dk.a(rpl-dag.o)
                0x00205f38                rpl_dag_init
 .text.rpl_get_parent
                0x00205f4c       0x10 contiki-cc2538dk.a(rpl-dag.o)
                0x00205f4c                rpl_get_parent
 .text.rpl_get_parent_ipaddr
                0x00205f5c       0x18 contiki-cc2538dk.a(rpl-dag.o)
                0x00205f5c                rpl_get_parent_ipaddr
 .text.rpl_alloc_instance
                0x00205f74       0x34 contiki-cc2538dk.a(rpl-dag.o)
                0x00205f74                rpl_alloc_instance
 .text.rpl_add_parent
                0x00205fa8       0x44 contiki-cc2538dk.a(rpl-dag.o)
                0x00205fa8                rpl_add_parent
 .text.rpl_select_parent
                0x00205fec       0x6c contiki-cc2538dk.a(rpl-dag.o)
                0x00205fec                rpl_select_parent
 .text.rpl_remove_parent
                0x00206058       0x1c contiki-cc2538dk.a(rpl-dag.o)
                0x00206058                rpl_remove_parent
 .text.remove_parents.constprop.4
                0x00206074       0x2c contiki-cc2538dk.a(rpl-dag.o)
 .text.rpl_get_any_dag
                0x002060a0       0x18 contiki-cc2538dk.a(rpl-dag.o)
                0x002060a0                rpl_get_any_dag
 .text.rpl_get_instance
                0x002060b8       0x20 contiki-cc2538dk.a(rpl-dag.o)
                0x002060b8                rpl_get_instance
 .text.rpl_find_of
                0x002060d8       0x14 contiki-cc2538dk.a(rpl-dag.o)
                0x002060d8                rpl_find_of
 .text.rpl_join_instance
                0x002060ec      0x124 contiki-cc2538dk.a(rpl-dag.o)
                0x002060ec                rpl_join_instance
 .text.rpl_local_repair
                0x00206210       0x58 contiki-cc2538dk.a(rpl-dag.o)
                0x00206210                rpl_local_repair
 .text.rpl_recalculate_ranks
                0x00206268       0x3c contiki-cc2538dk.a(rpl-dag.o)
                0x00206268                rpl_recalculate_ranks
 .text.rpl_lock_parent
                0x002062a4       0x10 contiki-cc2538dk.a(rpl-dag.o)
                0x002062a4                rpl_lock_parent
 .text.rpl_verify_header
                0x002062b4       0x9c contiki-cc2538dk.a(rpl-ext-header.)
                0x002062b4                rpl_verify_header
 .text.rpl_update_header_empty
                0x00206350      0x13c contiki-cc2538dk.a(rpl-ext-header.)
                0x00206350                rpl_update_header_empty
 .text.rpl_update_header_final
                0x0020648c       0x88 contiki-cc2538dk.a(rpl-ext-header.)
                0x0020648c                rpl_update_header_final
 .text.rpl_invert_header
                0x00206514       0x68 contiki-cc2538dk.a(rpl-ext-header.)
                0x00206514                rpl_invert_header
 .text.rpl_insert_header
                0x0020657c       0x1c contiki-cc2538dk.a(rpl-ext-header.)
                0x0020657c                rpl_insert_header
 .text.dao_ack_input
                0x00206598        0xc contiki-cc2538dk.a(rpl-icmp6.o)
 .text.dio_input
                0x002065a4      0x280 contiki-cc2538dk.a(rpl-icmp6.o)
 .text.dis_output
                0x00206824       0x54 contiki-cc2538dk.a(rpl-icmp6.o)
                0x00206824                dis_output
 .text.dio_output
                0x00206878      0x20c contiki-cc2538dk.a(rpl-icmp6.o)
                0x00206878                dio_output
 .text.dis_input
                0x00206a84       0x34 contiki-cc2538dk.a(rpl-icmp6.o)
 .text.dao_output_target
                0x00206ab8       0xe0 contiki-cc2538dk.a(rpl-icmp6.o)
                0x00206ab8                dao_output_target
 .text.dao_output
                0x00206b98       0x64 contiki-cc2538dk.a(rpl-icmp6.o)
                0x00206b98                dao_output
 .text.dao_ack_output
                0x00206bfc       0x34 contiki-cc2538dk.a(rpl-icmp6.o)
                0x00206bfc                dao_ack_output
 .text.dao_input
                0x00206c30      0x224 contiki-cc2538dk.a(rpl-icmp6.o)
 .text.rpl_icmp6_register_handlers
                0x00206e54       0x30 contiki-cc2538dk.a(rpl-icmp6.o)
                0x00206e54                rpl_icmp6_register_handlers
 .text.new_dio_interval
                0x00206e84       0x58 contiki-cc2538dk.a(rpl-timers.o)
 .text.handle_periodic_timer
                0x00206edc       0x38 contiki-cc2538dk.a(rpl-timers.o)
 .text.set_dao_lifetime_timer
                0x00206f14       0x3c contiki-cc2538dk.a(rpl-timers.o)
 .text.handle_dio_timer
                0x00206f50       0x80 contiki-cc2538dk.a(rpl-timers.o)
 .text.schedule_dao
                0x00206fd0       0x54 contiki-cc2538dk.a(rpl-timers.o)
 .text.handle_dao_timer
                0x00207024       0x58 contiki-cc2538dk.a(rpl-timers.o)
 .text.rpl_reset_periodic_timer
                0x0020707c       0x34 contiki-cc2538dk.a(rpl-timers.o)
                0x0020707c                rpl_reset_periodic_timer
 .text.rpl_schedule_probing
                0x002070b0       0x30 contiki-cc2538dk.a(rpl-timers.o)
                0x002070b0                rpl_schedule_probing
 .text.handle_probing_timer
                0x002070e0       0xd4 contiki-cc2538dk.a(rpl-timers.o)
 .text.index_from_key
                0x002071b4       0x20 contiki-cc2538dk.a(nbr-table.o)
 .text.index_from_lladdr
                0x002071d4       0x40 contiki-cc2538dk.a(nbr-table.o)
 .text.key_from_item
                0x00207214       0x2c contiki-cc2538dk.a(nbr-table.o)
 .text.nbr_get_bit.constprop.0
                0x00207240       0x30 contiki-cc2538dk.a(nbr-table.o)
 .text.nbr_table_register
                0x00207270       0x28 contiki-cc2538dk.a(nbr-table.o)
                0x00207270                nbr_table_register
 .text.nbr_table_head
                0x00207298       0x34 contiki-cc2538dk.a(nbr-table.o)
                0x00207298                nbr_table_head
 .text.nbr_table_add_lladdr
                0x002072cc      0x11c contiki-cc2538dk.a(nbr-table.o)
                0x002072cc                nbr_table_add_lladdr
 .text.nbr_table_remove
                0x002073e8       0x2c contiki-cc2538dk.a(nbr-table.o)
                0x002073e8                nbr_table_remove
 .text.nbr_table_lock
                0x00207414       0x14 contiki-cc2538dk.a(nbr-table.o)
                0x00207414                nbr_table_lock
 .text.nbr_table_unlock
                0x00207428       0x14 contiki-cc2538dk.a(nbr-table.o)
                0x00207428                nbr_table_unlock
 .text.netstack_init
                0x0020743c       0x30 contiki-cc2538dk.a(netstack.o)
                0x0020743c                netstack_init
 .text.packetbuf_compact
                0x0020746c       0x34 contiki-cc2538dk.a(packetbuf.o)
                0x0020746c                packetbuf_compact
 .text.packetbuf_copyto
                0x002074a0       0x50 contiki-cc2538dk.a(packetbuf.o)
                0x002074a0                packetbuf_copyto
 .text.packetbuf_hdrreduce
                0x002074f0       0x2c contiki-cc2538dk.a(packetbuf.o)
                0x002074f0                packetbuf_hdrreduce
 .text.packetbuf_set_datalen
                0x0020751c        0xc contiki-cc2538dk.a(packetbuf.o)
                0x0020751c                packetbuf_set_datalen
 .text.packetbuf_dataptr
                0x00207528       0x14 contiki-cc2538dk.a(packetbuf.o)
                0x00207528                packetbuf_dataptr
 .text.packetbuf_hdrptr
                0x0020753c       0x14 contiki-cc2538dk.a(packetbuf.o)
                0x0020753c                packetbuf_hdrptr
 .text.packetbuf_datalen
                0x00207550        0xc contiki-cc2538dk.a(packetbuf.o)
                0x00207550                packetbuf_datalen
 .text.packetbuf_hdrlen
                0x0020755c       0x1c contiki-cc2538dk.a(packetbuf.o)
                0x0020755c                packetbuf_hdrlen
 .text.packetbuf_totlen
                0x00207578       0x14 contiki-cc2538dk.a(packetbuf.o)
                0x00207578                packetbuf_totlen
 .text.packetbuf_hdralloc
                0x0020758c       0x28 contiki-cc2538dk.a(packetbuf.o)
                0x0020758c                packetbuf_hdralloc
 .text.packetbuf_attr_clear
                0x002075b4       0x38 contiki-cc2538dk.a(packetbuf.o)
                0x002075b4                packetbuf_attr_clear
 .text.packetbuf_clear
                0x002075ec       0x30 contiki-cc2538dk.a(packetbuf.o)
                0x002075ec                packetbuf_clear
 .text.packetbuf_copyfrom
                0x0020761c       0x2c contiki-cc2538dk.a(packetbuf.o)
                0x0020761c                packetbuf_copyfrom
 .text.packetbuf_attr_copyto
                0x00207648       0x34 contiki-cc2538dk.a(packetbuf.o)
                0x00207648                packetbuf_attr_copyto
 .text.packetbuf_attr_copyfrom
                0x0020767c       0x34 contiki-cc2538dk.a(packetbuf.o)
                0x0020767c                packetbuf_attr_copyfrom
 .text.packetbuf_set_attr
                0x002076b0       0x10 contiki-cc2538dk.a(packetbuf.o)
                0x002076b0                packetbuf_set_attr
 .text.packetbuf_attr
                0x002076c0        0xc contiki-cc2538dk.a(packetbuf.o)
                0x002076c0                packetbuf_attr
 .text.packetbuf_set_addr
                0x002076cc       0x18 contiki-cc2538dk.a(packetbuf.o)
                0x002076cc                packetbuf_set_addr
 .text.packetbuf_addr
                0x002076e4       0x10 contiki-cc2538dk.a(packetbuf.o)
                0x002076e4                packetbuf_addr
 .text.packetbuf_holds_broadcast
                0x002076f4       0x10 contiki-cc2538dk.a(packetbuf.o)
                0x002076f4                packetbuf_holds_broadcast
 .text.queuebuf_init
                0x00207704       0x1c contiki-cc2538dk.a(queuebuf.o)
                0x00207704                queuebuf_init
 .text.queuebuf_numfree
                0x00207720        0xc contiki-cc2538dk.a(queuebuf.o)
                0x00207720                queuebuf_numfree
 .text.queuebuf_new_from_packetbuf
                0x0020772c       0x44 contiki-cc2538dk.a(queuebuf.o)
                0x0020772c                queuebuf_new_from_packetbuf
 .text.queuebuf_free
                0x00207770       0x2c contiki-cc2538dk.a(queuebuf.o)
                0x00207770                queuebuf_free
 .text.queuebuf_to_packetbuf
                0x0020779c       0x30 contiki-cc2538dk.a(queuebuf.o)
                0x0020779c                queuebuf_to_packetbuf
 .text.create_frame.isra.0
                0x002077cc      0x110 contiki-cc2538dk.a(framer-802154.o)
 .text.framer_canonical_create_and_secure
                0x002078dc       0x30 contiki-cc2538dk.a(framer.o)
                0x002078dc                framer_canonical_create_and_secure
 .text.input    0x0020790c        0xc contiki-cc2538dk.a(nullsec.o)
 .text.send     0x00207918       0x20 contiki-cc2538dk.a(nullsec.o)
 .text.input_packet
                0x00207938        0xc contiki-cc2538dk.a(csma.o)
 .text.on       0x00207944        0xc contiki-cc2538dk.a(csma.o)
 .text.off      0x00207950        0xc contiki-cc2538dk.a(csma.o)
 .text.channel_check_interval
                0x0020795c       0x10 contiki-cc2538dk.a(csma.o)
 .text.transmit_packet_list
                0x0020796c       0x30 contiki-cc2538dk.a(csma.o)
 .text.send_packet
                0x0020799c      0x148 contiki-cc2538dk.a(csma.o)
 .text.init     0x00207ae4       0x24 contiki-cc2538dk.a(csma.o)
 .text.free_packet
                0x00207b08       0x90 contiki-cc2538dk.a(csma.o)
 .text.packet_sent
                0x00207b98       0xf8 contiki-cc2538dk.a(csma.o)
 .text.init     0x00207c90       0x40 contiki-cc2538dk.a(contikimac.o)
 .text.on       0x00207cd0       0x2c contiki-cc2538dk.a(contikimac.o)
 .text.off      0x00207cfc       0x38 contiki-cc2538dk.a(contikimac.o)
 .text.recv_burst_off
                0x00207d34       0x14 contiki-cc2538dk.a(contikimac.o)
 .text.powercycle_turn_radio_off
                0x00207d48       0x1c contiki-cc2538dk.a(contikimac.o)
 .text.turn_off
                0x00207d64       0x38 contiki-cc2538dk.a(contikimac.o)
 .text.turn_on  0x00207d9c       0x40 contiki-cc2538dk.a(contikimac.o)
 .text.schedule_powercycle_fixed
                0x00207ddc       0x38 contiki-cc2538dk.a(contikimac.o)
 .text.input_packet
                0x00207e14       0xa8 contiki-cc2538dk.a(contikimac.o)
 .text.send_packet.isra.7
                0x00207ebc      0x1f8 contiki-cc2538dk.a(contikimac.o)
 .text.qsend_list
                0x002080b4       0xc0 contiki-cc2538dk.a(contikimac.o)
 .text.powercycle
                0x00208174      0x20c contiki-cc2538dk.a(contikimac.o)
 .text.leds_init
                0x00208380       0x14 contiki-cc2538dk.a(leds.o)
                0x00208380                leds_init
 .text.leds_on  0x00208394       0x10 contiki-cc2538dk.a(leds.o)
                0x00208394                leds_on
 .text.leds_off
                0x002083a4       0x14 contiki-cc2538dk.a(leds.o)
                0x002083a4                leds_off
 .text.leds_arch_init
                0x002083b8       0x10 contiki-cc2538dk.a(leds-arch.o)
                0x002083b8                leds_arch_init
 .text.leds_arch_set
                0x002083c8        0xc contiki-cc2538dk.a(leds-arch.o)
                0x002083c8                leds_arch_set
 .text.stimer_expired
                0x002083d4       0x20 contiki-cc2538dk.a(stimer.o)
                0x002083d4                stimer_expired
 .text.frame802154_parse
                0x002083f4      0x120 contiki-cc2538dk.a(frame802154.o)
                0x002083f4                frame802154_parse
 .text.mac_sequence_is_duplicate
                0x00208514       0x38 contiki-cc2538dk.a(mac-sequence.o)
                0x00208514                mac_sequence_is_duplicate
 .text.mac_sequence_register_seqno
                0x0020854c       0x64 contiki-cc2538dk.a(mac-sequence.o)
                0x0020854c                mac_sequence_register_seqno
 .text          0x002085b0       0x30 /usr/bin/../lib/gcc/arm-none-eabi/4.9.3/armv7-m/libgcc.a(_aeabi_uldivmod.o)
                0x002085b0                __aeabi_uldivmod
 .text          0x002085e0       0x60 /usr/bin/../lib/gcc/arm-none-eabi/4.9.3/armv7-m/libgcc.a(bpabi.o)
                0x002085e0                __gnu_ldivmod_helper
                0x00208610                __gnu_uldivmod_helper
 .text          0x00208640        0x4 /usr/bin/../lib/gcc/arm-none-eabi/4.9.3/armv7-m/libgcc.a(_dvmd_tls.o)
                0x00208640                __aeabi_ldiv0
                0x00208640                __aeabi_idiv0
 .text          0x00208644      0x2ac /usr/bin/../lib/gcc/arm-none-eabi/4.9.3/armv7-m/libgcc.a(_divdi3.o)
                0x00208644                __divdi3
 .text          0x002088f0      0x270 /usr/bin/../lib/gcc/arm-none-eabi/4.9.3/armv7-m/libgcc.a(_udivdi3.o)
                0x002088f0                __udivdi3
 .text.memcmp   0x00208b60       0x64 /usr/bin/../lib/gcc/arm-none-eabi/4.9.3/../../../../arm-none-eabi/lib/armv7-m/libc.a(lib_a-memcmp.o)
                0x00208b60                memcmp
 .text          0x00208bc4       0xec /usr/bin/../lib/gcc/arm-none-eabi/4.9.3/../../../../arm-none-eabi/lib/armv7-m/libc.a(lib_a-memcpy.o)
                0x00208bc4                memcpy
 .text.memmove  0x00208cb0       0xc8 /usr/bin/../lib/gcc/arm-none-eabi/4.9.3/../../../../arm-none-eabi/lib/armv7-m/libc.a(lib_a-memmove.o)
                0x00208cb0                memmove
 .text.memset   0x00208d78       0x9c /usr/bin/../lib/gcc/arm-none-eabi/4.9.3/../../../../arm-none-eabi/lib/armv7-m/libc.a(lib_a-memset.o)
                0x00208d78                memset
 .text.default_handler
                0x00208e14        0x2 obj_cc2538dk/startup-gcc.o
                0x00208e14                default_handler
                0x00208e14                usb_isr
 .text.nmi_handler
                0x00208e16        0x6 obj_cc2538dk/startup-gcc.o
                0x00208e16                nmi_handler
 .text.fade     0x00208e1c       0x54 contiki-cc2538dk.a(contiki-main.o)
 .text.config   0x00208e70       0x40 contiki-cc2538dk.a(button-sensor.o)
 .text.status   0x00208eb0        0x4 contiki-cc2538dk.a(als-sensor.o)
 .text.clock_isr
                0x00208eb4        0x4 contiki-cc2538dk.a(clock.o)
                0x00208eb4                clock_isr
 .text.rtimer_arch_init
                0x00208eb8        0x2 contiki-cc2538dk.a(rtimer-arch.o)
                0x00208eb8                rtimer_arch_init
 .text.uart0_isr
                0x00208eba        0x6 contiki-cc2538dk.a(uart.o)
                0x00208eba                uart0_isr
 .text.uart1_isr
                0x00208ec0        0x6 contiki-cc2538dk.a(uart.o)
                0x00208ec0                uart1_isr
 .text.cpu_cpsie
                0x00208ec6        0x8 contiki-cc2538dk.a(cpu.o)
                0x00208ec6                cpu_cpsie
 .text.cpu_cpsid
                0x00208ece        0x8 contiki-cc2538dk.a(cpu.o)
                0x00208ece                cpu_cpsid
 .text.gpio_port_a_isr
                0x00208ed6        0x6 contiki-cc2538dk.a(gpio.o)
                0x00208ed6                gpio_port_a_isr
 .text.gpio_port_b_isr
                0x00208edc        0x6 contiki-cc2538dk.a(gpio.o)
                0x00208edc                gpio_port_b_isr
 .text.gpio_port_c_isr
                0x00208ee2        0x6 contiki-cc2538dk.a(gpio.o)
                0x00208ee2                gpio_port_c_isr
 .text.gpio_port_d_isr
                0x00208ee8        0x6 contiki-cc2538dk.a(gpio.o)
                0x00208ee8                gpio_port_d_isr
 .text.send     0x00208eee       0x12 contiki-cc2538dk.a(cc2538-rf.o)
 .text.putchar  0x00208f00       0x10 contiki-cc2538dk.a(dbg.o)
                0x00208f00                putchar
 .text.dbg_send_bytes
                0x00208f10       0x20 contiki-cc2538dk.a(dbg.o)
                0x00208f10                dbg_send_bytes
 .text.puts     0x00208f30       0x20 contiki-cc2538dk.a(dbg.o)
                0x00208f30                puts
 .text.configure
                0x00208f50        0x4 contiki-cc2538dk.a(cc2538-temp-sen)
 .text.status   0x00208f54        0x4 contiki-cc2538dk.a(cc2538-temp-sen)
 .text.value    0x00208f58       0x34 contiki-cc2538dk.a(cc2538-temp-sen)
 .text.configure
                0x00208f8c        0x4 contiki-cc2538dk.a(vdd3-sensor.o)
 .text.status   0x00208f90        0x4 contiki-cc2538dk.a(vdd3-sensor.o)
 .text.value    0x00208f94       0x2a contiki-cc2538dk.a(vdd3-sensor.o)
 .text.write_str
                0x00208fbe       0x10 contiki-cc2538dk.a(dbg-printf.o)
 .text.autostart_start
                0x00208fce       0x14 contiki-cc2538dk.a(autostart.o)
                0x00208fce                autostart_start
 .text.energest_init
                0x00208fe2        0x2 contiki-cc2538dk.a(energest.o)
                0x00208fe2                energest_init
 .text.etimer_set
                0x00208fe4       0x12 contiki-cc2538dk.a(etimer.o)
                0x00208fe4                etimer_set
 .text.etimer_reset
                0x00208ff6       0x12 contiki-cc2538dk.a(etimer.o)
                0x00208ff6                etimer_reset
 .text.etimer_restart
                0x00209008       0x12 contiki-cc2538dk.a(etimer.o)
                0x00209008                etimer_restart
 .text.etimer_expired
                0x0020901a        0xa contiki-cc2538dk.a(etimer.o)
                0x0020901a                etimer_expired
 .text.etimer_expiration_time
                0x00209024        0x6 contiki-cc2538dk.a(etimer.o)
                0x00209024                etimer_expiration_time
 .text.call_process
                0x0020902a        0xc contiki-cc2538dk.a(process.o)
 .text.rtimer_init
                0x00209036        0x4 contiki-cc2538dk.a(rtimer.o)
                0x00209036                rtimer_init
 .text.timer_set
                0x0020903a        0xe contiki-cc2538dk.a(timer.o)
                0x0020903a                timer_set
 .text.timer_reset
                0x00209048        0xa contiki-cc2538dk.a(timer.o)
                0x00209048                timer_reset
 .text.timer_restart
                0x00209052        0xc contiki-cc2538dk.a(timer.o)
                0x00209052                timer_restart
 .text.timer_expired
                0x0020905e       0x1c contiki-cc2538dk.a(timer.o)
                0x0020905e                timer_expired
 .text.list_init
                0x0020907a        0x6 contiki-cc2538dk.a(list.o)
                0x0020907a                list_init
 .text.list_head
                0x00209080        0x4 contiki-cc2538dk.a(list.o)
                0x00209080                list_head
 .text.list_tail
                0x00209084       0x10 contiki-cc2538dk.a(list.o)
                0x00209084                list_tail
 .text.list_remove
                0x00209094       0x28 contiki-cc2538dk.a(list.o)
                0x00209094                list_remove
 .text.list_add
                0x002090bc       0x1e contiki-cc2538dk.a(list.o)
                0x002090bc                list_add
 .text.list_push
                0x002090da       0x12 contiki-cc2538dk.a(list.o)
                0x002090da                list_push
 .text.list_length
                0x002090ec        0xe contiki-cc2538dk.a(list.o)
                0x002090ec                list_length
 .text.list_item_next
                0x002090fa        0x6 contiki-cc2538dk.a(list.o)
                0x002090fa                list_item_next
 .text.ringbuf_init
                0x00209100        0xe contiki-cc2538dk.a(ringbuf.o)
                0x00209100                ringbuf_init
 .text.ringbuf_put
                0x0020910e       0x28 contiki-cc2538dk.a(ringbuf.o)
                0x0020910e                ringbuf_put
 .text.ringbuf_get
                0x00209136       0x20 contiki-cc2538dk.a(ringbuf.o)
                0x00209136                ringbuf_get
 .text.chksum   0x00209156       0x38 contiki-cc2538dk.a(uip6.o)
 .text.uip_icmp6chksum
                0x0020918e        0x6 contiki-cc2538dk.a(uip6.o)
                0x0020918e                uip_icmp6chksum
 .text.uip_tcpchksum
                0x00209194        0x6 contiki-cc2538dk.a(uip6.o)
                0x00209194                uip_tcpchksum
 .text.uip_udpchksum
                0x0020919a        0x6 contiki-cc2538dk.a(uip6.o)
                0x0020919a                uip_udpchksum
 .text.uip_htonl
                0x002091a0       0x14 contiki-cc2538dk.a(uip6.o)
                0x002091a0                uip_htonl
 .text.uip_ds6_list_loop
                0x002091b4       0x48 contiki-cc2538dk.a(uip-ds6.o)
                0x002091b4                uip_ds6_list_loop
 .text.uip_ds6_maddr_rm
                0x002091fc        0x8 contiki-cc2538dk.a(uip-ds6.o)
                0x002091fc                uip_ds6_maddr_rm
 .text.uip_ds6_set_addr_iid
                0x00209204       0x12 contiki-cc2538dk.a(uip-ds6.o)
                0x00209204                uip_ds6_set_addr_iid
 .text.get_match_length
                0x00209216       0x3a contiki-cc2538dk.a(uip-ds6.o)
                0x00209216                get_match_length
 .text.uip_ds6_nbr_ipaddr_from_lladdr
                0x00209250        0x4 contiki-cc2538dk.a(uip-ds6-nbr.o)
                0x00209250                uip_ds6_nbr_ipaddr_from_lladdr
 .text.uip_ds6_nbr_lladdr_from_ipaddr
                0x00209254       0x12 contiki-cc2538dk.a(uip-ds6-nbr.o)
                0x00209254                uip_ds6_nbr_lladdr_from_ipaddr
 .text.uip_ds6_route_next
                0x00209266        0x8 contiki-cc2538dk.a(uip-ds6-route.o)
                0x00209266                uip_ds6_route_next
 .text.rm_routelist_callback
                0x0020926e        0x4 contiki-cc2538dk.a(uip-ds6-route.o)
 .text.rpl_remove_routes
                0x00209272       0x1e contiki-cc2538dk.a(rpl.o)
                0x00209272                rpl_remove_routes
 .text.rpl_remove_routes_by_nexthop
                0x00209290       0x36 contiki-cc2538dk.a(rpl.o)
                0x00209290                rpl_remove_routes_by_nexthop
 .text.rpl_add_route
                0x002092c6       0x28 contiki-cc2538dk.a(rpl.o)
                0x002092c6                rpl_add_route
 .text.lollipop_greater_than
                0x002092ee       0x34 contiki-cc2538dk.a(rpl-dag.o)
 .text.check_prefix
                0x00209322       0x58 contiki-cc2538dk.a(rpl-dag.o)
 .text.rpl_set_prefix
                0x0020937a       0x6c contiki-cc2538dk.a(rpl-dag.o)
                0x0020937a                rpl_set_prefix
 .text.rpl_set_default_route
                0x002093e6       0x38 contiki-cc2538dk.a(rpl-dag.o)
                0x002093e6                rpl_set_default_route
 .text.rpl_find_parent
                0x0020941e       0x16 contiki-cc2538dk.a(rpl-dag.o)
                0x0020941e                rpl_find_parent
 .text.rpl_find_parent_any_dag
                0x00209434       0x1e contiki-cc2538dk.a(rpl-dag.o)
                0x00209434                rpl_find_parent_any_dag
 .text.rpl_select_dag
                0x00209452      0x152 contiki-cc2538dk.a(rpl-dag.o)
                0x00209452                rpl_select_dag
 .text.rpl_nullify_parent
                0x002095a4       0x48 contiki-cc2538dk.a(rpl-dag.o)
                0x002095a4                rpl_nullify_parent
 .text.nbr_callback
                0x002095ec        0x4 contiki-cc2538dk.a(rpl-dag.o)
 .text.rpl_move_parent
                0x002095f0       0x48 contiki-cc2538dk.a(rpl-dag.o)
                0x002095f0                rpl_move_parent
 .text.rpl_repair_root
                0x00209638       0x48 contiki-cc2538dk.a(rpl-dag.o)
                0x00209638                rpl_repair_root
 .text.rpl_alloc_dag
                0x00209680       0x48 contiki-cc2538dk.a(rpl-dag.o)
                0x00209680                rpl_alloc_dag
 .text.rpl_process_parent_event
                0x002096c8       0x60 contiki-cc2538dk.a(rpl-dag.o)
                0x002096c8                rpl_process_parent_event
 .text.rpl_add_dag
                0x00209728      0x100 contiki-cc2538dk.a(rpl-dag.o)
                0x00209728                rpl_add_dag
 .text.rpl_process_dio
                0x00209828      0x29c contiki-cc2538dk.a(rpl-dag.o)
                0x00209828                rpl_process_dio
 .text.get32    0x00209ac4       0x18 contiki-cc2538dk.a(rpl-icmp6.o)
 .text.set32    0x00209adc       0x12 contiki-cc2538dk.a(rpl-icmp6.o)
 .text.get16    0x00209aee        0xc contiki-cc2538dk.a(rpl-icmp6.o)
 .text.set16    0x00209afa        0xa contiki-cc2538dk.a(rpl-icmp6.o)
 .text.reset    0x00209b04        0x2 contiki-cc2538dk.a(rpl-mrhof.o)
 .text.update_metric_container
                0x00209b06        0x6 contiki-cc2538dk.a(rpl-mrhof.o)
 .text.calculate_rank
                0x00209b0c       0x34 contiki-cc2538dk.a(rpl-mrhof.o)
 .text.neighbor_link_callback
                0x00209b40       0x46 contiki-cc2538dk.a(rpl-mrhof.o)
 .text.best_dag
                0x00209b86       0x2c contiki-cc2538dk.a(rpl-mrhof.o)
 .text.best_parent
                0x00209bb2       0x5a contiki-cc2538dk.a(rpl-mrhof.o)
 .text.rpl_reset_dio_timer
                0x00209c0c       0x1c contiki-cc2538dk.a(rpl-timers.o)
                0x00209c0c                rpl_reset_dio_timer
 .text.rpl_schedule_dao
                0x00209c28        0x8 contiki-cc2538dk.a(rpl-timers.o)
                0x00209c28                rpl_schedule_dao
 .text.linkaddr_copy
                0x00209c30        0xa contiki-cc2538dk.a(linkaddr.o)
                0x00209c30                linkaddr_copy
 .text.linkaddr_cmp
                0x00209c3a       0x10 contiki-cc2538dk.a(linkaddr.o)
                0x00209c3a                linkaddr_cmp
 .text.nbr_set_bit
                0x00209c4a       0x38 contiki-cc2538dk.a(nbr-table.o)
 .text.item_from_key
                0x00209c82       0x22 contiki-cc2538dk.a(nbr-table.o)
 .text.nbr_table_next
                0x00209ca4       0x2e contiki-cc2538dk.a(nbr-table.o)
                0x00209ca4                nbr_table_next
 .text.nbr_table_get_from_lladdr
                0x00209cd2       0x32 contiki-cc2538dk.a(nbr-table.o)
                0x00209cd2                nbr_table_get_from_lladdr
 .text.nbr_table_get_lladdr
                0x00209d04        0xc contiki-cc2538dk.a(nbr-table.o)
                0x00209d04                nbr_table_get_lladdr
 .text.queuebuf_update_attr_from_packetbuf
                0x00209d10        0xc contiki-cc2538dk.a(queuebuf.o)
                0x00209d10                queuebuf_update_attr_from_packetbuf
 .text.queuebuf_update_from_packetbuf
                0x00209d1c       0x1c contiki-cc2538dk.a(queuebuf.o)
                0x00209d1c                queuebuf_update_from_packetbuf
 .text.queuebuf_attr
                0x00209d38        0xc contiki-cc2538dk.a(queuebuf.o)
                0x00209d38                queuebuf_attr
 .text.parse    0x00209d44       0x8e contiki-cc2538dk.a(framer-802154.o)
 .text.create   0x00209dd2        0x6 contiki-cc2538dk.a(framer-802154.o)
 .text.hdr_length
                0x00209dd8        0x6 contiki-cc2538dk.a(framer-802154.o)
 .text.bootstrap
                0x00209dde        0x2 contiki-cc2538dk.a(nullsec.o)
 .text.on_frame_created
                0x00209de0        0x4 contiki-cc2538dk.a(nullsec.o)
 .text.get_overhead
                0x00209de4        0x4 contiki-cc2538dk.a(nullsec.o)
 .text.duty_cycle
                0x00209de8        0x4 contiki-cc2538dk.a(contikimac.o)
 .text.qsend_packet
                0x00209dec       0x22 contiki-cc2538dk.a(contikimac.o)
 .text.stimer_set
                0x00209e0e        0xe contiki-cc2538dk.a(stimer.o)
                0x00209e0e                stimer_set
 .text.memb_init
                0x00209e1c       0x20 contiki-cc2538dk.a(memb.o)
                0x00209e1c                memb_init
 .text.memb_alloc
                0x00209e3c       0x28 contiki-cc2538dk.a(memb.o)
                0x00209e3c                memb_alloc
 .text.memb_free
                0x00209e64       0x2c contiki-cc2538dk.a(memb.o)
                0x00209e64                memb_free
 .text.memb_inmemb
                0x00209e90       0x1c contiki-cc2538dk.a(memb.o)
                0x00209e90                memb_inmemb
 .text.memb_numfree
                0x00209eac       0x1c contiki-cc2538dk.a(memb.o)
                0x00209eac                memb_numfree
 .text.field_len
                0x00209ec8       0x70 contiki-cc2538dk.a(frame802154.o)
 .text.frame802154_hdrlen
                0x00209f38       0x2c contiki-cc2538dk.a(frame802154.o)
                0x00209f38                frame802154_hdrlen
 .text.frame802154_create
                0x00209f64       0xc4 contiki-cc2538dk.a(frame802154.o)
                0x00209f64                frame802154_create
 .text.mac_call_sent_callback
                0x0020a028       0x16 contiki-cc2538dk.a(mac.o)
                0x0020a028                mac_call_sent_callback
 *(SORT(.rodata*))
 *fill*         0x0020a03e        0x2 00000000
 .rodata.autostart_processes
                0x0020a040        0x8 hello-world.co
                0x0020a040                autostart_processes
 .rodata.button_select_sensor
                0x0020a048       0x10 contiki-cc2538dk.a(button-sensor.o)
                0x0020a048                button_select_sensor
 .rodata.button_up_sensor
                0x0020a058       0x10 contiki-cc2538dk.a(button-sensor.o)
                0x0020a058                button_up_sensor
 .rodata.button_left_sensor
                0x0020a068       0x10 contiki-cc2538dk.a(button-sensor.o)
                0x0020a068                button_left_sensor
 .rodata.button_right_sensor
                0x0020a078       0x10 contiki-cc2538dk.a(button-sensor.o)
                0x0020a078                button_right_sensor
 .rodata.button_down_sensor
                0x0020a088       0x10 contiki-cc2538dk.a(button-sensor.o)
                0x0020a088                button_down_sensor
 .rodata.als_sensor
                0x0020a098       0x10 contiki-cc2538dk.a(als-sensor.o)
                0x0020a098                als_sensor
 .rodata.uart_regs
                0x0020a0a8       0x58 contiki-cc2538dk.a(uart.o)
 .rodata.cc2538_rf_driver
                0x0020a100       0x38 contiki-cc2538dk.a(cc2538-rf.o)
                0x0020a100                cc2538_rf_driver
 .rodata.output_power
                0x0020a138       0x70 contiki-cc2538dk.a(cc2538-rf.o)
 .rodata.cc2538_temp_sensor
                0x0020a1a8       0x10 contiki-cc2538dk.a(cc2538-temp-sen)
                0x0020a1a8                cc2538_temp_sensor
 .rodata.vdd3_sensor
                0x0020a1b8       0x10 contiki-cc2538dk.a(vdd3-sensor.o)
                0x0020a1b8                vdd3_sensor
 .rodata.sicslowpan_driver
                0x0020a1c8        0xc contiki-cc2538dk.a(sicslowpan.o)
                0x0020a1c8                sicslowpan_driver
 .rodata.framer_802154
                0x0020a1d4       0x10 contiki-cc2538dk.a(framer-802154.o)
                0x0020a1d4                framer_802154
 .rodata.nullsec_driver
                0x0020a1e4       0x18 contiki-cc2538dk.a(nullsec.o)
                0x0020a1e4                nullsec_driver
 .rodata.csma_driver
                0x0020a1fc       0x1c contiki-cc2538dk.a(csma.o)
                0x0020a1fc                csma_driver
 .rodata.contikimac_driver
                0x0020a218       0x20 contiki-cc2538dk.a(contikimac.o)
                0x0020a218                contikimac_driver
 .rodata.str1.1
                0x0020a238       0x21 hello-world.co
 .rodata.str1.1
                0x0020a259       0x63 contiki-cc2538dk.a(contiki-main.o)
 .rodata.str1.1
                0x0020a2bc        0x8 contiki-cc2538dk.a(sensors.o)
 .rodata.str1.1
                0x0020a2c4        0x7 contiki-cc2538dk.a(button-sensor.o)
 .rodata.str1.1
                0x0020a2cb        0x4 contiki-cc2538dk.a(als-sensor.o)
 .rodata.str1.1
                0x0020a2cf       0x11 contiki-cc2538dk.a(cc2538-rf.o)
 .rodata.str1.1
                0x0020a2e0       0x14 contiki-cc2538dk.a(cc2538-temp-sen)
 .rodata.str1.1
                0x0020a2f4        0x5 contiki-cc2538dk.a(vdd3-sensor.o)
 .rodata.buffer.4159
                0x0020a2f9       0x10 contiki-cc2538dk.a(strformat.o)
 .rodata.str1.1
                0x0020a309       0x35 contiki-cc2538dk.a(strformat.o)
                                 0x37 (size before relaxing)
 .rodata.buffer.4150
                0x0020a33e       0x10 contiki-cc2538dk.a(strformat.o)
 .rodata.str1.1
                0x0020a34e        0xf contiki-cc2538dk.a(ctimer.o)
 .rodata.str1.1
                0x0020a35d        0xc contiki-cc2538dk.a(etimer.o)
 .rodata.str1.1
                0x0020a369        0xe contiki-cc2538dk.a(serial-line.o)
 .rodata        0x0020a377        0x2 contiki-cc2538dk.a(sicslowpan.o)
 .rodata.ttl_values
                0x0020a379        0x4 contiki-cc2538dk.a(sicslowpan.o)
 .rodata.unc_llconf
                0x0020a37d        0x4 contiki-cc2538dk.a(sicslowpan.o)
                0x0020a37d                unc_llconf
 .rodata.llprefix
                0x0020a381        0x2 contiki-cc2538dk.a(sicslowpan.o)
                0x0020a381                llprefix
 .rodata.unc_mxconf
                0x0020a383        0x4 contiki-cc2538dk.a(sicslowpan.o)
                0x0020a383                unc_mxconf
 .rodata.str1.1
                0x0020a387        0xb contiki-cc2538dk.a(sicslowpan.o)
 .rodata.unc_ctxconf
                0x0020a392        0x4 contiki-cc2538dk.a(sicslowpan.o)
                0x0020a392                unc_ctxconf
 .rodata.str1.1
                0x0020a396        0xd contiki-cc2538dk.a(tcpip.o)
 .rodata.str1.1
                0x0020a3a3       0x29 contiki-cc2538dk.a(uip-debug.o)
 .rodata.linkaddr_null
                0x0020a3cc        0x8 contiki-cc2538dk.a(linkaddr.o)
                0x0020a3cc                linkaddr_null
 .rodata.str1.1
                0x0020a3d4        0x8 contiki-cc2538dk.a(nullsec.o)
 .rodata.str1.1
                0x0020a3dc        0x5 contiki-cc2538dk.a(csma.o)
 .rodata.str1.1
                0x0020a3e1        0xb contiki-cc2538dk.a(contikimac.o)
                0x0020a3ec                _etext = .

.glue_7         0x0020a3ec        0x0
 .glue_7        0x00000000        0x0 linker stubs

.glue_7t        0x0020a3ec        0x0
 .glue_7t       0x00000000        0x0 linker stubs

.vfp11_veneer   0x0020a3ec        0x0
 .vfp11_veneer  0x00000000        0x0 linker stubs

.v4_bx          0x0020a3ec        0x0
 .v4_bx         0x00000000        0x0 linker stubs

.iplt           0x0020a3ec        0x0
 .iplt          0x00000000        0x0 obj_cc2538dk/startup-gcc.o

.socdata        0x20000000       0x40
 *(SORT(.udma_channel_control_table))
 .udma_channel_control_table
                0x20000000       0x40 contiki-cc2538dk.a(udma.o)

.data           0x20000040      0x1be load address 0x0020a3ec
                0x20000040                _data = .
 *(SORT(.data*))
 .data.hello_world_process
                0x20000040       0x10 hello-world.co
                0x20000040                hello_world_process
 .data.sensors_process
                0x20000050       0x10 contiki-cc2538dk.a(sensors.o)
                0x20000050                sensors_process
 .data.sensors  0x20000060       0x24 contiki-cc2538dk.a(smartrf-sensors)
                0x20000060                sensors
 .data.cc2538_rf_process
                0x20000084       0x10 contiki-cc2538dk.a(cc2538-rf.o)
                0x20000084                cc2538_rf_process
 .data.ctxt     0x20000094        0x8 contiki-cc2538dk.a(dbg-printf.o)
 .data.ctimer_process
                0x2000009c       0x10 contiki-cc2538dk.a(ctimer.o)
                0x2000009c                ctimer_process
 .data.etimer_process
                0x200000ac       0x10 contiki-cc2538dk.a(etimer.o)
                0x200000ac                etimer_process
 .data.serial_line_process
                0x200000bc       0x10 contiki-cc2538dk.a(serial-line.o)
                0x200000bc                serial_line_process
 .data.ds6_neighbors
                0x200000cc        0x4 contiki-cc2538dk.a(uip-ds6-nbr.o)
                0x200000cc                ds6_neighbors
 .data.ds6_neighbors_struct
                0x200000d0       0x10 contiki-cc2538dk.a(uip-ds6-nbr.o)
 .data.defaultroutermemb
                0x200000e0        0xc contiki-cc2538dk.a(uip-ds6-route.o)
 .data.nbr_routes_struct
                0x200000ec       0x10 contiki-cc2538dk.a(uip-ds6-route.o)
 .data.routememb
                0x200000fc        0xc contiki-cc2538dk.a(uip-ds6-route.o)
 .data.neighborroutememb
                0x20000108        0xc contiki-cc2538dk.a(uip-ds6-route.o)
 .data.echo_request_handler
                0x20000114        0xc contiki-cc2538dk.a(uip-icmp6.o)
 .data.echo_reply_handler
                0x20000120        0xc contiki-cc2538dk.a(uip-icmp6.o)
 .data.ns_input_handler
                0x2000012c        0xc contiki-cc2538dk.a(uip-nd6.o)
 .data.na_input_handler
                0x20000138        0xc contiki-cc2538dk.a(uip-nd6.o)
 .data.tcpip_process
                0x20000144       0x10 contiki-cc2538dk.a(tcpip.o)
                0x20000144                tcpip_process
 .data.rpl_parents
                0x20000154        0x4 contiki-cc2538dk.a(rpl-dag.o)
                0x20000154                rpl_parents
 .data.rpl_parents_struct
                0x20000158       0x10 contiki-cc2538dk.a(rpl-dag.o)
 .data.dao_ack_handler
                0x20000168        0xc contiki-cc2538dk.a(rpl-icmp6.o)
 .data.dis_handler
                0x20000174        0xc contiki-cc2538dk.a(rpl-icmp6.o)
 .data.dao_handler
                0x20000180        0xc contiki-cc2538dk.a(rpl-icmp6.o)
 .data.dio_handler
                0x2000018c        0xc contiki-cc2538dk.a(rpl-icmp6.o)
 .data.rpl_mrhof
                0x20000198       0x1c contiki-cc2538dk.a(rpl-mrhof.o)
                0x20000198                rpl_mrhof
 .data.neighbor_addr_mem
                0x200001b4        0xc contiki-cc2538dk.a(nbr-table.o)
 .data.bufmem   0x200001c0        0xc contiki-cc2538dk.a(queuebuf.o)
 .data.buframmem
                0x200001cc        0xc contiki-cc2538dk.a(queuebuf.o)
 .data.metadata_memb
                0x200001d8        0xc contiki-cc2538dk.a(csma.o)
 .data.neighbor_memb
                0x200001e4        0xc contiki-cc2538dk.a(csma.o)
 .data.packet_memb
                0x200001f0        0xc contiki-cc2538dk.a(csma.o)
 .data.rf_channel
                0x200001fc        0x1 contiki-cc2538dk.a(cc2538-rf.o)
 .data.dao_sequence
                0x200001fd        0x1 contiki-cc2538dk.a(rpl-icmp6.o)
                0x200001fe                _edata = .
                0x0020a3ec                _ldata = LOADADDR (.data)

.igot.plt       0x20000200        0x0 load address 0x0020a5aa
 .igot.plt      0x00000000        0x0 obj_cc2538dk/startup-gcc.o

.ARM.exidx      0x0020a5ac        0x8
 *(SORT(.ARM.exidx*))
 .ARM.exidx     0x0020a5ac        0x8 /usr/bin/../lib/gcc/arm-none-eabi/4.9.3/armv7-m/libgcc.a(_divdi3.o)
 .ARM.exidx     0x0020a5b4        0x0 /usr/bin/../lib/gcc/arm-none-eabi/4.9.3/armv7-m/libgcc.a(_udivdi3.o)
                                  0x8 (size before relaxing)

.bss            0x20000200     0x2873
                0x20000200                _bss = .
 *(SORT(.bss*))
 .bss.rt_ticks_startup
                0x20000200        0x8 contiki-cc2538dk.a(clock.o)
 .bss.rt_ticks_epoch
                0x20000208        0x8 contiki-cc2538dk.a(clock.o)
 .bss.i.4710    0x20000210        0x4 contiki-cc2538dk.a(sensors.o)
 .bss.events.4711
                0x20000214        0x4 contiki-cc2538dk.a(sensors.o)
 .bss.debouncetimer
                0x20000218        0x8 contiki-cc2538dk.a(button-sensor.o)
 .bss.next_trigger
                0x20000220        0x4 contiki-cc2538dk.a(rtimer-arch.o)
 .bss.input_handler
                0x20000224        0x8 contiki-cc2538dk.a(uart.o)
 .bss.interrupt_disable
                0x2000022c        0x4 contiki-cc2538dk.a(nvic.o)
 .bss.interrupt_pend
                0x20000230        0x4 contiki-cc2538dk.a(nvic.o)
 .bss.interrupt_unpend
                0x20000234        0x4 contiki-cc2538dk.a(nvic.o)
 .bss.interrupt_enable
                0x20000238        0x4 contiki-cc2538dk.a(nvic.o)
 .bss.gpio_callbacks
                0x2000023c       0x80 contiki-cc2538dk.a(gpio.o)
 .bss.ioc_sel   0x200002bc        0x4 contiki-cc2538dk.a(ioc.o)
 .bss.ioc_over  0x200002c0        0x4 contiki-cc2538dk.a(ioc.o)
 .bss.notification_process
                0x200002c4        0x4 contiki-cc2538dk.a(crypto.o)
 .bss.periph_permit_pm1_funcs
                0x200002c8        0xc contiki-cc2538dk.a(lpm.o)
 .bss.ctimer_list_list
                0x200002d4        0x4 contiki-cc2538dk.a(ctimer.o)
 .bss.timerlist
                0x200002d8        0x4 contiki-cc2538dk.a(etimer.o)
 .bss.next_expiration
                0x200002dc        0x4 contiki-cc2538dk.a(etimer.o)
 .bss.data.5352
                0x200002e0        0x4 contiki-cc2538dk.a(process.o)
 .bss.process_current
                0x200002e4        0x4 contiki-cc2538dk.a(process.o)
                0x200002e4                process_current
 .bss.p.5354    0x200002e8        0x4 contiki-cc2538dk.a(process.o)
 .bss.process_list
                0x200002ec        0x4 contiki-cc2538dk.a(process.o)
                0x200002ec                process_list
 .bss.events    0x200002f0      0x180 contiki-cc2538dk.a(process.o)
 .bss.receiver.5353
                0x20000470        0x4 contiki-cc2538dk.a(process.o)
 .bss.next_rtimer
                0x20000474        0x4 contiki-cc2538dk.a(rtimer.o)
 .bss.rxbuf     0x20000478        0x8 contiki-cc2538dk.a(serial-line.o)
 .bss.ptr.4695  0x20000480        0x4 contiki-cc2538dk.a(serial-line.o)
 .bss.context   0x20000484        0x4 contiki-cc2538dk.a(sicslowpan.o)
 .bss.last_rssi
                0x20000488        0x4 contiki-cc2538dk.a(sicslowpan.o)
 .bss.hc06_ptr  0x2000048c        0x4 contiki-cc2538dk.a(sicslowpan.o)
 .bss.reass_timer
                0x20000490        0x8 contiki-cc2538dk.a(sicslowpan.o)
 .bss.packetbuf_ptr
                0x20000498        0x4 contiki-cc2538dk.a(sicslowpan.o)
 .bss.packetbuf_payload_len
                0x2000049c        0x4 contiki-cc2538dk.a(sicslowpan.o)
 .bss.last_tx_status
                0x200004a0        0x4 contiki-cc2538dk.a(sicslowpan.o)
 .bss.sicslowpan_aligned_buf
                0x200004a4      0x514 contiki-cc2538dk.a(sicslowpan.o)
 .bss.callback  0x200009b8        0x4 contiki-cc2538dk.a(sicslowpan.o)
 .bss.locmaddr  0x200009bc        0x4 contiki-cc2538dk.a(uip-ds6.o)
 .bss.locprefix
                0x200009c0        0x4 contiki-cc2538dk.a(uip-ds6.o)
 .bss.locaddr   0x200009c4        0x4 contiki-cc2538dk.a(uip-ds6.o)
 .bss._ds6_neighbors_mem
                0x200009c8      0x320 contiki-cc2538dk.a(uip-ds6-nbr.o)
 .bss.defaultroutermemb_memb_mem
                0x20000ce8       0x40 contiki-cc2538dk.a(uip-ds6-route.o)
 .bss.num_routes
                0x20000d28        0x4 contiki-cc2538dk.a(uip-ds6-route.o)
 .bss.defaultrouterlist_list
                0x20000d2c        0x4 contiki-cc2538dk.a(uip-ds6-route.o)
 .bss._nbr_routes_mem
                0x20000d30       0xa0 contiki-cc2538dk.a(uip-ds6-route.o)
 .bss.routelist_list
                0x20000dd0        0x4 contiki-cc2538dk.a(uip-ds6-route.o)
 .bss.routememb_memb_mem
                0x20000dd4      0x320 contiki-cc2538dk.a(uip-ds6-route.o)
 .bss.neighborroutememb_memb_mem
                0x200010f4       0xa0 contiki-cc2538dk.a(uip-ds6-route.o)
 .bss.notificationlist_list
                0x20001194        0x4 contiki-cc2538dk.a(uip-ds6-route.o)
 .bss.echo_reply_callback_list_list
                0x20001198        0x4 contiki-cc2538dk.a(uip-icmp6.o)
 .bss.input_handler_list_list
                0x2000119c        0x4 contiki-cc2538dk.a(uip-icmp6.o)
 .bss.defrt     0x200011a0        0x4 contiki-cc2538dk.a(uip-nd6.o)
 .bss.nbr       0x200011a4        0x4 contiki-cc2538dk.a(uip-nd6.o)
 .bss.nd6_opt_llao
                0x200011a8        0x4 contiki-cc2538dk.a(uip-nd6.o)
 .bss.addr      0x200011ac        0x4 contiki-cc2538dk.a(uip-nd6.o)
 .bss.s         0x200011b0       0x44 contiki-cc2538dk.a(tcpip.o)
 .bss.periodic  0x200011f4       0x10 contiki-cc2538dk.a(tcpip.o)
 .bss.outputfunc
                0x20001204        0x4 contiki-cc2538dk.a(tcpip.o)
 .bss._rpl_parents_mem
                0x20001208      0x190 contiki-cc2538dk.a(rpl-dag.o)
 .bss.periodic_timer
                0x20001398       0x20 contiki-cc2538dk.a(rpl-timers.o)
 .bss.nbr_table_keys_list
                0x200013b8        0x4 contiki-cc2538dk.a(nbr-table.o)
 .bss.neighbor_addr_mem_memb_mem
                0x200013bc       0xf0 contiki-cc2538dk.a(nbr-table.o)
 .bss.all_tables
                0x200014ac       0x20 contiki-cc2538dk.a(nbr-table.o)
 .bss.num_tables
                0x200014cc        0x4 contiki-cc2538dk.a(nbr-table.o)
 .bss.packetbufptr
                0x200014d0        0x4 contiki-cc2538dk.a(packetbuf.o)
 .bss.packetbuf_aligned
                0x200014d4       0xb0 contiki-cc2538dk.a(packetbuf.o)
 .bss.bufmem_memb_mem
                0x20001584       0x20 contiki-cc2538dk.a(queuebuf.o)
 .bss.metadata_memb_memb_mem
                0x200015a4       0x60 contiki-cc2538dk.a(csma.o)
 .bss.neighbor_list_list
                0x20001604        0x4 contiki-cc2538dk.a(csma.o)
 .bss.packet_memb_memb_mem
                0x20001608       0x60 contiki-cc2538dk.a(csma.o)
 .bss.neighbor_memb_memb_mem
                0x20001668       0x70 contiki-cc2538dk.a(csma.o)
 .bss.cycle_start
                0x200016d8        0x4 contiki-cc2538dk.a(contikimac.o)
 .bss.we_are_receiving_burst
                0x200016dc        0x4 contiki-cc2538dk.a(contikimac.o)
 .bss.rt        0x200016e0        0xc contiki-cc2538dk.a(contikimac.o)
 .bss.start.6966
                0x200016ec        0x4 contiki-cc2538dk.a(contikimac.o)
 .bss.ct.7040   0x200016f0       0x20 contiki-cc2538dk.a(contikimac.o)
 .bss.reass_tag
                0x20001710        0x2 contiki-cc2538dk.a(sicslowpan.o)
 .bss.sicslowpan_len
                0x20001712        0x2 contiki-cc2538dk.a(sicslowpan.o)
 .bss.my_tag    0x20001714        0x2 contiki-cc2538dk.a(sicslowpan.o)
 .bss.processed_ip_in_len
                0x20001716        0x2 contiki-cc2538dk.a(sicslowpan.o)
 .bss.tmp16     0x20001718        0x2 contiki-cc2538dk.a(uip6.o)
 .bss.lastport  0x2000171a        0x2 contiki-cc2538dk.a(uip6.o)
 .bss.loc_fipaddr
                0x2000171c       0x10 contiki-cc2538dk.a(uip-ds6.o)
 .bss.tmp_ipaddr
                0x2000172c       0x10 contiki-cc2538dk.a(uip-icmp6.o)
 .bss.next_dis  0x2000173c        0x2 contiki-cc2538dk.a(rpl-timers.o)
 .bss.buflen    0x2000173e        0x2 contiki-cc2538dk.a(packetbuf.o)
 .bss.bufptr    0x20001740        0x2 contiki-cc2538dk.a(packetbuf.o)
 .bss.buframmem_memb_mem
                0x20001742      0x580 contiki-cc2538dk.a(queuebuf.o)
 .bss.seqno.6225
                0x20001cc2        0x2 contiki-cc2538dk.a(csma.o)
 .bss.pt        0x20001cc4        0x2 contiki-cc2538dk.a(contikimac.o)
 .bss.num_sensors
                0x20001cc6        0x1 contiki-cc2538dk.a(sensors.o)
 .bss.rf_flags  0x20001cc7        0x1 contiki-cc2538dk.a(cc2538-rf.o)
 .bss.max_pm    0x20001cc8        0x1 contiki-cc2538dk.a(lpm.o)
 .bss.initialized
                0x20001cc9        0x1 contiki-cc2538dk.a(ctimer.o)
 .bss.snum.5369
                0x20001cca        0x1 contiki-cc2538dk.a(process.o)
 .bss.fevent    0x20001ccb        0x1 contiki-cc2538dk.a(process.o)
 .bss.ev.5351   0x20001ccc        0x1 contiki-cc2538dk.a(process.o)
 .bss.nevents   0x20001ccd        0x1 contiki-cc2538dk.a(process.o)
 .bss.poll_requested
                0x20001cce        0x1 contiki-cc2538dk.a(process.o)
 .bss.lastevent
                0x20001ccf        0x1 contiki-cc2538dk.a(process.o)
 .bss.rxbuf_data
                0x20001cd0       0x80 contiki-cc2538dk.a(serial-line.o)
 .bss.overflow.4688
                0x20001d50        0x1 contiki-cc2538dk.a(serial-line.o)
 .bss.buf.4694  0x20001d51       0x80 contiki-cc2538dk.a(serial-line.o)
 .bss.uncomp_hdr_len
                0x20001dd1        0x1 contiki-cc2538dk.a(sicslowpan.o)
 .bss.addr_contexts
                0x20001dd2        0xa contiki-cc2538dk.a(sicslowpan.o)
 .bss.packetbuf_hdr_len
                0x20001ddc        0x1 contiki-cc2538dk.a(sicslowpan.o)
 .bss.uip_ext_len
                0x20001ddd        0x1 contiki-cc2538dk.a(uip6.o)
                0x20001ddd                uip_ext_len
 .bss.uip_ext_bitmap
                0x20001dde        0x1 contiki-cc2538dk.a(uip6.o)
                0x20001dde                uip_ext_bitmap
 .bss.iss       0x20001ddf        0x4 contiki-cc2538dk.a(uip6.o)
 .bss.uip_ext_opt_offset
                0x20001de3        0x1 contiki-cc2538dk.a(uip6.o)
                0x20001de3                uip_ext_opt_offset
 .bss.c         0x20001de4        0x1 contiki-cc2538dk.a(uip6.o)
 .bss.opt       0x20001de5        0x1 contiki-cc2538dk.a(uip6.o)
 .bss.defaultroutermemb_memb_count
                0x20001de6        0x2 contiki-cc2538dk.a(uip-ds6-route.o)
 .bss.neighborroutememb_memb_count
                0x20001de8       0x14 contiki-cc2538dk.a(uip-ds6-route.o)
 .bss.routememb_memb_count
                0x20001dfc       0x14 contiki-cc2538dk.a(uip-ds6-route.o)
 .bss.nd6_opt_offset
                0x20001e10        0x1 contiki-cc2538dk.a(uip-nd6.o)
 .bss.i.7772    0x20001e11        0x1 contiki-cc2538dk.a(tcpip.o)
 .bss.i.7816    0x20001e12        0x1 contiki-cc2538dk.a(tcpip.o)
 .bss.i.7828    0x20001e13        0x1 contiki-cc2538dk.a(tcpip.o)
 .bss.mode      0x20001e14        0x1 contiki-cc2538dk.a(rpl.o)
 .bss.dio_send_ok
                0x20001e15        0x1 contiki-cc2538dk.a(rpl-timers.o)
 .bss.neighbor_addr_mem_memb_count
                0x20001e16       0x14 contiki-cc2538dk.a(nbr-table.o)
 .bss.locked_map
                0x20001e2a       0x14 contiki-cc2538dk.a(nbr-table.o)
 .bss.used_map  0x20001e3e       0x14 contiki-cc2538dk.a(nbr-table.o)
 .bss.hdrptr    0x20001e52        0x1 contiki-cc2538dk.a(packetbuf.o)
 .bss.buframmem_memb_count
                0x20001e53        0x8 contiki-cc2538dk.a(queuebuf.o)
 .bss.bufmem_memb_count
                0x20001e5b        0x8 contiki-cc2538dk.a(queuebuf.o)
 .bss.mac_dsn   0x20001e63        0x1 contiki-cc2538dk.a(framer-802154.o)
 .bss.initialized
                0x20001e64        0x1 contiki-cc2538dk.a(framer-802154.o)
 .bss.packet_memb_memb_count
                0x20001e65        0x8 contiki-cc2538dk.a(csma.o)
 .bss.metadata_memb_memb_count
                0x20001e6d        0x8 contiki-cc2538dk.a(csma.o)
 .bss.initialized.6224
                0x20001e75        0x1 contiki-cc2538dk.a(csma.o)
 .bss.neighbor_memb_memb_count
                0x20001e76        0x2 contiki-cc2538dk.a(csma.o)
 .bss.radio_is_on
                0x20001e78        0x1 contiki-cc2538dk.a(contikimac.o)
 .bss.we_are_sending
                0x20001e79        0x1 contiki-cc2538dk.a(contikimac.o)
 .bss.contikimac_keep_radio_on
                0x20001e7a        0x1 contiki-cc2538dk.a(contikimac.o)
 .bss.periods.6968
                0x20001e7b        0x1 contiki-cc2538dk.a(contikimac.o)
 .bss.packet_seen.6960
                0x20001e7c        0x1 contiki-cc2538dk.a(contikimac.o)
 .bss.count.6961
                0x20001e7d        0x1 contiki-cc2538dk.a(contikimac.o)
 .bss.contikimac_is_on
                0x20001e7e        0x1 contiki-cc2538dk.a(contikimac.o)
 .bss.silence_periods.6967
                0x20001e7f        0x1 contiki-cc2538dk.a(contikimac.o)
 .bss.leds      0x20001e80        0x1 contiki-cc2538dk.a(leds.o)
 .bss.received_seqnos
                0x20001e81       0x90 contiki-cc2538dk.a(mac-sequence.o)
 *(SORT(COMMON))
 *fill*         0x20001f11        0x3 
 COMMON         0x20001f14      0x878 contiki-cc2538dk.a(uip6.o)
                0x20001f14                uip_len
                0x20001f18                uip_sappdata
                0x20001f1c                uip_acc32
                0x20001f20                uip_lladdr
                0x20001f28                uip_aligned_buf
                0x2000243c                uip_flags
                0x20002440                uip_next_hdr
                0x20002444                uip_udp_conn
                0x20002448                uip_appdata
                0x2000244c                uip_conn
                0x20002450                uip_conns
                0x20002630                uip_icmp6_conns
                0x20002638                uip_listenports
                0x20002648                uip_slen
                0x2000264c                uip_udp_conns
 COMMON         0x2000278c      0x174 contiki-cc2538dk.a(uip-ds6.o)
                0x2000278c                uip_ds6_timer_ra
                0x20002794                uip_ds6_if
                0x2000288c                uip_ds6_netif_addr_list_offset
                0x2000288d                uip_ds6_addr_size
                0x20002890                uip_ds6_prefix_list
                0x200028f0                uip_ds6_timer_periodic
 COMMON         0x20002900      0x128 contiki-cc2538dk.a(rpl-dag.o)
                0x20002900                default_instance
                0x20002904                instance_table
 COMMON         0x20002a28       0x2e contiki-cc2538dk.a(packetbuf.o)
                0x20002a28                packetbuf_addrs
                0x20002a38                packetbuf_attrs
 COMMON         0x20002a56        0x1 contiki-cc2538dk.a(sensors.o)
                0x20002a56                sensors_event
 COMMON         0x20002a57        0x9 contiki-cc2538dk.a(smartrf-sensors)
                0x20002a57                sensors_flags
 COMMON         0x20002a60        0x1 contiki-cc2538dk.a(serial-line.o)
                0x20002a60                serial_line_event_message
 COMMON         0x20002a61        0x8 contiki-cc2538dk.a(sicslowpan.o)
                0x20002a61                frag_sender
 COMMON         0x20002a69        0x2 contiki-cc2538dk.a(tcpip.o)
                0x20002a69                tcpip_event
                0x20002a6a                tcpip_icmp6_event
 COMMON         0x20002a6b        0x8 contiki-cc2538dk.a(linkaddr.o)
                0x20002a6b                linkaddr_node_addr
                0x20002a73                _ebss = .

.stack          0x20002a74      0x800
 *(SORT(.stack))
 .stack         0x20002a74      0x800 obj_cc2538dk/startup-gcc.o

.flashcca       0x0027ffd4       0x2c
 *(SORT(.flashcca))
 .flashcca      0x0027ffd4       0x2c obj_cc2538dk/startup-gcc.o
                0x0027ffd4                __cca
OUTPUT(hello-world.elf elf32-littlearm)

.rel.dyn        0x00280000        0x0
 .rel.iplt      0x00000000        0x0 obj_cc2538dk/startup-gcc.o

.comment        0x00000000       0x70
 .comment       0x00000000       0x70 obj_cc2538dk/startup-gcc.o
                                 0x71 (size before relaxing)
 .comment       0x00000000       0x71 hello-world.co
 .comment       0x00000000       0x71 contiki-cc2538dk.a(contiki-main.o)
 .comment       0x00000000       0x71 contiki-cc2538dk.a(sensors.o)
 .comment       0x00000000       0x71 contiki-cc2538dk.a(smartrf-sensors)
 .comment       0x00000000       0x71 contiki-cc2538dk.a(button-sensor.o)
 .comment       0x00000000       0x71 contiki-cc2538dk.a(als-sensor.o)
 .comment       0x00000000       0x71 contiki-cc2538dk.a(clock.o)
 .comment       0x00000000       0x71 contiki-cc2538dk.a(rtimer-arch.o)
 .comment       0x00000000       0x71 contiki-cc2538dk.a(uart.o)
 .comment       0x00000000       0x71 contiki-cc2538dk.a(watchdog.o)
 .comment       0x00000000       0x71 contiki-cc2538dk.a(nvic.o)
 .comment       0x00000000       0x71 contiki-cc2538dk.a(cpu.o)
 .comment       0x00000000       0x71 contiki-cc2538dk.a(sys-ctrl.o)
 .comment       0x00000000       0x71 contiki-cc2538dk.a(gpio.o)
 .comment       0x00000000       0x71 contiki-cc2538dk.a(ioc.o)
 .comment       0x00000000       0x71 contiki-cc2538dk.a(adc.o)
 .comment       0x00000000       0x71 contiki-cc2538dk.a(crypto.o)
 .comment       0x00000000       0x71 contiki-cc2538dk.a(cc2538-rf.o)
 .comment       0x00000000       0x71 contiki-cc2538dk.a(udma.o)
 .comment       0x00000000       0x71 contiki-cc2538dk.a(lpm.o)
 .comment       0x00000000       0x71 contiki-cc2538dk.a(dbg.o)
 .comment       0x00000000       0x71 contiki-cc2538dk.a(ieee-addr.o)
 .comment       0x00000000       0x71 contiki-cc2538dk.a(cc2538-temp-sen)
 .comment       0x00000000       0x71 contiki-cc2538dk.a(vdd3-sensor.o)
 .comment       0x00000000       0x71 contiki-cc2538dk.a(dbg-printf.o)
 .comment       0x00000000       0x71 contiki-cc2538dk.a(strformat.o)
 .comment       0x00000000       0x71 contiki-cc2538dk.a(autostart.o)
 .comment       0x00000000       0x71 contiki-cc2538dk.a(ctimer.o)
 .comment       0x00000000       0x71 contiki-cc2538dk.a(energest.o)
 .comment       0x00000000       0x71 contiki-cc2538dk.a(etimer.o)
 .comment       0x00000000       0x71 contiki-cc2538dk.a(process.o)
 .comment       0x00000000       0x71 contiki-cc2538dk.a(rtimer.o)
 .comment       0x00000000       0x71 contiki-cc2538dk.a(timer.o)
 .comment       0x00000000       0x71 contiki-cc2538dk.a(serial-line.o)
 .comment       0x00000000       0x71 contiki-cc2538dk.a(list.o)
 .comment       0x00000000       0x71 contiki-cc2538dk.a(random.o)
 .comment       0x00000000       0x71 contiki-cc2538dk.a(ringbuf.o)
 .comment       0x00000000       0x71 contiki-cc2538dk.a(sicslowpan.o)
 .comment       0x00000000       0x71 contiki-cc2538dk.a(uip6.o)
 .comment       0x00000000       0x71 contiki-cc2538dk.a(uip-ds6.o)
 .comment       0x00000000       0x71 contiki-cc2538dk.a(uip-ds6-nbr.o)
 .comment       0x00000000       0x71 contiki-cc2538dk.a(uip-ds6-route.o)
 .comment       0x00000000       0x71 contiki-cc2538dk.a(uip-icmp6.o)
 .comment       0x00000000       0x71 contiki-cc2538dk.a(uip-nd6.o)
 .comment       0x00000000       0x71 contiki-cc2538dk.a(tcpip.o)
 .comment       0x00000000       0x71 contiki-cc2538dk.a(uip-debug.o)
 .comment       0x00000000       0x71 contiki-cc2538dk.a(rpl.o)
 .comment       0x00000000       0x71 contiki-cc2538dk.a(rpl-dag.o)
 .comment       0x00000000       0x71 contiki-cc2538dk.a(rpl-ext-header.)
 .comment       0x00000000       0x71 contiki-cc2538dk.a(rpl-icmp6.o)
 .comment       0x00000000       0x71 contiki-cc2538dk.a(rpl-mrhof.o)
 .comment       0x00000000       0x71 contiki-cc2538dk.a(rpl-timers.o)
 .comment       0x00000000       0x71 contiki-cc2538dk.a(linkaddr.o)
 .comment       0x00000000       0x71 contiki-cc2538dk.a(nbr-table.o)
 .comment       0x00000000       0x71 contiki-cc2538dk.a(netstack.o)
 .comment       0x00000000       0x71 contiki-cc2538dk.a(packetbuf.o)
 .comment       0x00000000       0x71 contiki-cc2538dk.a(queuebuf.o)
 .comment       0x00000000       0x71 contiki-cc2538dk.a(framer-802154.o)
 .comment       0x00000000       0x71 contiki-cc2538dk.a(framer.o)
 .comment       0x00000000       0x71 contiki-cc2538dk.a(nullsec.o)
 .comment       0x00000000       0x71 contiki-cc2538dk.a(csma.o)
 .comment       0x00000000       0x71 contiki-cc2538dk.a(contikimac.o)
 .comment       0x00000000       0x71 contiki-cc2538dk.a(leds.o)
 .comment       0x00000000       0x71 contiki-cc2538dk.a(leds-arch.o)
 .comment       0x00000000       0x71 contiki-cc2538dk.a(stimer.o)
 .comment       0x00000000       0x71 contiki-cc2538dk.a(memb.o)
 .comment       0x00000000       0x71 contiki-cc2538dk.a(frame802154.o)
 .comment       0x00000000       0x71 contiki-cc2538dk.a(mac.o)
 .comment       0x00000000       0x71 contiki-cc2538dk.a(mac-sequence.o)

.ARM.attributes
                0x00000000       0x31
 .ARM.attributes
                0x00000000       0x33 obj_cc2538dk/startup-gcc.o
 .ARM.attributes
                0x00000033       0x33 hello-world.co
 .ARM.attributes
                0x00000066       0x33 contiki-cc2538dk.a(contiki-main.o)
 .ARM.attributes
                0x00000099       0x33 contiki-cc2538dk.a(sensors.o)
 .ARM.attributes
                0x000000cc       0x33 contiki-cc2538dk.a(smartrf-sensors)
 .ARM.attributes
                0x000000ff       0x33 contiki-cc2538dk.a(button-sensor.o)
 .ARM.attributes
                0x00000132       0x33 contiki-cc2538dk.a(als-sensor.o)
 .ARM.attributes
                0x00000165       0x33 contiki-cc2538dk.a(clock.o)
 .ARM.attributes
                0x00000198       0x33 contiki-cc2538dk.a(rtimer-arch.o)
 .ARM.attributes
                0x000001cb       0x33 contiki-cc2538dk.a(uart.o)
 .ARM.attributes
                0x000001fe       0x33 contiki-cc2538dk.a(watchdog.o)
 .ARM.attributes
                0x00000231       0x33 contiki-cc2538dk.a(nvic.o)
 .ARM.attributes
                0x00000264       0x33 contiki-cc2538dk.a(cpu.o)
 .ARM.attributes
                0x00000297       0x33 contiki-cc2538dk.a(sys-ctrl.o)
 .ARM.attributes
                0x000002ca       0x33 contiki-cc2538dk.a(gpio.o)
 .ARM.attributes
                0x000002fd       0x33 contiki-cc2538dk.a(ioc.o)
 .ARM.attributes
                0x00000330       0x33 contiki-cc2538dk.a(adc.o)
 .ARM.attributes
                0x00000363       0x33 contiki-cc2538dk.a(crypto.o)
 .ARM.attributes
                0x00000396       0x33 contiki-cc2538dk.a(cc2538-rf.o)
 .ARM.attributes
                0x000003c9       0x33 contiki-cc2538dk.a(udma.o)
 .ARM.attributes
                0x000003fc       0x33 contiki-cc2538dk.a(lpm.o)
 .ARM.attributes
                0x0000042f       0x33 contiki-cc2538dk.a(dbg.o)
 .ARM.attributes
                0x00000462       0x33 contiki-cc2538dk.a(ieee-addr.o)
 .ARM.attributes
                0x00000495       0x33 contiki-cc2538dk.a(cc2538-temp-sen)
 .ARM.attributes
                0x000004c8       0x33 contiki-cc2538dk.a(vdd3-sensor.o)
 .ARM.attributes
                0x000004fb       0x33 contiki-cc2538dk.a(dbg-printf.o)
 .ARM.attributes
                0x0000052e       0x33 contiki-cc2538dk.a(strformat.o)
 .ARM.attributes
                0x00000561       0x33 contiki-cc2538dk.a(autostart.o)
 .ARM.attributes
                0x00000594       0x33 contiki-cc2538dk.a(ctimer.o)
 .ARM.attributes
                0x000005c7       0x33 contiki-cc2538dk.a(energest.o)
 .ARM.attributes
                0x000005fa       0x33 contiki-cc2538dk.a(etimer.o)
 .ARM.attributes
                0x0000062d       0x33 contiki-cc2538dk.a(process.o)
 .ARM.attributes
                0x00000660       0x33 contiki-cc2538dk.a(rtimer.o)
 .ARM.attributes
                0x00000693       0x33 contiki-cc2538dk.a(timer.o)
 .ARM.attributes
                0x000006c6       0x33 contiki-cc2538dk.a(serial-line.o)
 .ARM.attributes
                0x000006f9       0x33 contiki-cc2538dk.a(list.o)
 .ARM.attributes
                0x0000072c       0x33 contiki-cc2538dk.a(random.o)
 .ARM.attributes
                0x0000075f       0x33 contiki-cc2538dk.a(ringbuf.o)
 .ARM.attributes
                0x00000792       0x33 contiki-cc2538dk.a(sicslowpan.o)
 .ARM.attributes
                0x000007c5       0x33 contiki-cc2538dk.a(uip6.o)
 .ARM.attributes
                0x000007f8       0x33 contiki-cc2538dk.a(uip-ds6.o)
 .ARM.attributes
                0x0000082b       0x33 contiki-cc2538dk.a(uip-ds6-nbr.o)
 .ARM.attributes
                0x0000085e       0x33 contiki-cc2538dk.a(uip-ds6-route.o)
 .ARM.attributes
                0x00000891       0x33 contiki-cc2538dk.a(uip-icmp6.o)
 .ARM.attributes
                0x000008c4       0x33 contiki-cc2538dk.a(uip-nd6.o)
 .ARM.attributes
                0x000008f7       0x33 contiki-cc2538dk.a(tcpip.o)
 .ARM.attributes
                0x0000092a       0x33 contiki-cc2538dk.a(uip-debug.o)
 .ARM.attributes
                0x0000095d       0x33 contiki-cc2538dk.a(rpl.o)
 .ARM.attributes
                0x00000990       0x33 contiki-cc2538dk.a(rpl-dag.o)
 .ARM.attributes
                0x000009c3       0x33 contiki-cc2538dk.a(rpl-ext-header.)
 .ARM.attributes
                0x000009f6       0x33 contiki-cc2538dk.a(rpl-icmp6.o)
 .ARM.attributes
                0x00000a29       0x33 contiki-cc2538dk.a(rpl-mrhof.o)
 .ARM.attributes
                0x00000a5c       0x33 contiki-cc2538dk.a(rpl-timers.o)
 .ARM.attributes
                0x00000a8f       0x33 contiki-cc2538dk.a(linkaddr.o)
 .ARM.attributes
                0x00000ac2       0x33 contiki-cc2538dk.a(nbr-table.o)
 .ARM.attributes
                0x00000af5       0x33 contiki-cc2538dk.a(netstack.o)
 .ARM.attributes
                0x00000b28       0x33 contiki-cc2538dk.a(packetbuf.o)
 .ARM.attributes
                0x00000b5b       0x33 contiki-cc2538dk.a(queuebuf.o)
 .ARM.attributes
                0x00000b8e       0x33 contiki-cc2538dk.a(framer-802154.o)
 .ARM.attributes
                0x00000bc1       0x33 contiki-cc2538dk.a(framer.o)
 .ARM.attributes
                0x00000bf4       0x33 contiki-cc2538dk.a(nullsec.o)
 .ARM.attributes
                0x00000c27       0x33 contiki-cc2538dk.a(csma.o)
 .ARM.attributes
                0x00000c5a       0x33 contiki-cc2538dk.a(contikimac.o)
 .ARM.attributes
                0x00000c8d       0x33 contiki-cc2538dk.a(leds.o)
 .ARM.attributes
                0x00000cc0       0x33 contiki-cc2538dk.a(leds-arch.o)
 .ARM.attributes
                0x00000cf3       0x33 contiki-cc2538dk.a(stimer.o)
 .ARM.attributes
                0x00000d26       0x33 contiki-cc2538dk.a(memb.o)
 .ARM.attributes
                0x00000d59       0x33 contiki-cc2538dk.a(frame802154.o)
 .ARM.attributes
                0x00000d8c       0x33 contiki-cc2538dk.a(mac.o)
 .ARM.attributes
                0x00000dbf       0x33 contiki-cc2538dk.a(mac-sequence.o)
 .ARM.attributes
                0x00000df2       0x1d /usr/bin/../lib/gcc/arm-none-eabi/4.9.3/armv7-m/libgcc.a(_aeabi_uldivmod.o)
 .ARM.attributes
                0x00000e0f       0x2d /usr/bin/../lib/gcc/arm-none-eabi/4.9.3/armv7-m/libgcc.a(bpabi.o)
 .ARM.attributes
                0x00000e3c       0x1d /usr/bin/../lib/gcc/arm-none-eabi/4.9.3/armv7-m/libgcc.a(_dvmd_tls.o)
 .ARM.attributes
                0x00000e59       0x2d /usr/bin/../lib/gcc/arm-none-eabi/4.9.3/armv7-m/libgcc.a(_divdi3.o)
 .ARM.attributes
                0x00000e86       0x2d /usr/bin/../lib/gcc/arm-none-eabi/4.9.3/armv7-m/libgcc.a(_udivdi3.o)
 .ARM.attributes
                0x00000eb3       0x2d /usr/bin/../lib/gcc/arm-none-eabi/4.9.3/../../../../arm-none-eabi/lib/armv7-m/libc.a(lib_a-memcmp.o)
 .ARM.attributes
                0x00000ee0       0x1b /usr/bin/../lib/gcc/arm-none-eabi/4.9.3/../../../../arm-none-eabi/lib/armv7-m/libc.a(lib_a-memcpy.o)
 .ARM.attributes