Archive member included because of file (symbol)

contiki-cc2538dk.a(contiki-main.o)
                              obj_cc2538dk/startup-gcc.o (main)
contiki-cc2538dk.a(sensors.o)
                              contiki-cc2538dk.a(contiki-main.o) (sensors_process)
contiki-cc2538dk.a(smartrf-sensors)
                              contiki-cc2538dk.a(sensors.o) (sensors_flags)
contiki-cc2538dk.a(button-sensor.o)
                              contiki-cc2538dk.a(contiki-main.o) (button_sensor_init)
contiki-cc2538dk.a(als-sensor.o)
                              contiki-cc2538dk.a(smartrf-sensors) (als_sensor)
contiki-cc2538dk.a(clock.o)   contiki-cc2538dk.a(contiki-main.o) (clock_init)
contiki-cc2538dk.a(rtimer-arch.o)
                              contiki-cc2538dk.a(clock.o) (rtimer_arch_now)
contiki-cc2538dk.a(uart.o)    contiki-cc2538dk.a(contiki-main.o) (uart_init)
contiki-cc2538dk.a(watchdog.o)
                              contiki-cc2538dk.a(contiki-main.o) (watchdog_init)
contiki-cc2538dk.a(nvic.o)    contiki-cc2538dk.a(contiki-main.o) (nvic_init)
contiki-cc2538dk.a(cpu.o)     contiki-cc2538dk.a(contiki-main.o) (cpu_cpsie)
contiki-cc2538dk.a(sys-ctrl.o)
                              contiki-cc2538dk.a(contiki-main.o) (sys_ctrl_init)
contiki-cc2538dk.a(gpio.o)    contiki-cc2538dk.a(button-sensor.o) (gpio_register_callback)
contiki-cc2538dk.a(ioc.o)     contiki-cc2538dk.a(contiki-main.o) (ioc_init)
contiki-cc2538dk.a(adc.o)     contiki-cc2538dk.a(contiki-main.o) (adc_init)
contiki-cc2538dk.a(crypto.o)  obj_cc2538dk/startup-gcc.o (crypto_isr)
contiki-cc2538dk.a(cc2538-rf.o)
                              obj_cc2538dk/startup-gcc.o (cc2538_rf_rx_tx_isr)
contiki-cc2538dk.a(udma.o)    contiki-cc2538dk.a(contiki-main.o) (udma_init)
contiki-cc2538dk.a(lpm.o)     contiki-cc2538dk.a(rtimer-arch.o) (lpm_exit)
contiki-cc2538dk.a(dbg.o)     contiki-cc2538dk.a(contiki-main.o) (puts)
contiki-cc2538dk.a(ieee-addr.o)
                              contiki-cc2538dk.a(contiki-main.o) (ieee_addr_cpy_to)
contiki-cc2538dk.a(cc2538-temp-sen)
                              contiki-cc2538dk.a(smartrf-sensors) (cc2538_temp_sensor)
contiki-cc2538dk.a(vdd3-sensor.o)
                              contiki-cc2538dk.a(smartrf-sensors) (vdd3_sensor)
contiki-cc2538dk.a(dbg-printf.o)
                              contiki-cc2538dk.a(contiki-main.o) (printf)
contiki-cc2538dk.a(strformat.o)
                              contiki-cc2538dk.a(dbg-printf.o) (format_str_v)
contiki-cc2538dk.a(autostart.o)
                              contiki-cc2538dk.a(contiki-main.o) (autostart_start)
contiki-cc2538dk.a(ctimer.o)  contiki-cc2538dk.a(contiki-main.o) (ctimer_init)
contiki-cc2538dk.a(energest.o)
                              contiki-cc2538dk.a(contiki-main.o) (energest_init)
contiki-cc2538dk.a(etimer.o)  contiki-cc2538dk.a(clock.o) (etimer_request_poll)
contiki-cc2538dk.a(process.o)
                              contiki-cc2538dk.a(sensors.o) (process_alloc_event)
contiki-cc2538dk.a(rtimer.o)  contiki-cc2538dk.a(contiki-main.o) (rtimer_init)
contiki-cc2538dk.a(timer.o)   contiki-cc2538dk.a(button-sensor.o) (timer_set)
contiki-cc2538dk.a(serial-line.o)
                              contiki-cc2538dk.a(contiki-main.o) (serial_line_input_byte)
contiki-cc2538dk.a(list.o)    contiki-cc2538dk.a(ctimer.o) (list_init)
contiki-cc2538dk.a(random.o)  contiki-cc2538dk.a(contiki-main.o) (random_init)
contiki-cc2538dk.a(ringbuf.o)
                              contiki-cc2538dk.a(serial-line.o) (ringbuf_init)
contiki-cc2538dk.a(sicslowpan.o)
                              contiki-cc2538dk.a(contiki-main.o) (sicslowpan_driver)
contiki-cc2538dk.a(uip6.o)    contiki-cc2538dk.a(sicslowpan.o) (uip_aligned_buf)
contiki-cc2538dk.a(uip-ds6.o)
                              contiki-cc2538dk.a(uip6.o) (uip_ds6_is_addr_onlink)
contiki-cc2538dk.a(uip-ds6-nbr.o)
                              contiki-cc2538dk.a(uip-ds6.o) (uip_ds6_neighbors_init)
contiki-cc2538dk.a(uip-ds6-route.o)
                              contiki-cc2538dk.a(uip-ds6.o) (uip_ds6_route_init)
contiki-cc2538dk.a(uip-icmp6.o)
                              contiki-cc2538dk.a(uip6.o) (uip_icmp6_input)
contiki-cc2538dk.a(uip-nd6.o)
                              contiki-cc2538dk.a(uip-ds6-nbr.o) (uip_nd6_ns_output)
contiki-cc2538dk.a(uip-debug.o)
                              contiki-cc2538dk.a(uip-ds6-route.o) (uip_debug_ipaddr_print)
contiki-cc2538dk.a(rpl.o)     contiki-cc2538dk.a(uip-ds6-nbr.o) (rpl_link_neighbor_callback)
contiki-cc2538dk.a(rpl-dag.o)
                              contiki-cc2538dk.a(rpl.o) (default_instance)
contiki-cc2538dk.a(rpl-ext-header.)
                              contiki-cc2538dk.a(uip6.o) (rpl_verify_header)
contiki-cc2538dk.a(rpl-icmp6.o)
                              contiki-cc2538dk.a(rpl.o) (dao_output_target)
contiki-cc2538dk.a(rpl-mrhof.o)
                              contiki-cc2538dk.a(rpl.o) (rpl_mrhof)
contiki-cc2538dk.a(rpl-timers.o)
[...]
Memory Configuration

Name             Origin             Length             Attributes
FLASH            0x00200000         0x0007ffd4         xr
FLASH_CCA        0x0027ffd4         0x0000002c         xr
SRAM             0x20000000         0x00008000         xrw
*default*        0x00000000         0xffffffff

Linker script and memory map

LOAD obj_cc2538dk/startup-gcc.o
LOAD webserver6.co
LOAD contiki-cc2538dk.a
START GROUP
LOAD /usr/bin/../lib/gcc/arm-none-eabi/4.9.3/armv7-m/libgcc.a
LOAD /usr/bin/../lib/gcc/arm-none-eabi/4.9.3/../../../../arm-none-eabi/lib/armv7-m/libc.a
END GROUP

.text           0x00200000     0xcf9f
                0x00200000                _text = .
 *(SORT(.vectors))
 .vectors       0x00200000      0x28c obj_cc2538dk/startup-gcc.o
                0x00200000                vectors
 *(SORT(.text*))
 .text.reset_handler
                0x0020028c       0x40 obj_cc2538dk/startup-gcc.o
                0x0020028c                reset_handler
 .text.startup.main
                0x002002cc      0x19c contiki-cc2538dk.a(contiki-main.o)
                0x002002cc                main
 .text.process_thread_sensors_process
                0x00200468       0xd4 contiki-cc2538dk.a(sensors.o)
 .text.sensors_changed
                0x0020053c       0x38 contiki-cc2538dk.a(sensors.o)
                0x0020053c                sensors_changed
 .text.config_select
                0x00200574       0x30 contiki-cc2538dk.a(button-sensor.o)
 .text.config_left
                0x002005a4       0x30 contiki-cc2538dk.a(button-sensor.o)
 .text.config_right
                0x002005d4       0x30 contiki-cc2538dk.a(button-sensor.o)
 .text.config_up
                0x00200604       0x30 contiki-cc2538dk.a(button-sensor.o)
 .text.config_down
                0x00200634       0x30 contiki-cc2538dk.a(button-sensor.o)
 .text.btn_callback
                0x00200664       0x64 contiki-cc2538dk.a(button-sensor.o)
 .text.button_sensor_init
                0x002006c8        0xc contiki-cc2538dk.a(button-sensor.o)
                0x002006c8                button_sensor_init
 .text.value    0x002006d4       0x24 contiki-cc2538dk.a(als-sensor.o)
 .text.configure
                0x002006f8       0x54 contiki-cc2538dk.a(als-sensor.o)
 .text.update_ticks
                0x0020074c       0x4c contiki-cc2538dk.a(clock.o)
 .text.clock_init
                0x00200798       0x50 contiki-cc2538dk.a(clock.o)
                0x00200798                clock_init
 .text.clock_time
                0x002007e8       0x14 contiki-cc2538dk.a(clock.o)
                0x002007e8                clock_time
 .text.clock_seconds
                0x002007fc       0x14 contiki-cc2538dk.a(clock.o)
                0x002007fc                clock_seconds
 .text.clock_delay_usec
                0x00200810       0x1c contiki-cc2538dk.a(clock.o)
                0x00200810                clock_delay_usec
 .text.clock_adjust
                0x0020082c       0x20 contiki-cc2538dk.a(clock.o)
                0x0020082c                clock_adjust
 .text.rtimer_arch_next_trigger
                0x0020084c        0xc contiki-cc2538dk.a(rtimer-arch.o)
                0x0020084c                rtimer_arch_next_trigger
 .text.rtimer_arch_now
                0x00200858       0x2c contiki-cc2538dk.a(rtimer-arch.o)
                0x00200858                rtimer_arch_now
 .text.rtimer_arch_schedule
                0x00200884       0x58 contiki-cc2538dk.a(rtimer-arch.o)
                0x00200884                rtimer_arch_schedule
 .text.rtimer_isr
                0x002008dc       0x24 contiki-cc2538dk.a(rtimer-arch.o)
                0x002008dc                rtimer_isr
 .text.permit_pm1
                0x00200900       0x2c contiki-cc2538dk.a(uart.o)
 .text.uart_isr
                0x0020092c       0x64 contiki-cc2538dk.a(uart.o)
 .text.uart_init
                0x00200990      0x1ac contiki-cc2538dk.a(uart.o)
                0x00200990                uart_init
 .text.uart_set_input
                0x00200b3c       0x10 contiki-cc2538dk.a(uart.o)
                0x00200b3c                uart_set_input
 .text.uart_write_byte
                0x00200b4c       0x1c contiki-cc2538dk.a(uart.o)
                0x00200b4c                uart_write_byte
 .text.watchdog_init
                0x00200b68        0xc contiki-cc2538dk.a(watchdog.o)
                0x00200b68                watchdog_init
 .text.watchdog_start
                0x00200b74        0xc contiki-cc2538dk.a(watchdog.o)
                0x00200b74                watchdog_start
 .text.watchdog_periodic
                0x00200b80       0x10 contiki-cc2538dk.a(watchdog.o)
                0x00200b80                watchdog_periodic
 .text.nvic_init
                0x00200b90       0x3c contiki-cc2538dk.a(nvic.o)
                0x00200b90                nvic_init
 .text.nvic_interrupt_enable
                0x00200bcc       0x18 contiki-cc2538dk.a(nvic.o)
                0x00200bcc                nvic_interrupt_enable
 .text.nvic_interrupt_disable
                0x00200be4       0x18 contiki-cc2538dk.a(nvic.o)
                0x00200be4                nvic_interrupt_disable
 .text.nvic_interrupt_unpend
                0x00200bfc       0x18 contiki-cc2538dk.a(nvic.o)
                0x00200bfc                nvic_interrupt_unpend
 .text.sys_ctrl_init
                0x00200c14       0x28 contiki-cc2538dk.a(sys-ctrl.o)
                0x00200c14                sys_ctrl_init
 .text.gpio_register_callback
                0x00200c3c       0x10 contiki-cc2538dk.a(gpio.o)
                0x00200c3c                gpio_register_callback
 .text.notify   0x00200c4c       0x30 contiki-cc2538dk.a(gpio.o)
                0x00200c4c                notify
 .text.gpio_port_isr
                0x00200c7c       0x50 contiki-cc2538dk.a(gpio.o)
 .text.gpio_init
                0x00200ccc       0x10 contiki-cc2538dk.a(gpio.o)
                0x00200ccc                gpio_init
 .text.ioc_init
                0x00200cdc       0x1c contiki-cc2538dk.a(ioc.o)
                0x00200cdc                ioc_init
 .text.ioc_set_over
                0x00200cf8       0x14 contiki-cc2538dk.a(ioc.o)
                0x00200cf8                ioc_set_over
 .text.ioc_set_sel
                0x00200d0c       0x14 contiki-cc2538dk.a(ioc.o)
                0x00200d0c                ioc_set_sel
 .text.adc_init
                0x00200d20       0x10 contiki-cc2538dk.a(adc.o)
                0x00200d20                adc_init
 .text.adc_get  0x00200d30       0x78 contiki-cc2538dk.a(adc.o)
                0x00200d30                adc_get
 .text.crypto_isr
                0x00200da8       0x24 contiki-cc2538dk.a(crypto.o)
                0x00200da8                crypto_isr
 .text.on       0x00200dcc       0x2c contiki-cc2538dk.a(cc2538-rf.o)
 .text.off      0x00200df8       0x38 contiki-cc2538dk.a(cc2538-rf.o)
 .text.set_channel
                0x00200e30       0x48 contiki-cc2538dk.a(cc2538-rf.o)
 .text.channel_clear
                0x00200e78       0x3c contiki-cc2538dk.a(cc2538-rf.o)
 .text.receiving_packet
                0x00200eb4       0x18 contiki-cc2538dk.a(cc2538-rf.o)
 .text.pending_packet
                0x00200ecc       0x10 contiki-cc2538dk.a(cc2538-rf.o)
 .text.get_value
                0x00200edc      0x118 contiki-cc2538dk.a(cc2538-rf.o)
 .text.prepare  0x00200ff4       0x64 contiki-cc2538dk.a(cc2538-rf.o)
 .text.transmit
                0x00201058       0x8c contiki-cc2538dk.a(cc2538-rf.o)
 .text.set_frame_filtering
                0x002010e4       0x18 contiki-cc2538dk.a(cc2538-rf.o)
 .text.set_value
                0x002010fc       0xd4 contiki-cc2538dk.a(cc2538-rf.o)
 .text.get_object
                0x002011d0       0x30 contiki-cc2538dk.a(cc2538-rf.o)
 .text.set_object
                0x00201200       0x30 contiki-cc2538dk.a(cc2538-rf.o)
 .text.read     0x00201230       0xc4 contiki-cc2538dk.a(cc2538-rf.o)
 .text.init     0x002012f4       0xcc contiki-cc2538dk.a(cc2538-rf.o)
 .text.process_thread_cc2538_rf_process
                0x002013c0       0x74 contiki-cc2538dk.a(cc2538-rf.o)
 .text.cc2538_rf_rx_tx_isr
                0x00201434       0x18 contiki-cc2538dk.a(cc2538-rf.o)
                0x00201434                cc2538_rf_rx_tx_isr
 .text.cc2538_rf_err_isr
                0x0020144c       0x28 contiki-cc2538dk.a(cc2538-rf.o)
                0x0020144c                cc2538_rf_err_isr
 .text.udma_init
                0x00201474       0x30 contiki-cc2538dk.a(udma.o)
                0x00201474                udma_init
 .text.udma_set_channel_src
                0x002014a4       0x10 contiki-cc2538dk.a(udma.o)
                0x002014a4                udma_set_channel_src
 .text.udma_set_channel_dst
                0x002014b4       0x14 contiki-cc2538dk.a(udma.o)
                0x002014b4                udma_set_channel_dst
 .text.udma_set_channel_control_word
                0x002014c8       0x14 contiki-cc2538dk.a(udma.o)
                0x002014c8                udma_set_channel_control_word
 .text.udma_channel_enable
                0x002014dc       0x18 contiki-cc2538dk.a(udma.o)
                0x002014dc                udma_channel_enable
 .text.udma_channel_mask_set
                0x002014f4       0x18 contiki-cc2538dk.a(udma.o)
                0x002014f4                udma_channel_mask_set
 .text.udma_channel_sw_request
                0x0020150c       0x18 contiki-cc2538dk.a(udma.o)
                0x0020150c                udma_channel_sw_request
 .text.udma_channel_get_mode
                0x00201524       0x1c contiki-cc2538dk.a(udma.o)
                0x00201524                udma_channel_get_mode
 .text.udma_isr
                0x00201540       0x10 contiki-cc2538dk.a(udma.o)
                0x00201540                udma_isr
 .text.udma_err_isr
                0x00201550        0xc contiki-cc2538dk.a(udma.o)
                0x00201550                udma_err_isr
 .text.select_32_mhz_xosc
                0x0020155c       0x2c contiki-cc2538dk.a(lpm.o)
 .text.lpm_exit
                0x00201588       0x34 contiki-cc2538dk.a(lpm.o)
                0x00201588                lpm_exit
 .text.lpm_enter
                0x002015bc       0xb0 contiki-cc2538dk.a(lpm.o)
                0x002015bc                lpm_enter
 .text.lpm_register_peripheral
                0x0020166c       0x20 contiki-cc2538dk.a(lpm.o)
                0x0020166c                lpm_register_peripheral
 .text.lpm_init
                0x0020168c       0x24 contiki-cc2538dk.a(lpm.o)
                0x0020168c                lpm_init
 .text.ieee_addr_cpy_to
                0x002016b0       0x74 contiki-cc2538dk.a(ieee-addr.o)
                0x002016b0                ieee_addr_cpy_to
 .text.printf   0x00201724       0x20 contiki-cc2538dk.a(dbg-printf.o)
                0x00201724                printf
 .text.fill_space
                0x00201744       0x34 contiki-cc2538dk.a(strformat.o)
 .text.format_str_v
                0x00201778      0x6e8 contiki-cc2538dk.a(strformat.o)
                0x00201778                format_str_v
 .text.process_thread_ctimer_process
                0x00201e60       0x80 contiki-cc2538dk.a(ctimer.o)
 .text.ctimer_init
                0x00201ee0       0x28 contiki-cc2538dk.a(ctimer.o)
                0x00201ee0                ctimer_init
 .text.ctimer_set
                0x00201f08       0x40 contiki-cc2538dk.a(ctimer.o)
                0x00201f08                ctimer_set
 .text.ctimer_reset
                0x00201f48       0x38 contiki-cc2538dk.a(ctimer.o)
                0x00201f48                ctimer_reset
 .text.ctimer_stop
                0x00201f80       0x2c contiki-cc2538dk.a(ctimer.o)
                0x00201f80                ctimer_stop
 .text.update_time
                0x00201fac       0x44 contiki-cc2538dk.a(etimer.o)
 .text.etimer_request_poll
                0x00201ff0        0xc contiki-cc2538dk.a(etimer.o)
                0x00201ff0                etimer_request_poll
 .text.process_thread_etimer_process
                0x00201ffc       0x94 contiki-cc2538dk.a(etimer.o)
 .text.add_timer
                0x00202090       0x40 contiki-cc2538dk.a(etimer.o)
 .text.etimer_pending
                0x002020d0       0x10 contiki-cc2538dk.a(etimer.o)
                0x002020d0                etimer_pending
 .text.etimer_stop
                0x002020e0       0x34 contiki-cc2538dk.a(etimer.o)
                0x002020e0                etimer_stop
 .text.call_process.part.0
                0x00202114       0x38 contiki-cc2538dk.a(process.o)
 .text.exit_process
                0x0020214c       0x80 contiki-cc2538dk.a(process.o)
 .text.do_poll  0x002021cc       0x30 contiki-cc2538dk.a(process.o)
 .text.process_alloc_event
                0x002021fc       0x10 contiki-cc2538dk.a(process.o)
                0x002021fc                process_alloc_event
 .text.process_init
                0x0020220c       0x30 contiki-cc2538dk.a(process.o)
                0x0020220c                process_init
 .text.process_run
                0x0020223c       0xb0 contiki-cc2538dk.a(process.o)
                0x0020223c                process_run
 .text.process_nevents
                0x002022ec       0x14 contiki-cc2538dk.a(process.o)
                0x002022ec                process_nevents
 .text.process_post
                0x00202300       0x44 contiki-cc2538dk.a(process.o)
                0x00202300                process_post
 .text.process_post_synch
                0x00202344       0x14 contiki-cc2538dk.a(process.o)
                0x00202344                process_post_synch
 .text.process_start
                0x00202358       0x30 contiki-cc2538dk.a(process.o)
                0x00202358                process_start
 .text.process_poll
                0x00202388       0x18 contiki-cc2538dk.a(process.o)
                0x00202388                process_poll
 .text.rtimer_set
                0x002023a0       0x24 contiki-cc2538dk.a(rtimer.o)
                0x002023a0                rtimer_set
 .text.rtimer_run_next
                0x002023c4       0x28 contiki-cc2538dk.a(rtimer.o)
                0x002023c4                rtimer_run_next
 .text.process_thread_serial_line_process
                0x002023ec       0x98 contiki-cc2538dk.a(serial-line.o)
 .text.serial_line_input_byte
                0x00202484       0x44 contiki-cc2538dk.a(serial-line.o)
                0x00202484                serial_line_input_byte
 .text.serial_line_init
                0x002024c8       0x24 contiki-cc2538dk.a(serial-line.o)
                0x002024c8                serial_line_init
 .text.random_rand
                0x002024ec       0x20 contiki-cc2538dk.a(random.o)
                0x002024ec                random_rand
 .text.random_init
                0x0020250c       0x78 contiki-cc2538dk.a(random.o)
                0x0020250c                random_init
 .text.sicslowpan_init
                0x00202584       0x24 contiki-cc2538dk.a(sicslowpan.o)
                0x00202584                sicslowpan_init
 .text.set_packet_attrs
                0x002025a8       0x44 contiki-cc2538dk.a(sicslowpan.o)
 .text.compress_addr_64
                0x002025ec       0x90 contiki-cc2538dk.a(sicslowpan.o)
 .text.addr_context_lookup_by_prefix
                0x0020267c       0x28 contiki-cc2538dk.a(sicslowpan.o)
 .text.send_packet
                0x002026a4       0x24 contiki-cc2538dk.a(sicslowpan.o)
 .text.packet_sent
                0x002026c8       0x28 contiki-cc2538dk.a(sicslowpan.o)
 .text.uncompress_addr
                0x002026f0       0xa4 contiki-cc2538dk.a(sicslowpan.o)
 .text.output   0x00202794      0x6c0 contiki-cc2538dk.a(sicslowpan.o)
 .text.input    0x00202e54      0x5f8 contiki-cc2538dk.a(sicslowpan.o)
 .text.upper_layer_chksum
                0x0020344c       0x54 contiki-cc2538dk.a(uip6.o)
 .text.ext_hdr_options_process
                0x002034a0       0xb0 contiki-cc2538dk.a(uip6.o)
 .text.uip_add32
                0x00203550       0x54 contiki-cc2538dk.a(uip6.o)
                0x00203550                uip_add32
 .text.unlikely.uip_add_rcv_nxt
                0x002035a4       0x2c contiki-cc2538dk.a(uip6.o)
 .text.uip_init
                0x002035d0       0x6c contiki-cc2538dk.a(uip6.o)
                0x002035d0                uip_init
 .text.remove_ext_hdr
                0x0020363c       0x60 contiki-cc2538dk.a(uip6.o)
                0x0020363c                remove_ext_hdr
 .text.uip_unlisten
                0x0020369c       0x34 contiki-cc2538dk.a(uip6.o)
                0x0020369c                uip_unlisten
 .text.uip_listen
                0x002036d0       0x30 contiki-cc2538dk.a(uip6.o)
                0x002036d0                uip_listen
 .text.uip_process
                0x00203700      0xdbc contiki-cc2538dk.a(uip6.o)
                0x00203700                uip_process
 .text.uip_send
                0x002044bc       0x48 contiki-cc2538dk.a(uip6.o)
                0x002044bc                uip_send
 .text.uip_ds6_prefix_add
                0x00204504       0x64 contiki-cc2538dk.a(uip-ds6.o)
                0x00204504                uip_ds6_prefix_add
 .text.uip_ds6_is_addr_onlink
                0x00204568       0x40 contiki-cc2538dk.a(uip-ds6.o)
                0x00204568                uip_ds6_is_addr_onlink
 .text.uip_ds6_addr_lookup
                0x002045a8       0x2c contiki-cc2538dk.a(uip-ds6.o)
                0x002045a8                uip_ds6_addr_lookup
 .text.uip_ds6_get_link_local
                0x002045d4       0x40 contiki-cc2538dk.a(uip-ds6.o)
                0x002045d4                uip_ds6_get_link_local
 .text.uip_ds6_maddr_add
                0x00204614       0x4c contiki-cc2538dk.a(uip-ds6.o)
                0x00204614                uip_ds6_maddr_add
 .text.uip_ds6_addr_add
                0x00204660       0x94 contiki-cc2538dk.a(uip-ds6.o)
                0x00204660                uip_ds6_addr_add
 .text.uip_ds6_maddr_lookup
                0x002046f4       0x2c contiki-cc2538dk.a(uip-ds6.o)
                0x002046f4                uip_ds6_maddr_lookup
 .text.uip_ds6_addr_rm
                0x00204720       0x44 contiki-cc2538dk.a(uip-ds6.o)
                0x00204720                uip_ds6_addr_rm
 .text.uip_ds6_periodic
                0x00204764       0x50 contiki-cc2538dk.a(uip-ds6.o)
                0x00204764                uip_ds6_periodic
 .text.uip_ds6_select_src
                0x002047b4       0x94 contiki-cc2538dk.a(uip-ds6.o)
                0x002047b4                uip_ds6_select_src
 .text.uip_ds6_compute_reachable_time
                0x00204848       0x28 contiki-cc2538dk.a(uip-ds6.o)
                0x00204848                uip_ds6_compute_reachable_time
 .text.uip_ds6_init
                0x00204870       0xe0 contiki-cc2538dk.a(uip-ds6.o)
                0x00204870                uip_ds6_init
 .text.uip_ds6_nbr_rm
                0x00204950       0x20 contiki-cc2538dk.a(uip-ds6-nbr.o)
                0x00204950                uip_ds6_nbr_rm
 .text.uip_ds6_neighbors_init
                0x00204970       0x14 contiki-cc2538dk.a(uip-ds6-nbr.o)
                0x00204970                uip_ds6_neighbors_init
 .text.uip_ds6_nbr_add
                0x00204984       0x60 contiki-cc2538dk.a(uip-ds6-nbr.o)
                0x00204984                uip_ds6_nbr_add
 .text.uip_ds6_nbr_get_ll
                0x002049e4       0x10 contiki-cc2538dk.a(uip-ds6-nbr.o)
                0x002049e4                uip_ds6_nbr_get_ll
 .text.uip_ds6_nbr_lookup
                0x002049f4       0x38 contiki-cc2538dk.a(uip-ds6-nbr.o)
                0x002049f4                uip_ds6_nbr_lookup
 .text.uip_ds6_nbr_ll_lookup
                0x00204a2c       0x10 contiki-cc2538dk.a(uip-ds6-nbr.o)
                0x00204a2c                uip_ds6_nbr_ll_lookup
 .text.uip_ds6_link_neighbor_callback
                0x00204a3c       0x2c contiki-cc2538dk.a(uip-ds6-nbr.o)
                0x00204a3c                uip_ds6_link_neighbor_callback
 .text.uip_ds6_neighbor_periodic
                0x00204a68      0x10c contiki-cc2538dk.a(uip-ds6-nbr.o)
                0x00204a68                uip_ds6_neighbor_periodic
 .text.call_route_callback
                0x00204b74       0x48 contiki-cc2538dk.a(uip-ds6-route.o)
 .text.uip_ds6_route_init
                0x00204bbc       0x48 contiki-cc2538dk.a(uip-ds6-route.o)
                0x00204bbc                uip_ds6_route_init
 .text.uip_ds6_route_nexthop
                0x00204c04       0x1c contiki-cc2538dk.a(uip-ds6-route.o)
                0x00204c04                uip_ds6_route_nexthop
 .text.uip_ds6_route_head
                0x00204c20        0xc contiki-cc2538dk.a(uip-ds6-route.o)
                0x00204c20                uip_ds6_route_head
 .text.uip_ds6_route_lookup
                0x00204c2c       0x64 contiki-cc2538dk.a(uip-ds6-route.o)
                0x00204c2c                uip_ds6_route_lookup
 .text.uip_ds6_route_rm
                0x00204c90       0x9c contiki-cc2538dk.a(uip-ds6-route.o)
                0x00204c90                uip_ds6_route_rm
 .text.rm_routelist
                0x00204d2c       0x2c contiki-cc2538dk.a(uip-ds6-route.o)
 .text.uip_ds6_route_add
                0x00204d58       0xfc contiki-cc2538dk.a(uip-ds6-route.o)
                0x00204d58                uip_ds6_route_add
 .text.uip_ds6_defrt_rm
                0x00204e54       0x44 contiki-cc2538dk.a(uip-ds6-route.o)
                0x00204e54                uip_ds6_defrt_rm
 .text.uip_ds6_defrt_lookup
                0x00204e98       0x2c contiki-cc2538dk.a(uip-ds6-route.o)
                0x00204e98                uip_ds6_defrt_lookup
 .text.uip_ds6_defrt_add
                0x00204ec4       0x64 contiki-cc2538dk.a(uip-ds6-route.o)
                0x00204ec4                uip_ds6_defrt_add
 .text.uip_ds6_defrt_choose
                0x00204f28       0x30 contiki-cc2538dk.a(uip-ds6-route.o)
                0x00204f28                uip_ds6_defrt_choose
 .text.uip_ds6_defrt_periodic
                0x00204f58       0x30 contiki-cc2538dk.a(uip-ds6-route.o)
                0x00204f58                uip_ds6_defrt_periodic
 .text.echo_reply_input
                0x00204f88       0xe4 contiki-cc2538dk.a(uip-icmp6.o)
 .text.echo_request_input
                0x0020506c      0x100 contiki-cc2538dk.a(uip-icmp6.o)
 .text.uip_icmp6_input
                0x0020516c       0x38 contiki-cc2538dk.a(uip-icmp6.o)
                0x0020516c                uip_icmp6_input
 .text.uip_icmp6_register_input_handler
                0x002051a4        0xc contiki-cc2538dk.a(uip-icmp6.o)
                0x002051a4                uip_icmp6_register_input_handler
 .text.uip_icmp6_error_output
                0x002051b0      0x144 contiki-cc2538dk.a(uip-icmp6.o)
                0x002051b0                uip_icmp6_error_output
 .text.uip_icmp6_send
                0x002052f4       0x8c contiki-cc2538dk.a(uip-icmp6.o)
                0x002052f4                uip_icmp6_send
 .text.uip_icmp6_init
                0x00205380       0x1c contiki-cc2538dk.a(uip-icmp6.o)
                0x00205380                uip_icmp6_init
 .text.na_input
                0x0020539c      0x1c8 contiki-cc2538dk.a(uip-nd6.o)
 .text.ns_input
                0x00205564      0x254 contiki-cc2538dk.a(uip-nd6.o)
 .text.uip_nd6_ns_output
                0x002057b8      0x164 contiki-cc2538dk.a(uip-nd6.o)
                0x002057b8                uip_nd6_ns_output
 .text.uip_nd6_init
                0x0020591c       0x1c contiki-cc2538dk.a(uip-nd6.o)
                0x0020591c                uip_nd6_init
 .text.uip_debug_ipaddr_print
                0x00205938       0x64 contiki-cc2538dk.a(uip-debug.o)
                0x00205938                uip_debug_ipaddr_print
 .text.rpl_get_mode
                0x0020599c        0xc contiki-cc2538dk.a(rpl.o)
                0x0020599c                rpl_get_mode
 .text.rpl_purge_routes
                0x002059a8       0x64 contiki-cc2538dk.a(rpl.o)
                0x002059a8                rpl_purge_routes
 .text.rpl_link_neighbor_callback
                0x00205a0c       0x70 contiki-cc2538dk.a(rpl.o)
                0x00205a0c                rpl_link_neighbor_callback
 .text.rpl_ipv6_neighbor_callback
                0x00205a7c       0x28 contiki-cc2538dk.a(rpl.o)
                0x00205a7c                rpl_ipv6_neighbor_callback
 .text.rpl_init
                0x00205aa4       0x58 contiki-cc2538dk.a(rpl.o)
                0x00205aa4                rpl_init
 .text.rpl_set_preferred_parent
                0x00205afc       0x28 contiki-cc2538dk.a(rpl-dag.o)
 .text.set_ip_from_prefix
                0x00205b24       0x2c contiki-cc2538dk.a(rpl-dag.o)
 .text.find_parent_any_dag_any_instance
                0x00205b50       0x1c contiki-cc2538dk.a(rpl-dag.o)
 .text.rpl_get_nbr
                0x00205b6c       0x28 contiki-cc2538dk.a(rpl-dag.o)
                0x00205b6c                rpl_get_nbr
 .text.rpl_dag_init
                0x00205b94       0x14 contiki-cc2538dk.a(rpl-dag.o)
                0x00205b94                rpl_dag_init
 .text.rpl_get_parent
                0x00205ba8       0x10 contiki-cc2538dk.a(rpl-dag.o)
                0x00205ba8                rpl_get_parent
 .text.rpl_get_parent_ipaddr
                0x00205bb8       0x18 contiki-cc2538dk.a(rpl-dag.o)
                0x00205bb8                rpl_get_parent_ipaddr
 .text.rpl_alloc_instance
                0x00205bd0       0x34 contiki-cc2538dk.a(rpl-dag.o)
                0x00205bd0                rpl_alloc_instance
 .text.rpl_add_parent
                0x00205c04       0x44 contiki-cc2538dk.a(rpl-dag.o)
                0x00205c04                rpl_add_parent
 .text.rpl_select_parent
                0x00205c48       0x6c contiki-cc2538dk.a(rpl-dag.o)
                0x00205c48                rpl_select_parent
 .text.rpl_remove_parent
                0x00205cb4       0x1c contiki-cc2538dk.a(rpl-dag.o)
                0x00205cb4                rpl_remove_parent
 .text.remove_parents.constprop.4
                0x00205cd0       0x2c contiki-cc2538dk.a(rpl-dag.o)
 .text.rpl_get_any_dag
                0x00205cfc       0x18 contiki-cc2538dk.a(rpl-dag.o)
                0x00205cfc                rpl_get_any_dag
 .text.rpl_get_instance
                0x00205d14       0x20 contiki-cc2538dk.a(rpl-dag.o)
                0x00205d14                rpl_get_instance
 .text.rpl_find_of
                0x00205d34       0x14 contiki-cc2538dk.a(rpl-dag.o)
                0x00205d34                rpl_find_of
 .text.rpl_join_instance
                0x00205d48      0x124 contiki-cc2538dk.a(rpl-dag.o)
                0x00205d48                rpl_join_instance
 .text.rpl_local_repair
                0x00205e6c       0x58 contiki-cc2538dk.a(rpl-dag.o)
                0x00205e6c                rpl_local_repair
 .text.rpl_recalculate_ranks
                0x00205ec4       0x3c contiki-cc2538dk.a(rpl-dag.o)
                0x00205ec4                rpl_recalculate_ranks
 .text.rpl_lock_parent
                0x00205f00       0x10 contiki-cc2538dk.a(rpl-dag.o)
                0x00205f00                rpl_lock_parent
 .text.rpl_verify_header
                0x00205f10       0x9c contiki-cc2538dk.a(rpl-ext-header.)
                0x00205f10                rpl_verify_header
 .text.rpl_update_header_empty
                0x00205fac      0x13c contiki-cc2538dk.a(rpl-ext-header.)
                0x00205fac                rpl_update_header_empty
 .text.rpl_update_header_final
                0x002060e8       0x88 contiki-cc2538dk.a(rpl-ext-header.)
                0x002060e8                rpl_update_header_final
 .text.rpl_invert_header
                0x00206170       0x68 contiki-cc2538dk.a(rpl-ext-header.)
                0x00206170                rpl_invert_header
 .text.rpl_insert_header
                0x002061d8       0x1c contiki-cc2538dk.a(rpl-ext-header.)
                0x002061d8                rpl_insert_header
 .text.dao_ack_input
                0x002061f4        0xc contiki-cc2538dk.a(rpl-icmp6.o)
 .text.dio_input
                0x00206200      0x280 contiki-cc2538dk.a(rpl-icmp6.o)
 .text.dis_output
                0x00206480       0x54 contiki-cc2538dk.a(rpl-icmp6.o)
                0x00206480                dis_output
 .text.dio_output
                0x002064d4      0x20c contiki-cc2538dk.a(rpl-icmp6.o)
                0x002064d4                dio_output
 .text.dis_input
                0x002066e0       0x34 contiki-cc2538dk.a(rpl-icmp6.o)
 .text.dao_output_target
                0x00206714       0xe0 contiki-cc2538dk.a(rpl-icmp6.o)
                0x00206714                dao_output_target
 .text.dao_output
                0x002067f4       0x64 contiki-cc2538dk.a(rpl-icmp6.o)
                0x002067f4                dao_output
 .text.dao_ack_output
                0x00206858       0x34 contiki-cc2538dk.a(rpl-icmp6.o)
                0x00206858                dao_ack_output
 .text.dao_input
                0x0020688c      0x224 contiki-cc2538dk.a(rpl-icmp6.o)
 .text.rpl_icmp6_register_handlers
                0x00206ab0       0x30 contiki-cc2538dk.a(rpl-icmp6.o)
                0x00206ab0                rpl_icmp6_register_handlers
 .text.new_dio_interval
                0x00206ae0       0x58 contiki-cc2538dk.a(rpl-timers.o)
 .text.handle_periodic_timer
                0x00206b38       0x38 contiki-cc2538dk.a(rpl-timers.o)
 .text.set_dao_lifetime_timer
                0x00206b70       0x3c contiki-cc2538dk.a(rpl-timers.o)
 .text.handle_dio_timer
                0x00206bac       0x80 contiki-cc2538dk.a(rpl-timers.o)
 .text.schedule_dao
                0x00206c2c       0x54 contiki-cc2538dk.a(rpl-timers.o)
 .text.handle_dao_timer
                0x00206c80       0x58 contiki-cc2538dk.a(rpl-timers.o)
 .text.rpl_reset_periodic_timer
                0x00206cd8       0x34 contiki-cc2538dk.a(rpl-timers.o)
                0x00206cd8                rpl_reset_periodic_timer
 .text.rpl_schedule_probing
                0x00206d0c       0x30 contiki-cc2538dk.a(rpl-timers.o)
                0x00206d0c                rpl_schedule_probing
 .text.handle_probing_timer
                0x00206d3c       0xd4 contiki-cc2538dk.a(rpl-timers.o)
 .text.index_from_key
                0x00206e10       0x20 contiki-cc2538dk.a(nbr-table.o)
 .text.index_from_lladdr
                0x00206e30       0x40 contiki-cc2538dk.a(nbr-table.o)
 .text.key_from_item
                0x00206e70       0x2c contiki-cc2538dk.a(nbr-table.o)
 .text.nbr_get_bit.constprop.0
                0x00206e9c       0x30 contiki-cc2538dk.a(nbr-table.o)
 .text.nbr_table_register
                0x00206ecc       0x28 contiki-cc2538dk.a(nbr-table.o)
                0x00206ecc                nbr_table_register
 .text.nbr_table_head
                0x00206ef4       0x34 contiki-cc2538dk.a(nbr-table.o)
                0x00206ef4                nbr_table_head
 .text.nbr_table_add_lladdr
                0x00206f28      0x11c contiki-cc2538dk.a(nbr-table.o)
                0x00206f28                nbr_table_add_lladdr
 .text.nbr_table_remove
                0x00207044       0x2c contiki-cc2538dk.a(nbr-table.o)
                0x00207044                nbr_table_remove
 .text.nbr_table_lock
                0x00207070       0x14 contiki-cc2538dk.a(nbr-table.o)
                0x00207070                nbr_table_lock
 .text.nbr_table_unlock
                0x00207084       0x14 contiki-cc2538dk.a(nbr-table.o)
                0x00207084                nbr_table_unlock
 .text.netstack_init
                0x00207098       0x30 contiki-cc2538dk.a(netstack.o)
                0x00207098                netstack_init
 .text.packetbuf_compact
                0x002070c8       0x34 contiki-cc2538dk.a(packetbuf.o)
                0x002070c8                packetbuf_compact
 .text.packetbuf_copyto
                0x002070fc       0x50 contiki-cc2538dk.a(packetbuf.o)
                0x002070fc                packetbuf_copyto
 .text.packetbuf_hdrreduce
                0x0020714c       0x2c contiki-cc2538dk.a(packetbuf.o)
                0x0020714c                packetbuf_hdrreduce
 .text.packetbuf_set_datalen
                0x00207178        0xc contiki-cc2538dk.a(packetbuf.o)
                0x00207178                packetbuf_set_datalen
 .text.packetbuf_dataptr
                0x00207184       0x14 contiki-cc2538dk.a(packetbuf.o)
                0x00207184                packetbuf_dataptr
 .text.packetbuf_hdrptr
                0x00207198       0x14 contiki-cc2538dk.a(packetbuf.o)
                0x00207198                packetbuf_hdrptr
 .text.packetbuf_datalen
                0x002071ac        0xc contiki-cc2538dk.a(packetbuf.o)
                0x002071ac                packetbuf_datalen
 .text.packetbuf_hdrlen
                0x002071b8       0x1c contiki-cc2538dk.a(packetbuf.o)
                0x002071b8                packetbuf_hdrlen
 .text.packetbuf_totlen
                0x002071d4       0x14 contiki-cc2538dk.a(packetbuf.o)
                0x002071d4                packetbuf_totlen
 .text.packetbuf_hdralloc
                0x002071e8       0x28 contiki-cc2538dk.a(packetbuf.o)
                0x002071e8                packetbuf_hdralloc
 .text.packetbuf_attr_clear
                0x00207210       0x38 contiki-cc2538dk.a(packetbuf.o)
                0x00207210                packetbuf_attr_clear
 .text.packetbuf_clear
                0x00207248       0x30 contiki-cc2538dk.a(packetbuf.o)
                0x00207248                packetbuf_clear
 .text.packetbuf_copyfrom
                0x00207278       0x2c contiki-cc2538dk.a(packetbuf.o)
                0x00207278                packetbuf_copyfrom
 .text.packetbuf_attr_copyto
                0x002072a4       0x34 contiki-cc2538dk.a(packetbuf.o)
                0x002072a4                packetbuf_attr_copyto
 .text.packetbuf_attr_copyfrom
                0x002072d8       0x34 contiki-cc2538dk.a(packetbuf.o)
                0x002072d8                packetbuf_attr_copyfrom
 .text.packetbuf_set_attr
                0x0020730c       0x10 contiki-cc2538dk.a(packetbuf.o)
                0x0020730c                packetbuf_set_attr
 .text.packetbuf_attr
                0x0020731c        0xc contiki-cc2538dk.a(packetbuf.o)
                0x0020731c                packetbuf_attr
 .text.packetbuf_set_addr
                0x00207328       0x18 contiki-cc2538dk.a(packetbuf.o)
                0x00207328                packetbuf_set_addr
 .text.packetbuf_addr
                0x00207340       0x10 contiki-cc2538dk.a(packetbuf.o)
                0x00207340                packetbuf_addr
 .text.packetbuf_holds_broadcast
                0x00207350       0x10 contiki-cc2538dk.a(packetbuf.o)
                0x00207350                packetbuf_holds_broadcast
 .text.queuebuf_init
                0x00207360       0x1c contiki-cc2538dk.a(queuebuf.o)
                0x00207360                queuebuf_init
 .text.queuebuf_numfree
                0x0020737c        0xc contiki-cc2538dk.a(queuebuf.o)
                0x0020737c                queuebuf_numfree
 .text.queuebuf_new_from_packetbuf
                0x00207388       0x44 contiki-cc2538dk.a(queuebuf.o)
                0x00207388                queuebuf_new_from_packetbuf
 .text.queuebuf_free
                0x002073cc       0x2c contiki-cc2538dk.a(queuebuf.o)
                0x002073cc                queuebuf_free
 .text.queuebuf_to_packetbuf
                0x002073f8       0x30 contiki-cc2538dk.a(queuebuf.o)
                0x002073f8                queuebuf_to_packetbuf
 .text.create_frame.isra.0
                0x00207428      0x110 contiki-cc2538dk.a(framer-802154.o)
 .text.framer_canonical_create_and_secure
                0x00207538       0x30 contiki-cc2538dk.a(framer.o)
                0x00207538                framer_canonical_create_and_secure
 .text.init     0x00207568       0x40 contiki-cc2538dk.a(contikimac.o)
 .text.on       0x002075a8       0x2c contiki-cc2538dk.a(contikimac.o)
 .text.off      0x002075d4       0x38 contiki-cc2538dk.a(contikimac.o)
 .text.recv_burst_off
                0x0020760c       0x14 contiki-cc2538dk.a(contikimac.o)
 .text.powercycle_turn_radio_off
                0x00207620       0x1c contiki-cc2538dk.a(contikimac.o)
 .text.turn_off
                0x0020763c       0x38 contiki-cc2538dk.a(contikimac.o)
 .text.turn_on  0x00207674       0x40 contiki-cc2538dk.a(contikimac.o)
 .text.schedule_powercycle_fixed
                0x002076b4       0x38 contiki-cc2538dk.a(contikimac.o)
 .text.input_packet
                0x002076ec       0xa8 contiki-cc2538dk.a(contikimac.o)
 .text.send_packet.isra.7
                0x00207794      0x1f8 contiki-cc2538dk.a(contikimac.o)
 .text.qsend_list
                0x0020798c       0xc0 contiki-cc2538dk.a(contikimac.o)
 .text.powercycle
                0x00207a4c      0x20c contiki-cc2538dk.a(contikimac.o)
 .text.input    0x00207c58        0xc contiki-cc2538dk.a(nullsec.o)
 .text.send     0x00207c64       0x20 contiki-cc2538dk.a(nullsec.o)
 .text.input_packet
                0x00207c84        0xc contiki-cc2538dk.a(csma.o)
 .text.on       0x00207c90        0xc contiki-cc2538dk.a(csma.o)
 .text.off      0x00207c9c        0xc contiki-cc2538dk.a(csma.o)
 .text.channel_check_interval
                0x00207ca8       0x10 contiki-cc2538dk.a(csma.o)
 .text.transmit_packet_list
                0x00207cb8       0x30 contiki-cc2538dk.a(csma.o)
 .text.send_packet
                0x00207ce8      0x148 contiki-cc2538dk.a(csma.o)
 .text.init     0x00207e30       0x24 contiki-cc2538dk.a(csma.o)
 .text.free_packet
                0x00207e54       0x90 contiki-cc2538dk.a(csma.o)
 .text.packet_sent
                0x00207ee4       0xf8 contiki-cc2538dk.a(csma.o)
 .text.start_periodic_tcp_timer
                0x00207fdc       0x1c contiki-cc2538dk.a(tcpip.o)
 .text.tcpip_output
                0x00207ff8       0x10 contiki-cc2538dk.a(tcpip.o)
                0x00207ff8                tcpip_output
 .text.tcpip_set_outputfunc
                0x00208008        0xc contiki-cc2538dk.a(tcpip.o)
                0x00208008                tcpip_set_outputfunc
 .text.tcp_listen
                0x00208014       0x3c contiki-cc2538dk.a(tcpip.o)
                0x00208014                tcp_listen
 .text.tcp_attach
                0x00208050       0x10 contiki-cc2538dk.a(tcpip.o)
                0x00208050                tcp_attach
 .text.tcpip_icmp6_call
                0x00208060       0x28 contiki-cc2538dk.a(tcpip.o)
                0x00208060                tcpip_icmp6_call
 .text.tcpip_input
                0x00208088       0x24 contiki-cc2538dk.a(tcpip.o)
                0x00208088                tcpip_input
 .text.tcpip_ipv6_output
                0x002080ac      0x120 contiki-cc2538dk.a(tcpip.o)
                0x002080ac                tcpip_ipv6_output
 .text.process_thread_tcpip_process
                0x002081cc      0x1e0 contiki-cc2538dk.a(tcpip.o)
 .text.tcpip_uipcall
                0x002083ac       0x7c contiki-cc2538dk.a(tcpip.o)
                0x002083ac                tcpip_uipcall
 .text.mac_sequence_is_duplicate
                0x00208428       0x38 contiki-cc2538dk.a(mac-sequence.o)
                0x00208428                mac_sequence_is_duplicate
 .text.mac_sequence_register_seqno
                0x00208460       0x64 contiki-cc2538dk.a(mac-sequence.o)
                0x00208460                mac_sequence_register_seqno
 .text.process_thread_webserver_nogui_process
                0x002084c4       0x34 contiki-cc2538dk.a(webserver-nogui)
 .text.handle_input
                0x002084f8      0x104 contiki-cc2538dk.a(httpd.o)
 .text.send_headers
                0x002085fc      0x10c contiki-cc2538dk.a(httpd.o)
 .text.send_file
                0x00208708       0x50 contiki-cc2538dk.a(httpd.o)
 .text.handle_output
                0x00208758      0x210 contiki-cc2538dk.a(httpd.o)
 .text.generate
                0x00208968       0x34 contiki-cc2538dk.a(httpd.o)
 .text.httpd_appcall
                0x0020899c       0xb8 contiki-cc2538dk.a(httpd.o)
                0x0020899c                httpd_appcall
 .text.httpd_init
                0x00208a54       0x1c contiki-cc2538dk.a(httpd.o)
                0x00208a54                httpd_init
 .text.httpd_sprint_ip6
                0x00208a70       0x9c contiki-cc2538dk.a(httpd.o)
                0x00208a70                httpd_sprint_ip6
 .text.httpd_fs_open
                0x00208b0c       0x48 contiki-cc2538dk.a(httpd-fs.o)
                0x00208b0c                httpd_fs_open
 .text.httpd_fs_count
                0x00208b54       0x30 contiki-cc2538dk.a(httpd-fs.o)
                0x00208b54                httpd_fs_count
 .text.processes
                0x00208b84       0x4c contiki-cc2538dk.a(httpd-cgi.o)
 .text.tcp_stats
                0x00208bd0       0x5c contiki-cc2538dk.a(httpd-cgi.o)
 .text.make_processes
                0x00208c2c       0x4c contiki-cc2538dk.a(httpd-cgi.o)
 .text.make_tcp_stats
                0x00208c78       0x9c contiki-cc2538dk.a(httpd-cgi.o)
 .text.file_stats
                0x00208d14       0x3c contiki-cc2538dk.a(httpd-cgi.o)
 .text.generate_file_stats
                0x00208d50       0x2c contiki-cc2538dk.a(httpd-cgi.o)
 .text.httpd_cgi
                0x00208d7c       0x34 contiki-cc2538dk.a(httpd-cgi.o)
                0x00208d7c                httpd_cgi
 .text.httpd_cgi_add
                0x00208db0       0x20 contiki-cc2538dk.a(httpd-cgi.o)
                0x00208db0                httpd_cgi_add
 .text.httpd_cgi_init
                0x00208dd0       0x24 contiki-cc2538dk.a(httpd-cgi.o)
                0x00208dd0                httpd_cgi_init
 .text.leds_init
                0x00208df4       0x14 contiki-cc2538dk.a(leds.o)
                0x00208df4                leds_init
 .text.leds_on  0x00208e08       0x10 contiki-cc2538dk.a(leds.o)
                0x00208e08                leds_on
 .text.leds_off
                0x00208e18       0x14 contiki-cc2538dk.a(leds.o)
                0x00208e18                leds_off
 .text.leds_arch_init
                0x00208e2c       0x10 contiki-cc2538dk.a(leds-arch.o)
                0x00208e2c                leds_arch_init
 .text.leds_arch_set
                0x00208e3c        0xc contiki-cc2538dk.a(leds-arch.o)
                0x00208e3c                leds_arch_set
 .text.vsnprintf
                0x00208e48       0x28 contiki-cc2538dk.a(dbg-snprintf.o)
                0x00208e48                vsnprintf
 .text.sprintf  0x00208e70       0x30 contiki-cc2538dk.a(dbg-sprintf.o)
                0x00208e70                sprintf
 .text.stimer_expired
                0x00208ea0       0x20 contiki-cc2538dk.a(stimer.o)
                0x00208ea0                stimer_expired
 .text.psock_send
                0x00208ec0       0x98 contiki-cc2538dk.a(psock.o)
                0x00208ec0                psock_send
 .text.psock_generator_send
                0x00208f58       0x70 contiki-cc2538dk.a(psock.o)
                0x00208f58                psock_generator_send
 .text.psock_newdata
                0x00208fc8       0x28 contiki-cc2538dk.a(psock.o)
                0x00208fc8                psock_newdata
 .text.psock_readto
                0x00208ff0       0xa4 contiki-cc2538dk.a(psock.o)
                0x00208ff0                psock_readto
 .text.frame802154_parse
                0x00209094      0x120 contiki-cc2538dk.a(frame802154.o)
                0x00209094                frame802154_parse
 .text          0x002091b4       0x30 /usr/bin/../lib/gcc/arm-none-eabi/4.9.3/armv7-m/libgcc.a(_aeabi_uldivmod.o)
                0x002091b4                __aeabi_uldivmod
 .text          0x002091e4       0x60 /usr/bin/../lib/gcc/arm-none-eabi/4.9.3/armv7-m/libgcc.a(bpabi.o)
                0x002091e4                __gnu_ldivmod_helper
                0x00209214                __gnu_uldivmod_helper
 .text          0x00209244        0x4 /usr/bin/../lib/gcc/arm-none-eabi/4.9.3/armv7-m/libgcc.a(_dvmd_tls.o)
                0x00209244                __aeabi_ldiv0
                0x00209244                __aeabi_idiv0
 .text          0x00209248      0x2ac /usr/bin/../lib/gcc/arm-none-eabi/4.9.3/armv7-m/libgcc.a(_divdi3.o)
                0x00209248                __divdi3
 .text          0x002094f4      0x270 /usr/bin/../lib/gcc/arm-none-eabi/4.9.3/armv7-m/libgcc.a(_udivdi3.o)
                0x002094f4                __udivdi3
 .text.memcmp   0x00209764       0x64 /usr/bin/../lib/gcc/arm-none-eabi/4.9.3/../../../../arm-none-eabi/lib/armv7-m/libc.a(lib_a-memcmp.o)
                0x00209764                memcmp
 .text          0x002097c8       0xec /usr/bin/../lib/gcc/arm-none-eabi/4.9.3/../../../../arm-none-eabi/lib/armv7-m/libc.a(lib_a-memcpy.o)
                0x002097c8                memcpy
 .text.memmove  0x002098b4       0xc8 /usr/bin/../lib/gcc/arm-none-eabi/4.9.3/../../../../arm-none-eabi/lib/armv7-m/libc.a(lib_a-memmove.o)
                0x002098b4                memmove
 .text.memset   0x0020997c       0x9c /usr/bin/../lib/gcc/arm-none-eabi/4.9.3/../../../../arm-none-eabi/lib/armv7-m/libc.a(lib_a-memset.o)
                0x0020997c                memset
 .text.strchr   0x00209a18       0xcc /usr/bin/../lib/gcc/arm-none-eabi/4.9.3/../../../../arm-none-eabi/lib/armv7-m/libc.a(lib_a-strchr.o)
                0x00209a18                strchr
 .text.strcpy   0x00209ae4       0xbc /usr/bin/../lib/gcc/arm-none-eabi/4.9.3/../../../../arm-none-eabi/lib/armv7-m/libc.a(lib_a-strcpy.o)
                0x00209ae4                strcpy
 .text.strlen   0x00209ba0       0x5c /usr/bin/../lib/gcc/arm-none-eabi/4.9.3/../../../../arm-none-eabi/lib/armv7-m/libc.a(lib_a-strlen.o)
                0x00209ba0                strlen
 .text.strncmp  0x00209bfc       0x94 /usr/bin/../lib/gcc/arm-none-eabi/4.9.3/../../../../arm-none-eabi/lib/armv7-m/libc.a(lib_a-strncmp.o)
                0x00209bfc                strncmp
 .text.strncpy  0x00209c90       0x68 /usr/bin/../lib/gcc/arm-none-eabi/4.9.3/../../../../arm-none-eabi/lib/armv7-m/libc.a(lib_a-strncpy.o)
                0x00209c90                strncpy
 .text.strrchr  0x00209cf8       0x24 /usr/bin/../lib/gcc/arm-none-eabi/4.9.3/../../../../arm-none-eabi/lib/armv7-m/libc.a(lib_a-strrchr.o)
                0x00209cf8                strrchr
 .text.default_handler
                0x00209d1c        0x2 obj_cc2538dk/startup-gcc.o
                0x00209d1c                default_handler
                0x00209d1c                usb_isr
 .text.nmi_handler
                0x00209d1e        0x6 obj_cc2538dk/startup-gcc.o
                0x00209d1e                nmi_handler
 .text.fade     0x00209d24       0x54 contiki-cc2538dk.a(contiki-main.o)
 .text.config   0x00209d78       0x40 contiki-cc2538dk.a(button-sensor.o)
 .text.status   0x00209db8        0x4 contiki-cc2538dk.a(als-sensor.o)
 .text.clock_isr
                0x00209dbc        0x4 contiki-cc2538dk.a(clock.o)
                0x00209dbc                clock_isr
 .text.rtimer_arch_init
                0x00209dc0        0x2 contiki-cc2538dk.a(rtimer-arch.o)
                0x00209dc0                rtimer_arch_init
 .text.uart0_isr
                0x00209dc2        0x6 contiki-cc2538dk.a(uart.o)
                0x00209dc2                uart0_isr
 .text.uart1_isr
                0x00209dc8        0x6 contiki-cc2538dk.a(uart.o)
                0x00209dc8                uart1_isr
 .text.cpu_cpsie
                0x00209dce        0x8 contiki-cc2538dk.a(cpu.o)
                0x00209dce                cpu_cpsie
 .text.cpu_cpsid
                0x00209dd6        0x8 contiki-cc2538dk.a(cpu.o)
                0x00209dd6                cpu_cpsid
 .text.gpio_port_a_isr
                0x00209dde        0x6 contiki-cc2538dk.a(gpio.o)
                0x00209dde                gpio_port_a_isr
 .text.gpio_port_b_isr
                0x00209de4        0x6 contiki-cc2538dk.a(gpio.o)
                0x00209de4                gpio_port_b_isr
 .text.gpio_port_c_isr
                0x00209dea        0x6 contiki-cc2538dk.a(gpio.o)
                0x00209dea                gpio_port_c_isr
 .text.gpio_port_d_isr
                0x00209df0        0x6 contiki-cc2538dk.a(gpio.o)
                0x00209df0                gpio_port_d_isr
 .text.send     0x00209df6       0x12 contiki-cc2538dk.a(cc2538-rf.o)
 .text.putchar  0x00209e08       0x10 contiki-cc2538dk.a(dbg.o)
                0x00209e08                putchar
 .text.dbg_send_bytes
                0x00209e18       0x20 contiki-cc2538dk.a(dbg.o)
                0x00209e18                dbg_send_bytes
 .text.puts     0x00209e38       0x20 contiki-cc2538dk.a(dbg.o)
                0x00209e38                puts
 .text.configure
                0x00209e58        0x4 contiki-cc2538dk.a(cc2538-temp-sen)
 .text.status   0x00209e5c        0x4 contiki-cc2538dk.a(cc2538-temp-sen)
 .text.value    0x00209e60       0x34 contiki-cc2538dk.a(cc2538-temp-sen)
 .text.configure
                0x00209e94        0x4 contiki-cc2538dk.a(vdd3-sensor.o)
 .text.status   0x00209e98        0x4 contiki-cc2538dk.a(vdd3-sensor.o)
 .text.value    0x00209e9c       0x2a contiki-cc2538dk.a(vdd3-sensor.o)
 .text.write_str
                0x00209ec6       0x10 contiki-cc2538dk.a(dbg-printf.o)
 .text.autostart_start
                0x00209ed6       0x14 contiki-cc2538dk.a(autostart.o)
                0x00209ed6                autostart_start
 .text.energest_init
                0x00209eea        0x2 contiki-cc2538dk.a(energest.o)
                0x00209eea                energest_init
 .text.etimer_set
                0x00209eec       0x12 contiki-cc2538dk.a(etimer.o)
                0x00209eec                etimer_set
 .text.etimer_reset
                0x00209efe       0x12 contiki-cc2538dk.a(etimer.o)
                0x00209efe                etimer_reset
 .text.etimer_restart
                0x00209f10       0x12 contiki-cc2538dk.a(etimer.o)
                0x00209f10                etimer_restart
 .text.etimer_expired
                0x00209f22        0xa contiki-cc2538dk.a(etimer.o)
                0x00209f22                etimer_expired
 .text.etimer_expiration_time
                0x00209f2c        0x6 contiki-cc2538dk.a(etimer.o)
                0x00209f2c                etimer_expiration_time
 .text.call_process
                0x00209f32        0xc contiki-cc2538dk.a(process.o)
 .text.rtimer_init
                0x00209f3e        0x4 contiki-cc2538dk.a(rtimer.o)
                0x00209f3e                rtimer_init
 .text.timer_set
                0x00209f42        0xe contiki-cc2538dk.a(timer.o)
                0x00209f42                timer_set
 .text.timer_reset
                0x00209f50        0xa contiki-cc2538dk.a(timer.o)
                0x00209f50                timer_reset
 .text.timer_restart
                0x00209f5a        0xc contiki-cc2538dk.a(timer.o)
                0x00209f5a                timer_restart
 .text.timer_expired
                0x00209f66       0x1c contiki-cc2538dk.a(timer.o)
                0x00209f66                timer_expired
 .text.list_init
                0x00209f82        0x6 contiki-cc2538dk.a(list.o)
                0x00209f82                list_init
 .text.list_head
                0x00209f88        0x4 contiki-cc2538dk.a(list.o)
                0x00209f88                list_head
 .text.list_tail
                0x00209f8c       0x10 contiki-cc2538dk.a(list.o)
                0x00209f8c                list_tail
 .text.list_remove
                0x00209f9c       0x28 contiki-cc2538dk.a(list.o)
                0x00209f9c                list_remove
 .text.list_add
                0x00209fc4       0x1e contiki-cc2538dk.a(list.o)
                0x00209fc4                list_add
 .text.list_push
                0x00209fe2       0x12 contiki-cc2538dk.a(list.o)
                0x00209fe2                list_push
 .text.list_length
                0x00209ff4        0xe contiki-cc2538dk.a(list.o)
                0x00209ff4                list_length
 .text.list_item_next
                0x0020a002        0x6 contiki-cc2538dk.a(list.o)
                0x0020a002                list_item_next
 .text.ringbuf_init
                0x0020a008        0xe contiki-cc2538dk.a(ringbuf.o)
                0x0020a008                ringbuf_init
 .text.ringbuf_put
                0x0020a016       0x28 contiki-cc2538dk.a(ringbuf.o)
                0x0020a016                ringbuf_put
 .text.ringbuf_get
                0x0020a03e       0x20 contiki-cc2538dk.a(ringbuf.o)
                0x0020a03e                ringbuf_get
 .text.chksum   0x0020a05e       0x38 contiki-cc2538dk.a(uip6.o)
 .text.uip_icmp6chksum
                0x0020a096        0x6 contiki-cc2538dk.a(uip6.o)
                0x0020a096                uip_icmp6chksum
 .text.uip_tcpchksum
                0x0020a09c        0x6 contiki-cc2538dk.a(uip6.o)
                0x0020a09c                uip_tcpchksum
 .text.uip_udpchksum
                0x0020a0a2        0x6 contiki-cc2538dk.a(uip6.o)
                0x0020a0a2                uip_udpchksum
 .text.uip_htons
                0x0020a0a8        0x6 contiki-cc2538dk.a(uip6.o)
                0x0020a0a8                uip_htons
 .text.uip_htonl
                0x0020a0ae       0x14 contiki-cc2538dk.a(uip6.o)
                0x0020a0ae                uip_htonl
 .text.uip_ds6_list_loop
                0x0020a0c2       0x48 contiki-cc2538dk.a(uip-ds6.o)
                0x0020a0c2                uip_ds6_list_loop
 .text.uip_ds6_maddr_rm
                0x0020a10a        0x8 contiki-cc2538dk.a(uip-ds6.o)
                0x0020a10a                uip_ds6_maddr_rm
 .text.uip_ds6_set_addr_iid
                0x0020a112       0x12 contiki-cc2538dk.a(uip-ds6.o)
                0x0020a112                uip_ds6_set_addr_iid
 .text.get_match_length
                0x0020a124       0x3a contiki-cc2538dk.a(uip-ds6.o)
                0x0020a124                get_match_length
 .text.uip_ds6_nbr_ipaddr_from_lladdr
                0x0020a15e        0x4 contiki-cc2538dk.a(uip-ds6-nbr.o)
                0x0020a15e                uip_ds6_nbr_ipaddr_from_lladdr
 .text.uip_ds6_nbr_lladdr_from_ipaddr
                0x0020a162       0x12 contiki-cc2538dk.a(uip-ds6-nbr.o)
                0x0020a162                uip_ds6_nbr_lladdr_from_ipaddr
 .text.uip_ds6_route_next
                0x0020a174        0x8 contiki-cc2538dk.a(uip-ds6-route.o)
                0x0020a174                uip_ds6_route_next
 .text.rm_routelist_callback
                0x0020a17c        0x4 contiki-cc2538dk.a(uip-ds6-route.o)
 .text.rpl_remove_routes
                0x0020a180       0x1e contiki-cc2538dk.a(rpl.o)
                0x0020a180                rpl_remove_routes
 .text.rpl_remove_routes_by_nexthop
                0x0020a19e       0x36 contiki-cc2538dk.a(rpl.o)
                0x0020a19e                rpl_remove_routes_by_nexthop
 .text.rpl_add_route
                0x0020a1d4       0x28 contiki-cc2538dk.a(rpl.o)
                0x0020a1d4                rpl_add_route
 .text.lollipop_greater_than
                0x0020a1fc       0x34 contiki-cc2538dk.a(rpl-dag.o)
 .text.check_prefix
                0x0020a230       0x58 contiki-cc2538dk.a(rpl-dag.o)
 .text.rpl_set_prefix
                0x0020a288       0x6c contiki-cc2538dk.a(rpl-dag.o)
                0x0020a288                rpl_set_prefix
 .text.rpl_set_default_route
                0x0020a2f4       0x38 contiki-cc2538dk.a(rpl-dag.o)
                0x0020a2f4                rpl_set_default_route
 .text.rpl_find_parent
                0x0020a32c       0x16 contiki-cc2538dk.a(rpl-dag.o)
                0x0020a32c                rpl_find_parent
 .text.rpl_find_parent_any_dag
                0x0020a342       0x1e contiki-cc2538dk.a(rpl-dag.o)
                0x0020a342                rpl_find_parent_any_dag
 .text.rpl_select_dag
                0x0020a360      0x152 contiki-cc2538dk.a(rpl-dag.o)
                0x0020a360                rpl_select_dag
 .text.rpl_nullify_parent
                0x0020a4b2       0x48 contiki-cc2538dk.a(rpl-dag.o)
                0x0020a4b2                rpl_nullify_parent
 .text.nbr_callback
                0x0020a4fa        0x4 contiki-cc2538dk.a(rpl-dag.o)
 .text.rpl_move_parent
                0x0020a4fe       0x48 contiki-cc2538dk.a(rpl-dag.o)
                0x0020a4fe                rpl_move_parent
 .text.rpl_repair_root
                0x0020a546       0x48 contiki-cc2538dk.a(rpl-dag.o)
                0x0020a546                rpl_repair_root
 .text.rpl_alloc_dag
                0x0020a58e       0x48 contiki-cc2538dk.a(rpl-dag.o)
                0x0020a58e                rpl_alloc_dag
 .text.rpl_process_parent_event
                0x0020a5d6       0x60 contiki-cc2538dk.a(rpl-dag.o)
                0x0020a5d6                rpl_process_parent_event
 .text.rpl_add_dag
                0x0020a636      0x100 contiki-cc2538dk.a(rpl-dag.o)
                0x0020a636                rpl_add_dag
 .text.rpl_process_dio
                0x0020a736      0x29c contiki-cc2538dk.a(rpl-dag.o)
                0x0020a736                rpl_process_dio
 .text.get32    0x0020a9d2       0x18 contiki-cc2538dk.a(rpl-icmp6.o)
 .text.set32    0x0020a9ea       0x12 contiki-cc2538dk.a(rpl-icmp6.o)
 .text.get16    0x0020a9fc        0xc contiki-cc2538dk.a(rpl-icmp6.o)
 .text.set16    0x0020aa08        0xa contiki-cc2538dk.a(rpl-icmp6.o)
 .text.reset    0x0020aa12        0x2 contiki-cc2538dk.a(rpl-mrhof.o)
 .text.update_metric_container
                0x0020aa14        0x6 contiki-cc2538dk.a(rpl-mrhof.o)
 .text.calculate_rank
                0x0020aa1a       0x34 contiki-cc2538dk.a(rpl-mrhof.o)
 .text.neighbor_link_callback
                0x0020aa4e       0x46 contiki-cc2538dk.a(rpl-mrhof.o)
 .text.best_dag
                0x0020aa94       0x2c contiki-cc2538dk.a(rpl-mrhof.o)
 .text.best_parent
                0x0020aac0       0x5a contiki-cc2538dk.a(rpl-mrhof.o)
 .text.rpl_reset_dio_timer
                0x0020ab1a       0x1c contiki-cc2538dk.a(rpl-timers.o)
                0x0020ab1a                rpl_reset_dio_timer
 .text.rpl_schedule_dao
                0x0020ab36        0x8 contiki-cc2538dk.a(rpl-timers.o)
                0x0020ab36                rpl_schedule_dao
 .text.linkaddr_copy
                0x0020ab3e        0xa contiki-cc2538dk.a(linkaddr.o)
                0x0020ab3e                linkaddr_copy
 .text.linkaddr_cmp
                0x0020ab48       0x10 contiki-cc2538dk.a(linkaddr.o)
                0x0020ab48                linkaddr_cmp
 .text.nbr_set_bit
                0x0020ab58       0x38 contiki-cc2538dk.a(nbr-table.o)
 .text.item_from_key
                0x0020ab90       0x22 contiki-cc2538dk.a(nbr-table.o)
 .text.nbr_table_next
                0x0020abb2       0x2e contiki-cc2538dk.a(nbr-table.o)
                0x0020abb2                nbr_table_next
 .text.nbr_table_get_from_lladdr
                0x0020abe0       0x32 contiki-cc2538dk.a(nbr-table.o)
                0x0020abe0                nbr_table_get_from_lladdr
 .text.nbr_table_get_lladdr
                0x0020ac12        0xc contiki-cc2538dk.a(nbr-table.o)
                0x0020ac12                nbr_table_get_lladdr
 .text.queuebuf_update_attr_from_packetbuf
                0x0020ac1e        0xc contiki-cc2538dk.a(queuebuf.o)
                0x0020ac1e                queuebuf_update_attr_from_packetbuf
 .text.queuebuf_update_from_packetbuf
                0x0020ac2a       0x1c contiki-cc2538dk.a(queuebuf.o)
                0x0020ac2a                queuebuf_update_from_packetbuf
 .text.queuebuf_attr
                0x0020ac46        0xc contiki-cc2538dk.a(queuebuf.o)
                0x0020ac46                queuebuf_attr
 .text.parse    0x0020ac52       0x8e contiki-cc2538dk.a(framer-802154.o)
 .text.create   0x0020ace0        0x6 contiki-cc2538dk.a(framer-802154.o)
 .text.hdr_length
                0x0020ace6        0x6 contiki-cc2538dk.a(framer-802154.o)
 .text.duty_cycle
                0x0020acec        0x4 contiki-cc2538dk.a(contikimac.o)
 .text.qsend_packet
                0x0020acf0       0x22 contiki-cc2538dk.a(contikimac.o)
 .text.bootstrap
                0x0020ad12        0x2 contiki-cc2538dk.a(nullsec.o)
 .text.on_frame_created
                0x0020ad14        0x4 contiki-cc2538dk.a(nullsec.o)
 .text.get_overhead
                0x0020ad18        0x4 contiki-cc2538dk.a(nullsec.o)
 .text.webserver_log_file
                0x0020ad1c        0x2 contiki-cc2538dk.a(webserver-nogui)
                0x0020ad1c                webserver_log_file
 .text.webserver_log
                0x0020ad1e        0x2 contiki-cc2538dk.a(webserver-nogui)
                0x0020ad1e                webserver_log
 .text.httpd_fs_strcmp
                0x0020ad20       0x24 contiki-cc2538dk.a(httpd-fs.o)
 .text.nullfunction
                0x0020ad44        0x8 contiki-cc2538dk.a(httpd-cgi.o)
 .text.buffer_str
                0x0020ad4c       0x28 contiki-cc2538dk.a(dbg-snprintf.o)
 .text.snprintf
                0x0020ad74       0x1a contiki-cc2538dk.a(dbg-snprintf.o)
                0x0020ad74                snprintf
 .text.buffer_str
                0x0020ad8e       0x16 contiki-cc2538dk.a(dbg-sprintf.o)
 .text.stimer_set
                0x0020ada4        0xe contiki-cc2538dk.a(stimer.o)
                0x0020ada4                stimer_set
 .text.memb_init
                0x0020adb2       0x20 contiki-cc2538dk.a(memb.o)
                0x0020adb2                memb_init
 .text.memb_alloc
                0x0020add2       0x28 contiki-cc2538dk.a(memb.o)
                0x0020add2                memb_alloc
 .text.memb_free
                0x0020adfa       0x2c contiki-cc2538dk.a(memb.o)
                0x0020adfa                memb_free
 .text.memb_inmemb
                0x0020ae26       0x1c contiki-cc2538dk.a(memb.o)
                0x0020ae26                memb_inmemb
 .text.memb_numfree
                0x0020ae42       0x1c contiki-cc2538dk.a(memb.o)
                0x0020ae42                memb_numfree
 .text.psock_datalen
                0x0020ae5e        0xa contiki-cc2538dk.a(psock.o)
                0x0020ae5e                psock_datalen
 .text.psock_init
                0x0020ae68       0x16 contiki-cc2538dk.a(psock.o)
                0x0020ae68                psock_init
 .text.field_len
                0x0020ae7e       0x70 contiki-cc2538dk.a(frame802154.o)
 .text.frame802154_hdrlen
                0x0020aeee       0x2c contiki-cc2538dk.a(frame802154.o)
                0x0020aeee                frame802154_hdrlen
 .text.frame802154_create
                0x0020af1a       0xc4 contiki-cc2538dk.a(frame802154.o)
                0x0020af1a                frame802154_create
 .text.mac_call_sent_callback
                0x0020afde       0x16 contiki-cc2538dk.a(mac.o)
                0x0020afde                mac_call_sent_callback
 *(SORT(.rodata*))
 .rodata.autostart_processes
                0x0020aff4        0x8 webserver6.co
                0x0020aff4                autostart_processes
 .rodata.button_select_sensor
                0x0020affc       0x10 contiki-cc2538dk.a(button-sensor.o)
                0x0020affc                button_select_sensor
 .rodata.button_up_sensor
                0x0020b00c       0x10 contiki-cc2538dk.a(button-sensor.o)
                0x0020b00c                button_up_sensor
 .rodata.button_left_sensor
                0x0020b01c       0x10 contiki-cc2538dk.a(button-sensor.o)
                0x0020b01c                button_left_sensor
 .rodata.button_right_sensor
                0x0020b02c       0x10 contiki-cc2538dk.a(button-sensor.o)
                0x0020b02c                button_right_sensor
 .rodata.button_down_sensor
                0x0020b03c       0x10 contiki-cc2538dk.a(button-sensor.o)
                0x0020b03c                button_down_sensor
 .rodata.als_sensor
                0x0020b04c       0x10 contiki-cc2538dk.a(als-sensor.o)
                0x0020b04c                als_sensor
 .rodata.uart_regs
                0x0020b05c       0x58 contiki-cc2538dk.a(uart.o)
 .rodata.cc2538_rf_driver
                0x0020b0b4       0x38 contiki-cc2538dk.a(cc2538-rf.o)
                0x0020b0b4                cc2538_rf_driver
 .rodata.output_power
                0x0020b0ec       0x70 contiki-cc2538dk.a(cc2538-rf.o)
 .rodata.cc2538_temp_sensor
                0x0020b15c       0x10 contiki-cc2538dk.a(cc2538-temp-sen)
                0x0020b15c                cc2538_temp_sensor
 .rodata.vdd3_sensor
                0x0020b16c       0x10 contiki-cc2538dk.a(vdd3-sensor.o)
                0x0020b16c                vdd3_sensor
 .rodata.sicslowpan_driver
                0x0020b17c        0xc contiki-cc2538dk.a(sicslowpan.o)
                0x0020b17c                sicslowpan_driver
 .rodata.framer_802154
                0x0020b188       0x10 contiki-cc2538dk.a(framer-802154.o)
                0x0020b188                framer_802154
 .rodata.contikimac_driver
                0x0020b198       0x20 contiki-cc2538dk.a(contikimac.o)
                0x0020b198                contikimac_driver
 .rodata.nullsec_driver
                0x0020b1b8       0x18 contiki-cc2538dk.a(nullsec.o)
                0x0020b1b8                nullsec_driver
 .rodata.csma_driver
                0x0020b1d0       0x1c contiki-cc2538dk.a(csma.o)
                0x0020b1d0                csma_driver
 .rodata.file_404_html
                0x0020b1ec       0x14 contiki-cc2538dk.a(httpd-fs.o)
                0x0020b1ec                file_404_html
 .rodata.file_status_shtml
                0x0020b200       0x14 contiki-cc2538dk.a(httpd-fs.o)
                0x0020b200                file_status_shtml
 .rodata.file_index_html
                0x0020b214       0x14 contiki-cc2538dk.a(httpd-fs.o)
                0x0020b214                file_index_html
 .rodata.file_processes_shtml
                0x0020b228       0x14 contiki-cc2538dk.a(httpd-fs.o)
                0x0020b228                file_processes_shtml
 .rodata.file_header_html
                0x0020b23c       0x14 contiki-cc2538dk.a(httpd-fs.o)
                0x0020b23c                file_header_html
 .rodata.file_files_shtml
                0x0020b250       0x14 contiki-cc2538dk.a(httpd-fs.o)
                0x0020b250                file_files_shtml
 .rodata.file_upload_html
                0x0020b264       0x14 contiki-cc2538dk.a(httpd-fs.o)
                0x0020b264                file_upload_html
 .rodata.file_style_css
                0x0020b278       0x14 contiki-cc2538dk.a(httpd-fs.o)
                0x0020b278                file_style_css
 .rodata.file_footer_html
                0x0020b28c       0x14 contiki-cc2538dk.a(httpd-fs.o)
                0x0020b28c                file_footer_html
 .rodata.file_tcp_shtml
                0x0020b2a0       0x14 contiki-cc2538dk.a(httpd-fs.o)
                0x0020b2a0                file_tcp_shtml
 .rodata.states
                0x0020b2b4       0x30 contiki-cc2538dk.a(httpd-cgi.o)
 .rodata.str1.1
                0x0020b2e4       0x63 contiki-cc2538dk.a(contiki-main.o)
 .rodata.str1.1
                0x0020b347        0x8 contiki-cc2538dk.a(sensors.o)
 .rodata.str1.1
                0x0020b34f        0x7 contiki-cc2538dk.a(button-sensor.o)
 .rodata.str1.1
                0x0020b356        0x4 contiki-cc2538dk.a(als-sensor.o)
 .rodata.str1.1
                0x0020b35a       0x11 contiki-cc2538dk.a(cc2538-rf.o)
 .rodata.str1.1
                0x0020b36b       0x14 contiki-cc2538dk.a(cc2538-temp-sen)
 .rodata.str1.1
                0x0020b37f        0x5 contiki-cc2538dk.a(vdd3-sensor.o)
 .rodata.buffer.4159
                0x0020b384       0x10 contiki-cc2538dk.a(strformat.o)
 .rodata.str1.1
                0x0020b394       0x35 contiki-cc2538dk.a(strformat.o)
                                 0x37 (size before relaxing)
 .rodata.buffer.4150
                0x0020b3c9       0x10 contiki-cc2538dk.a(strformat.o)
 .rodata.str1.1
                0x0020b3d9        0xf contiki-cc2538dk.a(ctimer.o)
 .rodata.str1.1
                0x0020b3e8        0xc contiki-cc2538dk.a(etimer.o)
 .rodata.str1.1
                0x0020b3f4        0xe contiki-cc2538dk.a(serial-line.o)
 .rodata        0x0020b402        0x2 contiki-cc2538dk.a(sicslowpan.o)
 .rodata.ttl_values
                0x0020b404        0x4 contiki-cc2538dk.a(sicslowpan.o)
 .rodata.unc_llconf
                0x0020b408        0x4 contiki-cc2538dk.a(sicslowpan.o)
                0x0020b408                unc_llconf
 .rodata.llprefix
                0x0020b40c        0x2 contiki-cc2538dk.a(sicslowpan.o)
                0x0020b40c                llprefix
 .rodata.unc_mxconf
                0x0020b40e        0x4 contiki-cc2538dk.a(sicslowpan.o)
                0x0020b40e                unc_mxconf
 .rodata.str1.1
                0x0020b412        0xb contiki-cc2538dk.a(sicslowpan.o)
 .rodata.unc_ctxconf
                0x0020b41d        0x4 contiki-cc2538dk.a(sicslowpan.o)
                0x0020b41d                unc_ctxconf
 .rodata.str1.1
                0x0020b421       0x29 contiki-cc2538dk.a(uip-debug.o)
 .rodata.linkaddr_null
                0x0020b44a        0x8 contiki-cc2538dk.a(linkaddr.o)
                0x0020b44a                linkaddr_null
 .rodata.str1.1
                0x0020b452        0xb contiki-cc2538dk.a(contikimac.o)
 .rodata.str1.1
                0x0020b45d        0x8 contiki-cc2538dk.a(nullsec.o)
 .rodata.str1.1
                0x0020b465        0x5 contiki-cc2538dk.a(csma.o)
 .rodata.str1.1
                0x0020b46a        0xd contiki-cc2538dk.a(tcpip.o)
 .rodata.str1.1
                0x0020b477        0xb contiki-cc2538dk.a(webserver-nogui)
 .rodata.str1.1
                0x00000000        0x3 contiki-cc2538dk.a(httpd.o)
 .rodata.http_content_type_plain
                0x0020b482       0x1d contiki-cc2538dk.a(http-strings.o)
                0x0020b482                http_content_type_plain
 .rodata.http_referer
                0x0020b49f        0x9 contiki-cc2538dk.a(http-strings.o)
                0x0020b49f                http_referer
 .rodata.http_shtml
                0x0020b4a8        0x7 contiki-cc2538dk.a(http-strings.o)
                0x0020b4a8                http_shtml
 .rodata.http_html
                0x0020b4af        0x6 contiki-cc2538dk.a(http-strings.o)
                0x0020b4af                http_html
 .rodata.http_png
                0x0020b4b5        0x5 contiki-cc2538dk.a(http-strings.o)
                0x0020b4b5                http_png
 .rodata.http_content_type_jpg
                0x0020b4ba       0x1d contiki-cc2538dk.a(http-strings.o)
                0x0020b4ba                http_content_type_jpg
 .rodata.http_content_type_binary
                0x0020b4d7       0x2b contiki-cc2538dk.a(http-strings.o)
                0x0020b4d7                http_content_type_binary
 .rodata.http_gif
                0x0020b502        0x5 contiki-cc2538dk.a(http-strings.o)
                0x0020b502                http_gif
 .rodata.http_css
                0x0020b507        0x5 contiki-cc2538dk.a(http-strings.o)
                0x0020b507                http_css
 .rodata.http_404_html
                0x0020b50c        0xa contiki-cc2538dk.a(http-strings.o)
                0x0020b50c                http_404_html
 .rodata.http_content_type_html
                0x0020b516       0x1c contiki-cc2538dk.a(http-strings.o)
                0x0020b516                http_content_type_html
 .rodata.http_content_type_png
                0x0020b532       0x1c contiki-cc2538dk.a(http-strings.o)
                0x0020b532                http_content_type_png
 .rodata.http_content_type_css
                0x0020b54e       0x1b contiki-cc2538dk.a(http-strings.o)
                0x0020b54e                http_content_type_css
 .rodata.http_content_type_gif
                0x0020b569       0x1c contiki-cc2538dk.a(http-strings.o)
                0x0020b569                http_content_type_gif
 .rodata.http_header_404
                0x0020b585       0x5c contiki-cc2538dk.a(http-strings.o)
                0x0020b585                http_header_404
 .rodata.http_header_200
                0x0020b5e1       0x55 contiki-cc2538dk.a(http-strings.o)
                0x0020b5e1                http_header_200
 .rodata.http_jpg
                0x0020b636        0x5 contiki-cc2538dk.a(http-strings.o)
                0x0020b636                http_jpg
 .rodata.http_get
                0x0020b63b        0x5 contiki-cc2538dk.a(http-strings.o)
                0x0020b63b                http_get
 .rodata.http_index_html
                0x0020b640        0xc contiki-cc2538dk.a(http-strings.o)
                0x0020b640                http_index_html
 .rodata.data_processes_shtml
                0x0020b64c       0xb9 contiki-cc2538dk.a(httpd-fs.o)
                0x0020b64c                data_processes_shtml
 .rodata.data_upload_html
                0x0020b705       0xd1 contiki-cc2538dk.a(httpd-fs.o)
                0x0020b705                data_upload_html
 .rodata.data_header_html
                0x0020b7d6      0x321 contiki-cc2538dk.a(httpd-fs.o)
                0x0020b7d6                data_header_html
 .rodata.data_404_html
                0x0020baf7       0xaa contiki-cc2538dk.a(httpd-fs.o)
                0x0020baf7                data_404_html
 .rodata.data_status_shtml
                0x0020bba1       0xae contiki-cc2538dk.a(httpd-fs.o)
                0x0020bba1                data_status_shtml
 .rodata.data_footer_html
                0x0020bc4f       0x1e contiki-cc2538dk.a(httpd-fs.o)
                0x0020bc4f                data_footer_html
 .rodata.data_style_css
                0x0020bc6d      0xa0b contiki-cc2538dk.a(httpd-fs.o)
                0x0020bc6d                data_style_css
 .rodata.data_tcp_shtml
                0x0020c678       0xdd contiki-cc2538dk.a(httpd-fs.o)
                0x0020c678                data_tcp_shtml
 .rodata.data_index_html
                0x0020c755      0x3ff contiki-cc2538dk.a(httpd-fs.o)
                0x0020c755                data_index_html
 .rodata.data_files_shtml
                0x0020cb54      0x30e contiki-cc2538dk.a(httpd-fs.o)
                0x0020cb54                data_files_shtml
 .rodata.called
                0x0020ce62        0x7 contiki-cc2538dk.a(httpd-cgi.o)
 .rodata.syn_rcvd
                0x0020ce69        0x9 contiki-cc2538dk.a(httpd-cgi.o)
 .rodata.tcp_name
                0x0020ce72       0x10 contiki-cc2538dk.a(httpd-cgi.o)
 .rodata.fin_wait_2
                0x0020ce82        0xb contiki-cc2538dk.a(httpd-cgi.o)
 .rodata.time_wait
                0x0020ce8d        0xa contiki-cc2538dk.a(httpd-cgi.o)
 .rodata.established
                0x0020ce97        0xc contiki-cc2538dk.a(httpd-cgi.o)
 .rodata.str1.1
                0x0020cea3       0xae contiki-cc2538dk.a(httpd-cgi.o)
 .rodata.closed
                0x0020cf51        0x7 contiki-cc2538dk.a(httpd-cgi.o)
 .rodata.fin_wait_1
                0x0020cf58        0xb contiki-cc2538dk.a(httpd-cgi.o)
 .rodata.proc_name
                0x0020cf63        0xa contiki-cc2538dk.a(httpd-cgi.o)
 .rodata.last_ack
                0x0020cf6d        0x9 contiki-cc2538dk.a(httpd-cgi.o)
 .rodata.syn_sent
                0x0020cf76        0x9 contiki-cc2538dk.a(httpd-cgi.o)
 .rodata.running
                0x0020cf7f        0x8 contiki-cc2538dk.a(httpd-cgi.o)
 .rodata.closing
                0x0020cf87        0x8 contiki-cc2538dk.a(httpd-cgi.o)
 .rodata.none   0x0020cf8f        0x5 contiki-cc2538dk.a(httpd-cgi.o)
 .rodata.file_name
                0x0020cf94        0xb contiki-cc2538dk.a(httpd-cgi.o)
                0x0020cf9f                _etext = .

.glue_7         0x0020cfa0        0x0
 .glue_7        0x00000000        0x0 linker stubs

.glue_7t        0x0020cfa0        0x0
 .glue_7t       0x00000000        0x0 linker stubs

.vfp11_veneer   0x0020cfa0        0x0
 .vfp11_veneer  0x00000000        0x0 linker stubs

.v4_bx          0x0020cfa0        0x0
 .v4_bx         0x00000000        0x0 linker stubs

.iplt           0x0020cfa0        0x0
 .iplt          0x00000000        0x0 obj_cc2538dk/startup-gcc.o

.socdata        0x20000000       0x40
 *(SORT(.udma_channel_control_table))
 .udma_channel_control_table
                0x20000000       0x40 contiki-cc2538dk.a(udma.o)

.data           0x20000040      0x1ee load address 0x0020cfa0
                0x20000040                _data = .
 *(SORT(.data*))
 .data.sensors_process
                0x20000040       0x10 contiki-cc2538dk.a(sensors.o)
                0x20000040                sensors_process
 .data.sensors  0x20000050       0x24 contiki-cc2538dk.a(smartrf-sensors)
                0x20000050                sensors
 .data.cc2538_rf_process
                0x20000074       0x10 contiki-cc2538dk.a(cc2538-rf.o)
                0x20000074                cc2538_rf_process
 .data.ctxt     0x20000084        0x8 contiki-cc2538dk.a(dbg-printf.o)
 .data.ctimer_process
                0x2000008c       0x10 contiki-cc2538dk.a(ctimer.o)
                0x2000008c                ctimer_process
 .data.etimer_process
                0x2000009c       0x10 contiki-cc2538dk.a(etimer.o)
                0x2000009c                etimer_process
 .data.serial_line_process
                0x200000ac       0x10 contiki-cc2538dk.a(serial-line.o)
                0x200000ac                serial_line_process
 .data.ds6_neighbors
                0x200000bc        0x4 contiki-cc2538dk.a(uip-ds6-nbr.o)
                0x200000bc                ds6_neighbors
 .data.ds6_neighbors_struct
                0x200000c0       0x10 contiki-cc2538dk.a(uip-ds6-nbr.o)
 .data.defaultroutermemb
                0x200000d0        0xc contiki-cc2538dk.a(uip-ds6-route.o)
 .data.nbr_routes_struct
                0x200000dc       0x10 contiki-cc2538dk.a(uip-ds6-route.o)
 .data.routememb
                0x200000ec        0xc contiki-cc2538dk.a(uip-ds6-route.o)
 .data.neighborroutememb
                0x200000f8        0xc contiki-cc2538dk.a(uip-ds6-route.o)
 .data.echo_request_handler
                0x20000104        0xc contiki-cc2538dk.a(uip-icmp6.o)
 .data.echo_reply_handler
                0x20000110        0xc contiki-cc2538dk.a(uip-icmp6.o)
 .data.ns_input_handler
                0x2000011c        0xc contiki-cc2538dk.a(uip-nd6.o)
 .data.na_input_handler
                0x20000128        0xc contiki-cc2538dk.a(uip-nd6.o)
 .data.rpl_parents
                0x20000134        0x4 contiki-cc2538dk.a(rpl-dag.o)
                0x20000134                rpl_parents
 .data.rpl_parents_struct
                0x20000138       0x10 contiki-cc2538dk.a(rpl-dag.o)
 .data.dao_ack_handler
                0x20000148        0xc contiki-cc2538dk.a(rpl-icmp6.o)
 .data.dis_handler
                0x20000154        0xc contiki-cc2538dk.a(rpl-icmp6.o)
 .data.dao_handler
                0x20000160        0xc contiki-cc2538dk.a(rpl-icmp6.o)
 .data.dio_handler
                0x2000016c        0xc contiki-cc2538dk.a(rpl-icmp6.o)
 .data.rpl_mrhof
                0x20000178       0x1c contiki-cc2538dk.a(rpl-mrhof.o)
                0x20000178                rpl_mrhof
 .data.neighbor_addr_mem
                0x20000194        0xc contiki-cc2538dk.a(nbr-table.o)
 .data.bufmem   0x200001a0        0xc contiki-cc2538dk.a(queuebuf.o)
 .data.buframmem
                0x200001ac        0xc contiki-cc2538dk.a(queuebuf.o)
 .data.metadata_memb
                0x200001b8        0xc contiki-cc2538dk.a(csma.o)
 .data.neighbor_memb
                0x200001c4        0xc contiki-cc2538dk.a(csma.o)
 .data.packet_memb
                0x200001d0        0xc contiki-cc2538dk.a(csma.o)
 .data.tcpip_process
                0x200001dc       0x10 contiki-cc2538dk.a(tcpip.o)
                0x200001dc                tcpip_process
 .data.webserver_nogui_process
                0x200001ec       0x10 contiki-cc2538dk.a(webserver-nogui)
                0x200001ec                webserver_nogui_process
 .data.conns    0x200001fc        0xc contiki-cc2538dk.a(httpd.o)
 .data.proc     0x20000208        0xc contiki-cc2538dk.a(httpd-cgi.o)
 .data.tcp      0x20000214        0xc contiki-cc2538dk.a(httpd-cgi.o)
 .data.file     0x20000220        0xc contiki-cc2538dk.a(httpd-cgi.o)
 .data.rf_channel
                0x2000022c        0x1 contiki-cc2538dk.a(cc2538-rf.o)
 .data.dao_sequence
                0x2000022d        0x1 contiki-cc2538dk.a(rpl-icmp6.o)
                0x2000022e                _edata = .
                0x0020cfa0                _ldata = LOADADDR (.data)

.igot.plt       0x20000230        0x0 load address 0x0020d18e
 .igot.plt      0x00000000        0x0 obj_cc2538dk/startup-gcc.o

.ARM.exidx      0x0020d190        0x8
 *(SORT(.ARM.exidx*))
 .ARM.exidx     0x0020d190        0x8 /usr/bin/../lib/gcc/arm-none-eabi/4.9.3/armv7-m/libgcc.a(_divdi3.o)
 .ARM.exidx     0x0020d198        0x0 /usr/bin/../lib/gcc/arm-none-eabi/4.9.3/armv7-m/libgcc.a(_udivdi3.o)
                                  0x8 (size before relaxing)

.bss            0x20000230     0x2e17
                0x20000230                _bss = .
 *(SORT(.bss*))
 .bss.rt_ticks_startup
                0x20000230        0x8 contiki-cc2538dk.a(clock.o)
 .bss.rt_ticks_epoch
                0x20000238        0x8 contiki-cc2538dk.a(clock.o)
 .bss.i.4710    0x20000240        0x4 contiki-cc2538dk.a(sensors.o)
 .bss.events.4711
                0x20000244        0x4 contiki-cc2538dk.a(sensors.o)
 .bss.debouncetimer
                0x20000248        0x8 contiki-cc2538dk.a(button-sensor.o)
 .bss.next_trigger
                0x20000250        0x4 contiki-cc2538dk.a(rtimer-arch.o)
 .bss.input_handler
                0x20000254        0x8 contiki-cc2538dk.a(uart.o)
 .bss.interrupt_disable
                0x2000025c        0x4 contiki-cc2538dk.a(nvic.o)
 .bss.interrupt_pend
                0x20000260        0x4 contiki-cc2538dk.a(nvic.o)
 .bss.interrupt_unpend
                0x20000264        0x4 contiki-cc2538dk.a(nvic.o)
 .bss.interrupt_enable
                0x20000268        0x4 contiki-cc2538dk.a(nvic.o)
 .bss.gpio_callbacks
                0x2000026c       0x80 contiki-cc2538dk.a(gpio.o)
 .bss.ioc_sel   0x200002ec        0x4 contiki-cc2538dk.a(ioc.o)
 .bss.ioc_over  0x200002f0        0x4 contiki-cc2538dk.a(ioc.o)
 .bss.notification_process
                0x200002f4        0x4 contiki-cc2538dk.a(crypto.o)
 .bss.periph_permit_pm1_funcs
                0x200002f8        0xc contiki-cc2538dk.a(lpm.o)
 .bss.ctimer_list_list
                0x20000304        0x4 contiki-cc2538dk.a(ctimer.o)
 .bss.timerlist
                0x20000308        0x4 contiki-cc2538dk.a(etimer.o)
 .bss.next_expiration
                0x2000030c        0x4 contiki-cc2538dk.a(etimer.o)
 .bss.data.5352
                0x20000310        0x4 contiki-cc2538dk.a(process.o)
 .bss.process_current
                0x20000314        0x4 contiki-cc2538dk.a(process.o)
                0x20000314                process_current
 .bss.p.5354    0x20000318        0x4 contiki-cc2538dk.a(process.o)
 .bss.process_list
                0x2000031c        0x4 contiki-cc2538dk.a(process.o)
                0x2000031c                process_list
 .bss.events    0x20000320      0x180 contiki-cc2538dk.a(process.o)
 .bss.receiver.5353
                0x200004a0        0x4 contiki-cc2538dk.a(process.o)
 .bss.next_rtimer
                0x200004a4        0x4 contiki-cc2538dk.a(rtimer.o)
 .bss.rxbuf     0x200004a8        0x8 contiki-cc2538dk.a(serial-line.o)
 .bss.ptr.4695  0x200004b0        0x4 contiki-cc2538dk.a(serial-line.o)
 .bss.context   0x200004b4        0x4 contiki-cc2538dk.a(sicslowpan.o)
 .bss.last_rssi
                0x200004b8        0x4 contiki-cc2538dk.a(sicslowpan.o)
 .bss.hc06_ptr  0x200004bc        0x4 contiki-cc2538dk.a(sicslowpan.o)
 .bss.reass_timer
                0x200004c0        0x8 contiki-cc2538dk.a(sicslowpan.o)
 .bss.packetbuf_ptr
                0x200004c8        0x4 contiki-cc2538dk.a(sicslowpan.o)
 .bss.packetbuf_payload_len
                0x200004cc        0x4 contiki-cc2538dk.a(sicslowpan.o)
 .bss.last_tx_status
                0x200004d0        0x4 contiki-cc2538dk.a(sicslowpan.o)
 .bss.sicslowpan_aligned_buf
                0x200004d4      0x514 contiki-cc2538dk.a(sicslowpan.o)
 .bss.callback  0x200009e8        0x4 contiki-cc2538dk.a(sicslowpan.o)
 .bss.locmaddr  0x200009ec        0x4 contiki-cc2538dk.a(uip-ds6.o)
 .bss.locprefix
                0x200009f0        0x4 contiki-cc2538dk.a(uip-ds6.o)
 .bss.locaddr   0x200009f4        0x4 contiki-cc2538dk.a(uip-ds6.o)
 .bss._ds6_neighbors_mem
                0x200009f8      0x320 contiki-cc2538dk.a(uip-ds6-nbr.o)
 .bss.defaultroutermemb_memb_mem
                0x20000d18       0x40 contiki-cc2538dk.a(uip-ds6-route.o)
 .bss.num_routes
                0x20000d58        0x4 contiki-cc2538dk.a(uip-ds6-route.o)
 .bss.defaultrouterlist_list
                0x20000d5c        0x4 contiki-cc2538dk.a(uip-ds6-route.o)
 .bss._nbr_routes_mem
                0x20000d60       0xa0 contiki-cc2538dk.a(uip-ds6-route.o)
 .bss.routelist_list
                0x20000e00        0x4 contiki-cc2538dk.a(uip-ds6-route.o)
 .bss.routememb_memb_mem
                0x20000e04      0x320 contiki-cc2538dk.a(uip-ds6-route.o)
 .bss.neighborroutememb_memb_mem
                0x20001124       0xa0 contiki-cc2538dk.a(uip-ds6-route.o)
 .bss.notificationlist_list
                0x200011c4        0x4 contiki-cc2538dk.a(uip-ds6-route.o)
 .bss.echo_reply_callback_list_list
                0x200011c8        0x4 contiki-cc2538dk.a(uip-icmp6.o)
 .bss.input_handler_list_list
                0x200011cc        0x4 contiki-cc2538dk.a(uip-icmp6.o)
 .bss.defrt     0x200011d0        0x4 contiki-cc2538dk.a(uip-nd6.o)
 .bss.nbr       0x200011d4        0x4 contiki-cc2538dk.a(uip-nd6.o)
 .bss.nd6_opt_llao
                0x200011d8        0x4 contiki-cc2538dk.a(uip-nd6.o)
 .bss.addr      0x200011dc        0x4 contiki-cc2538dk.a(uip-nd6.o)
 .bss._rpl_parents_mem
                0x200011e0      0x190 contiki-cc2538dk.a(rpl-dag.o)
 .bss.periodic_timer
                0x20001370       0x20 contiki-cc2538dk.a(rpl-timers.o)
 .bss.nbr_table_keys_list
                0x20001390        0x4 contiki-cc2538dk.a(nbr-table.o)
 .bss.neighbor_addr_mem_memb_mem
                0x20001394       0xf0 contiki-cc2538dk.a(nbr-table.o)
 .bss.all_tables
                0x20001484       0x20 contiki-cc2538dk.a(nbr-table.o)
 .bss.num_tables
                0x200014a4        0x4 contiki-cc2538dk.a(nbr-table.o)
 .bss.packetbufptr
                0x200014a8        0x4 contiki-cc2538dk.a(packetbuf.o)
 .bss.packetbuf_aligned
                0x200014ac       0xb0 contiki-cc2538dk.a(packetbuf.o)
 .bss.bufmem_memb_mem
                0x2000155c       0x20 contiki-cc2538dk.a(queuebuf.o)
 .bss.cycle_start
                0x2000157c        0x4 contiki-cc2538dk.a(contikimac.o)
 .bss.we_are_receiving_burst
                0x20001580        0x4 contiki-cc2538dk.a(contikimac.o)
 .bss.rt        0x20001584        0xc contiki-cc2538dk.a(contikimac.o)
 .bss.start.6966
                0x20001590        0x4 contiki-cc2538dk.a(contikimac.o)
 .bss.ct.7040   0x20001594       0x20 contiki-cc2538dk.a(contikimac.o)
 .bss.metadata_memb_memb_mem
                0x200015b4       0x60 contiki-cc2538dk.a(csma.o)
 .bss.neighbor_list_list
                0x20001614        0x4 contiki-cc2538dk.a(csma.o)
 .bss.packet_memb_memb_mem
                0x20001618       0x60 contiki-cc2538dk.a(csma.o)
 .bss.neighbor_memb_memb_mem
                0x20001678       0x70 contiki-cc2538dk.a(csma.o)
 .bss.s         0x200016e8       0x44 contiki-cc2538dk.a(tcpip.o)
 .bss.periodic  0x2000172c       0x10 contiki-cc2538dk.a(tcpip.o)
 .bss.outputfunc
                0x2000173c        0x4 contiki-cc2538dk.a(tcpip.o)
 .bss.ptr.6907  0x20001740        0x4 contiki-cc2538dk.a(httpd.o)
 .bss.conns_memb_mem
                0x20001744      0x580 contiki-cc2538dk.a(httpd.o)
 .bss.calls     0x20001cc4        0x4 contiki-cc2538dk.a(httpd-cgi.o)
 .bss.reass_tag
                0x20001cc8        0x2 contiki-cc2538dk.a(sicslowpan.o)
 .bss.sicslowpan_len
                0x20001cca        0x2 contiki-cc2538dk.a(sicslowpan.o)
 .bss.my_tag    0x20001ccc        0x2 contiki-cc2538dk.a(sicslowpan.o)
 .bss.processed_ip_in_len
                0x20001cce        0x2 contiki-cc2538dk.a(sicslowpan.o)
 .bss.tmp16     0x20001cd0        0x2 contiki-cc2538dk.a(uip6.o)
 .bss.lastport  0x20001cd2        0x2 contiki-cc2538dk.a(uip6.o)
 .bss.loc_fipaddr
                0x20001cd4       0x10 contiki-cc2538dk.a(uip-ds6.o)
 .bss.tmp_ipaddr
                0x20001ce4       0x10 contiki-cc2538dk.a(uip-icmp6.o)
 .bss.next_dis  0x20001cf4        0x2 contiki-cc2538dk.a(rpl-timers.o)
 .bss.buflen    0x20001cf6        0x2 contiki-cc2538dk.a(packetbuf.o)
 .bss.bufptr    0x20001cf8        0x2 contiki-cc2538dk.a(packetbuf.o)
 .bss.buframmem_memb_mem
                0x20001cfa      0x580 contiki-cc2538dk.a(queuebuf.o)
 .bss.pt        0x2000227a        0x2 contiki-cc2538dk.a(contikimac.o)
 .bss.seqno.6225
                0x2000227c        0x2 contiki-cc2538dk.a(csma.o)
 .bss.count     0x2000227e       0x14 contiki-cc2538dk.a(httpd-fs.o)
 .bss.num_sensors
                0x20002292        0x1 contiki-cc2538dk.a(sensors.o)
 .bss.rf_flags  0x20002293        0x1 contiki-cc2538dk.a(cc2538-rf.o)
 .bss.max_pm    0x20002294        0x1 contiki-cc2538dk.a(lpm.o)
 .bss.initialized
                0x20002295        0x1 contiki-cc2538dk.a(ctimer.o)
 .bss.snum.5369
                0x20002296        0x1 contiki-cc2538dk.a(process.o)
 .bss.fevent    0x20002297        0x1 contiki-cc2538dk.a(process.o)
 .bss.ev.5351   0x20002298        0x1 contiki-cc2538dk.a(process.o)
 .bss.nevents   0x20002299        0x1 contiki-cc2538dk.a(process.o)
 .bss.poll_requested
                0x2000229a        0x1 contiki-cc2538dk.a(process.o)
 .bss.lastevent
                0x2000229b        0x1 contiki-cc2538dk.a(process.o)
 .bss.rxbuf_data
                0x2000229c       0x80 contiki-cc2538dk.a(serial-line.o)
 .bss.overflow.4688
                0x2000231c        0x1 contiki-cc2538dk.a(serial-line.o)
 .bss.buf.4694  0x2000231d       0x80 contiki-cc2538dk.a(serial-line.o)
 .bss.uncomp_hdr_len
                0x2000239d        0x1 contiki-cc2538dk.a(sicslowpan.o)
 .bss.addr_contexts
                0x2000239e        0xa contiki-cc2538dk.a(sicslowpan.o)
 .bss.packetbuf_hdr_len
                0x200023a8        0x1 contiki-cc2538dk.a(sicslowpan.o)
 .bss.uip_ext_len
                0x200023a9        0x1 contiki-cc2538dk.a(uip6.o)
                0x200023a9                uip_ext_len
 .bss.uip_ext_bitmap
                0x200023aa        0x1 contiki-cc2538dk.a(uip6.o)
                0x200023aa                uip_ext_bitmap
 .bss.iss       0x200023ab        0x4 contiki-cc2538dk.a(uip6.o)
 .bss.uip_ext_opt_offset
                0x200023af        0x1 contiki-cc2538dk.a(uip6.o)
                0x200023af                uip_ext_opt_offset
 .bss.c         0x200023b0        0x1 contiki-cc2538dk.a(uip6.o)
 .bss.opt       0x200023b1        0x1 contiki-cc2538dk.a(uip6.o)
 .bss.defaultroutermemb_memb_count
                0x200023b2        0x2 contiki-cc2538dk.a(uip-ds6-route.o)
 .bss.neighborroutememb_memb_count
                0x200023b4       0x14 contiki-cc2538dk.a(uip-ds6-route.o)
 .bss.routememb_memb_count
                0x200023c8       0x14 contiki-cc2538dk.a(uip-ds6-route.o)
 .bss.nd6_opt_offset
                0x200023dc        0x1 contiki-cc2538dk.a(uip-nd6.o)
 .bss.mode      0x200023dd        0x1 contiki-cc2538dk.a(rpl.o)
 .bss.dio_send_ok
                0x200023de        0x1 contiki-cc2538dk.a(rpl-timers.o)
 .bss.neighbor_addr_mem_memb_count
                0x200023df       0x14 contiki-cc2538dk.a(nbr-table.o)
 .bss.locked_map
                0x200023f3       0x14 contiki-cc2538dk.a(nbr-table.o)
 .bss.used_map  0x20002407       0x14 contiki-cc2538dk.a(nbr-table.o)
 .bss.hdrptr    0x2000241b        0x1 contiki-cc2538dk.a(packetbuf.o)
 .bss.buframmem_memb_count
                0x2000241c        0x8 contiki-cc2538dk.a(queuebuf.o)
 .bss.bufmem_memb_count
                0x20002424        0x8 contiki-cc2538dk.a(queuebuf.o)
 .bss.mac_dsn   0x2000242c        0x1 contiki-cc2538dk.a(framer-802154.o)
 .bss.initialized
                0x2000242d        0x1 contiki-cc2538dk.a(framer-802154.o)
 .bss.radio_is_on
                0x2000242e        0x1 contiki-cc2538dk.a(contikimac.o)
 .bss.we_are_sending
                0x2000242f        0x1 contiki-cc2538dk.a(contikimac.o)
 .bss.contikimac_keep_radio_on
                0x20002430        0x1 contiki-cc2538dk.a(contikimac.o)
 .bss.periods.6968
                0x20002431        0x1 contiki-cc2538dk.a(contikimac.o)
 .bss.packet_seen.6960
                0x20002432        0x1 contiki-cc2538dk.a(contikimac.o)
 .bss.count.6961
                0x20002433        0x1 contiki-cc2538dk.a(contikimac.o)
 .bss.contikimac_is_on
                0x20002434        0x1 contiki-cc2538dk.a(contikimac.o)
 .bss.silence_periods.6967
                0x20002435        0x1 contiki-cc2538dk.a(contikimac.o)
 .bss.packet_memb_memb_count
                0x20002436        0x8 contiki-cc2538dk.a(csma.o)
 .bss.metadata_memb_memb_count
                0x2000243e        0x8 contiki-cc2538dk.a(csma.o)
 .bss.initialized.6224
                0x20002446        0x1 contiki-cc2538dk.a(csma.o)
 .bss.neighbor_memb_memb_count
                0x20002447        0x2 contiki-cc2538dk.a(csma.o)
 .bss.i.7043    0x20002449        0x1 contiki-cc2538dk.a(tcpip.o)
 .bss.i.7087    0x2000244a        0x1 contiki-cc2538dk.a(tcpip.o)
 .bss.i.7005    0x2000244b        0x1 contiki-cc2538dk.a(tcpip.o)
 .bss.i.7099    0x2000244c        0x1 contiki-cc2538dk.a(tcpip.o)
 .bss.received_seqnos
                0x2000244d       0x90 contiki-cc2538dk.a(mac-sequence.o)
 .bss.conns_memb_count
                0x200024dd        0x8 contiki-cc2538dk.a(httpd.o)
 .bss.leds      0x200024e5        0x1 contiki-cc2538dk.a(leds.o)
 *(SORT(COMMON))
 *fill*         0x200024e6        0x2 
 COMMON         0x200024e8      0x878 contiki-cc2538dk.a(uip6.o)
                0x200024e8                uip_len
                0x200024ec                uip_sappdata
                0x200024f0                uip_acc32
                0x200024f4                uip_lladdr
                0x200024fc                uip_aligned_buf
                0x20002a10                uip_flags
                0x20002a14                uip_next_hdr
                0x20002a18                uip_udp_conn
                0x20002a1c                uip_appdata
                0x20002a20                uip_conn
                0x20002a24                uip_conns
                0x20002c04                uip_icmp6_conns